Archive member included because of file (symbol)

C:\Users\payto\AppData\Local\arduino15\packages\arduino\hardware\sam\1.6.11\variants\arduino_due_x/libsam_sam3x8e_gcc_rel.a(pio.o)
                              C:\Users\payto\AppData\Local\Temp\VMBCore\arduino16x\8ad5fd75c0295da7d020563a7da94b9a\variant\variant.cpp.o (PIO_Configure)
C:\Users\payto\AppData\Local\arduino15\packages\arduino\hardware\sam\1.6.11\variants\arduino_due_x/libsam_sam3x8e_gcc_rel.a(pmc.o)
                              Servo\sam\Servo.cpp.o (pmc_enable_periph_clk)
C:\Users\payto\AppData\Local\arduino15\packages\arduino\hardware\sam\1.6.11\variants\arduino_due_x/libsam_sam3x8e_gcc_rel.a(tc.o)
                              Servo\sam\Servo.cpp.o (TC_Configure)
C:\Users\payto\AppData\Local\arduino15\packages\arduino\hardware\sam\1.6.11\variants\arduino_due_x/libsam_sam3x8e_gcc_rel.a(system_sam3xa.o)
                              C:\Users\payto\AppData\Local\Temp\VMBCore\arduino16x\8ad5fd75c0295da7d020563a7da94b9a\variant\variant.cpp.o (SystemInit)
C:\Users\payto\AppData\Local\arduino15\packages\arduino\hardware\sam\1.6.11\variants\arduino_due_x/libsam_sam3x8e_gcc_rel.a(startup_sam3xa.o)
                              (Reset_Handler)
C:\Users\payto\AppData\Local\arduino15\packages\arduino\hardware\sam\1.6.11\variants\arduino_due_x/libsam_sam3x8e_gcc_rel.a(adc.o)
                              C:\Users\payto\AppData\Local\Temp\VMBCore\arduino16x\8ad5fd75c0295da7d020563a7da94b9a\variant\variant.cpp.o (adc_init)
C:\Users\payto\AppData\Local\arduino15\packages\arduino\hardware\sam\1.6.11\variants\arduino_due_x/libsam_sam3x8e_gcc_rel.a(uotghs.o)
                              C:\Users\payto\AppData\Local\arduino15\packages\arduino\hardware\sam\1.6.11\variants\arduino_due_x/libsam_sam3x8e_gcc_rel.a(startup_sam3xa.o) (UOTGHS_Handler)
C:\Users\payto\AppData\Local\Temp\VMBuilds\talus-apiv0.1\arduino_due_x_dbg\Debug/core.a(cortex_handlers.c.o)
                              C:\Users\payto\AppData\Local\arduino15\packages\arduino\hardware\sam\1.6.11\variants\arduino_due_x/libsam_sam3x8e_gcc_rel.a(startup_sam3xa.o) (NMI_Handler)
C:\Users\payto\AppData\Local\Temp\VMBuilds\talus-apiv0.1\arduino_due_x_dbg\Debug/core.a(hooks.c.o)
                              C:\Users\payto\AppData\Local\Temp\VMBuilds\talus-apiv0.1\arduino_due_x_dbg\Debug/core.a(cortex_handlers.c.o) (sysTickHook)
C:\Users\payto\AppData\Local\Temp\VMBuilds\talus-apiv0.1\arduino_due_x_dbg\Debug/core.a(syscalls_sam3.c.o)
                              (_sbrk)
C:\Users\payto\AppData\Local\Temp\VMBuilds\talus-apiv0.1\arduino_due_x_dbg\Debug/core.a(wiring.c.o)
                              talus-apiv0.1.cpp.o (delay)
C:\Users\payto\AppData\Local\Temp\VMBuilds\talus-apiv0.1\arduino_due_x_dbg\Debug/core.a(wiring_analog.c.o)
                              C:\Users\payto\AppData\Local\Temp\VMBCore\arduino16x\8ad5fd75c0295da7d020563a7da94b9a\variant\variant.cpp.o (analogOutputInit)
C:\Users\payto\AppData\Local\Temp\VMBuilds\talus-apiv0.1\arduino_due_x_dbg\Debug/core.a(wiring_digital.c.o)
                              talus-apiv0.1.cpp.o (pinMode)
C:\Users\payto\AppData\Local\Temp\VMBuilds\talus-apiv0.1\arduino_due_x_dbg\Debug/core.a(main.cpp.o)
                              c:/users/payto/appdata/local/arduino15/packages/arduino/tools/arm-none-eabi-gcc/4.8.3-2014q1/bin/../lib/gcc/arm-none-eabi/4.8.3/../../../../arm-none-eabi/lib/armv7-m/crt0.o (main)
C:\Users\payto\AppData\Local\Temp\VMBuilds\talus-apiv0.1\arduino_due_x_dbg\Debug/core.a(Print.cpp.o)
                              talus-apiv0.1.cpp.o (Print::println(String const&))
C:\Users\payto\AppData\Local\Temp\VMBuilds\talus-apiv0.1\arduino_due_x_dbg\Debug/core.a(Reset.cpp.o)
                              C:\Users\payto\AppData\Local\Temp\VMBuilds\talus-apiv0.1\arduino_due_x_dbg\Debug/core.a(cortex_handlers.c.o) (tickReset)
C:\Users\payto\AppData\Local\Temp\VMBuilds\talus-apiv0.1\arduino_due_x_dbg\Debug/core.a(RingBuffer.cpp.o)
                              C:\Users\payto\AppData\Local\Temp\VMBCore\arduino16x\8ad5fd75c0295da7d020563a7da94b9a\variant\variant.cpp.o (RingBuffer::RingBuffer())
C:\Users\payto\AppData\Local\Temp\VMBuilds\talus-apiv0.1\arduino_due_x_dbg\Debug/core.a(Stream.cpp.o)
                              talus-apiv0.1.cpp.o (Stream::setTimeout(unsigned long))
C:\Users\payto\AppData\Local\Temp\VMBuilds\talus-apiv0.1\arduino_due_x_dbg\Debug/core.a(UARTClass.cpp.o)
                              talus-apiv0.1.cpp.o (UARTClass::available())
C:\Users\payto\AppData\Local\Temp\VMBuilds\talus-apiv0.1\arduino_due_x_dbg\Debug/core.a(USARTClass.cpp.o)
                              C:\Users\payto\AppData\Local\Temp\VMBCore\arduino16x\8ad5fd75c0295da7d020563a7da94b9a\variant\variant.cpp.o (USARTClass::USARTClass(Usart*, IRQn, unsigned long, RingBuffer*, RingBuffer*))
C:\Users\payto\AppData\Local\Temp\VMBuilds\talus-apiv0.1\arduino_due_x_dbg\Debug/core.a(watchdog.cpp.o)
[...]
Memory Configuration

Name             Origin             Length             Attributes
rom              0x00080000         0x00080000         xr
sram0            0x20000000         0x00010000         xrw
sram1            0x20080000         0x00008000         xrw
ram              0x20070000         0x00018000         xrw
*default*        0x00000000         0xffffffff

Linker script and memory map

LOAD c:/users/payto/appdata/local/arduino15/packages/arduino/tools/arm-none-eabi-gcc/4.8.3-2014q1/bin/../lib/gcc/arm-none-eabi/4.8.3/armv7-m/crti.o
LOAD c:/users/payto/appdata/local/arduino15/packages/arduino/tools/arm-none-eabi-gcc/4.8.3-2014q1/bin/../lib/gcc/arm-none-eabi/4.8.3/armv7-m/crtbegin.o
LOAD c:/users/payto/appdata/local/arduino15/packages/arduino/tools/arm-none-eabi-gcc/4.8.3-2014q1/bin/../lib/gcc/arm-none-eabi/4.8.3/../../../../arm-none-eabi/lib/armv7-m/crt0.o
START GROUP
LOAD talus-apiv0.1.cpp.o
LOAD Servo\avr\Servo.cpp.o
LOAD Servo\mbed\Servo.cpp.o
LOAD Servo\megaavr\Servo.cpp.o
LOAD Servo\nrf52\Servo.cpp.o
LOAD Servo\sam\Servo.cpp.o
LOAD Servo\samd\Servo.cpp.o
LOAD Servo\stm32f4\Servo.cpp.o
LOAD C:\Users\payto\AppData\Local\Temp\VMBCore\arduino16x\8ad5fd75c0295da7d020563a7da94b9a\variant\variant.cpp.o
LOAD C:\Users\payto\AppData\Local\arduino15\packages\arduino\hardware\sam\1.6.11\variants\arduino_due_x/libsam_sam3x8e_gcc_rel.a
LOAD C:\Users\payto\AppData\Local\Temp\VMBuilds\talus-apiv0.1\arduino_due_x_dbg\Debug/core.a
END GROUP
LOAD c:/users/payto/appdata/local/arduino15/packages/arduino/tools/arm-none-eabi-gcc/4.8.3-2014q1/bin/../lib/gcc/arm-none-eabi/4.8.3/../../../../arm-none-eabi/lib/armv7-m\libm.a
START GROUP
LOAD c:/users/payto/appdata/local/arduino15/packages/arduino/tools/arm-none-eabi-gcc/4.8.3-2014q1/bin/../lib/gcc/arm-none-eabi/4.8.3/armv7-m\libgcc.a
LOAD c:/users/payto/appdata/local/arduino15/packages/arduino/tools/arm-none-eabi-gcc/4.8.3-2014q1/bin/../lib/gcc/arm-none-eabi/4.8.3/../../../../arm-none-eabi/lib/armv7-m\libg.a
LOAD c:/users/payto/appdata/local/arduino15/packages/arduino/tools/arm-none-eabi-gcc/4.8.3-2014q1/bin/../lib/gcc/arm-none-eabi/4.8.3/../../../../arm-none-eabi/lib/armv7-m\libc.a
END GROUP
LOAD c:/users/payto/appdata/local/arduino15/packages/arduino/tools/arm-none-eabi-gcc/4.8.3-2014q1/bin/../lib/gcc/arm-none-eabi/4.8.3/armv7-m/crtend.o
LOAD c:/users/payto/appdata/local/arduino15/packages/arduino/tools/arm-none-eabi-gcc/4.8.3-2014q1/bin/../lib/gcc/arm-none-eabi/4.8.3/armv7-m/crtn.o

.text           0x00080000     0x697c
                0x00080000                . = ALIGN (0x4)
                0x00080000                _sfixed = .
 *(.vectors .vectors.*)
 .vectors       0x00080000       0xf4 C:\Users\payto\AppData\Local\arduino15\packages\arduino\hardware\sam\1.6.11\variants\arduino_due_x/libsam_sam3x8e_gcc_rel.a(startup_sam3xa.o)
                0x00080000                exception_table
 *(.text .text.* .gnu.linkonce.t.*)
 .text          0x000800f4       0x54 c:/users/payto/appdata/local/arduino15/packages/arduino/tools/arm-none-eabi-gcc/4.8.3-2014q1/bin/../lib/gcc/arm-none-eabi/4.8.3/armv7-m/crtbegin.o
 .text.__tcf_1  0x00080148       0x1c talus-apiv0.1.cpp.o
 .text.__tcf_0  0x00080164       0x1c talus-apiv0.1.cpp.o
 .text._Z13commandParser6String
                0x00080180       0x98 talus-apiv0.1.cpp.o
                0x00080180                commandParser(String)
 .text.startup._GLOBAL__sub_I_argArray
                0x00080218      0x10c talus-apiv0.1.cpp.o
 .text.setup    0x00080324      0x104 talus-apiv0.1.cpp.o
                0x00080324                setup
 .text.loop     0x00080428      0x208 talus-apiv0.1.cpp.o
                0x00080428                loop
 .text._ZL8_initISRP2Tcmm4IRQn
                0x00080630       0x50 Servo\sam\Servo.cpp.o
 .text._Z13Servo_Handler18timer16_Sequence_tP2Tch
                0x00080680      0x10c Servo\sam\Servo.cpp.o
                0x00080680                Servo_Handler(timer16_Sequence_t, Tc*, unsigned char)
 .text.TC3_Handler
                0x0008078c       0x10 Servo\sam\Servo.cpp.o
                0x0008078c                TC3_Handler
 .text.TC4_Handler
                0x0008079c       0x10 Servo\sam\Servo.cpp.o
                0x0008079c                TC4_Handler
 .text.TC5_Handler
                0x000807ac       0x10 Servo\sam\Servo.cpp.o
                0x000807ac                TC5_Handler
 .text.TC2_Handler
                0x000807bc       0x10 Servo\sam\Servo.cpp.o
                0x000807bc                TC2_Handler
 .text.TC0_Handler
                0x000807cc       0x10 Servo\sam\Servo.cpp.o
                0x000807cc                TC0_Handler
 .text._ZN5ServoC2Ev
                0x000807dc       0x40 Servo\sam\Servo.cpp.o
                0x000807dc                Servo::Servo()
                0x000807dc                Servo::Servo()
 .text._ZN5Servo6attachEiii
                0x0008081c       0xb8 Servo\sam\Servo.cpp.o
                0x0008081c                Servo::attach(int, int, int)
 .text._ZN5Servo6attachEi
                0x000808d4        0xc Servo\sam\Servo.cpp.o
                0x000808d4                Servo::attach(int)
 .text._ZN5Servo17writeMicrosecondsEi
                0x000808e0       0x4c Servo\sam\Servo.cpp.o
                0x000808e0                Servo::writeMicroseconds(int)
 .text._ZN5Servo5writeEi
                0x0008092c       0x42 Servo\sam\Servo.cpp.o
                0x0008092c                Servo::write(int)
 .text._Z11serialEventv
                0x0008096e        0x2 C:\Users\payto\AppData\Local\Temp\VMBCore\arduino16x\8ad5fd75c0295da7d020563a7da94b9a\variant\variant.cpp.o
                0x0008096e                serialEvent()
 .text.UART_Handler
                0x00080970        0xc C:\Users\payto\AppData\Local\Temp\VMBCore\arduino16x\8ad5fd75c0295da7d020563a7da94b9a\variant\variant.cpp.o
                0x00080970                UART_Handler
 .text._Z12serialEvent1v
                0x0008097c        0x2 C:\Users\payto\AppData\Local\Temp\VMBCore\arduino16x\8ad5fd75c0295da7d020563a7da94b9a\variant\variant.cpp.o
                0x0008097c                serialEvent1()
 .text._Z12serialEvent2v
                0x0008097e        0x2 C:\Users\payto\AppData\Local\Temp\VMBCore\arduino16x\8ad5fd75c0295da7d020563a7da94b9a\variant\variant.cpp.o
                0x0008097e                serialEvent2()
 .text._Z12serialEvent3v
                0x00080980        0x2 C:\Users\payto\AppData\Local\Temp\VMBCore\arduino16x\8ad5fd75c0295da7d020563a7da94b9a\variant\variant.cpp.o
                0x00080980                serialEvent3()
 *fill*         0x00080982        0x2 
 .text.USART0_Handler
                0x00080984        0xc C:\Users\payto\AppData\Local\Temp\VMBCore\arduino16x\8ad5fd75c0295da7d020563a7da94b9a\variant\variant.cpp.o
                0x00080984                USART0_Handler
 .text.USART1_Handler
                0x00080990        0xc C:\Users\payto\AppData\Local\Temp\VMBCore\arduino16x\8ad5fd75c0295da7d020563a7da94b9a\variant\variant.cpp.o
                0x00080990                USART1_Handler
 .text.USART3_Handler
                0x0008099c        0xc C:\Users\payto\AppData\Local\Temp\VMBCore\arduino16x\8ad5fd75c0295da7d020563a7da94b9a\variant\variant.cpp.o
                0x0008099c                USART3_Handler
 .text.init     0x000809a8      0x128 C:\Users\payto\AppData\Local\Temp\VMBCore\arduino16x\8ad5fd75c0295da7d020563a7da94b9a\variant\variant.cpp.o
                0x000809a8                init
 .text.startup._GLOBAL__sub_I_g_APinDescription
                0x00080ad0       0xd4 C:\Users\payto\AppData\Local\Temp\VMBCore\arduino16x\8ad5fd75c0295da7d020563a7da94b9a\variant\variant.cpp.o
 .text._Z14serialEventRunv
                0x00080ba4       0x44 C:\Users\payto\AppData\Local\Temp\VMBCore\arduino16x\8ad5fd75c0295da7d020563a7da94b9a\variant\variant.cpp.o
                0x00080ba4                serialEventRun()
 .text.PIO_PullUp
                0x00080be8        0xa C:\Users\payto\AppData\Local\arduino15\packages\arduino\hardware\sam\1.6.11\variants\arduino_due_x/libsam_sam3x8e_gcc_rel.a(pio.o)
                0x00080be8                PIO_PullUp
 .text.PIO_SetPeripheral
                0x00080bf2       0x26 C:\Users\payto\AppData\Local\arduino15\packages\arduino\hardware\sam\1.6.11\variants\arduino_due_x/libsam_sam3x8e_gcc_rel.a(pio.o)
                0x00080bf2                PIO_SetPeripheral
 .text.PIO_SetInput
                0x00080c18       0x26 C:\Users\payto\AppData\Local\arduino15\packages\arduino\hardware\sam\1.6.11\variants\arduino_due_x/libsam_sam3x8e_gcc_rel.a(pio.o)
                0x00080c18                PIO_SetInput
 .text.PIO_SetOutput
                0x00080c3e       0x24 C:\Users\payto\AppData\Local\arduino15\packages\arduino\hardware\sam\1.6.11\variants\arduino_due_x/libsam_sam3x8e_gcc_rel.a(pio.o)
                0x00080c3e                PIO_SetOutput
 *fill*         0x00080c62        0x2 
 .text.PIO_Configure
                0x00080c64       0x64 C:\Users\payto\AppData\Local\arduino15\packages\arduino\hardware\sam\1.6.11\variants\arduino_due_x/libsam_sam3x8e_gcc_rel.a(pio.o)
                0x00080c64                PIO_Configure
 .text.PIO_GetOutputDataStatus
                0x00080cc8       0x14 C:\Users\payto\AppData\Local\arduino15\packages\arduino\hardware\sam\1.6.11\variants\arduino_due_x/libsam_sam3x8e_gcc_rel.a(pio.o)
                0x00080cc8                PIO_GetOutputDataStatus
 .text.pmc_enable_upll_clock
                0x00080cdc       0x14 C:\Users\payto\AppData\Local\arduino15\packages\arduino\hardware\sam\1.6.11\variants\arduino_due_x/libsam_sam3x8e_gcc_rel.a(pmc.o)
                0x00080cdc                pmc_enable_upll_clock
 .text.pmc_enable_periph_clk
                0x00080cf0       0x44 C:\Users\payto\AppData\Local\arduino15\packages\arduino\hardware\sam\1.6.11\variants\arduino_due_x/libsam_sam3x8e_gcc_rel.a(pmc.o)
                0x00080cf0                pmc_enable_periph_clk
 .text.pmc_disable_periph_clk
                0x00080d34       0x40 C:\Users\payto\AppData\Local\arduino15\packages\arduino\hardware\sam\1.6.11\variants\arduino_due_x/libsam_sam3x8e_gcc_rel.a(pmc.o)
                0x00080d34                pmc_disable_periph_clk
 .text.pmc_switch_udpck_to_upllck
                0x00080d74       0x14 C:\Users\payto\AppData\Local\arduino15\packages\arduino\hardware\sam\1.6.11\variants\arduino_due_x/libsam_sam3x8e_gcc_rel.a(pmc.o)
                0x00080d74                pmc_switch_udpck_to_upllck
 .text.pmc_enable_udpck
                0x00080d88        0xc C:\Users\payto\AppData\Local\arduino15\packages\arduino\hardware\sam\1.6.11\variants\arduino_due_x/libsam_sam3x8e_gcc_rel.a(pmc.o)
                0x00080d88                pmc_enable_udpck
 .text.TC_Configure
                0x00080d94       0x38 C:\Users\payto\AppData\Local\arduino15\packages\arduino\hardware\sam\1.6.11\variants\arduino_due_x/libsam_sam3x8e_gcc_rel.a(tc.o)
                0x00080d94                TC_Configure
 .text.TC_Start
                0x00080dcc       0x2c C:\Users\payto\AppData\Local\arduino15\packages\arduino\hardware\sam\1.6.11\variants\arduino_due_x/libsam_sam3x8e_gcc_rel.a(tc.o)
                0x00080dcc                TC_Start
 .text.TC_SetRA
                0x00080df8        0x8 C:\Users\payto\AppData\Local\arduino15\packages\arduino\hardware\sam\1.6.11\variants\arduino_due_x/libsam_sam3x8e_gcc_rel.a(tc.o)
                0x00080df8                TC_SetRA
 .text.SystemInit
                0x00080e00       0x88 C:\Users\payto\AppData\Local\arduino15\packages\arduino\hardware\sam\1.6.11\variants\arduino_due_x/libsam_sam3x8e_gcc_rel.a(system_sam3xa.o)
                0x00080e00                SystemInit
 .text.Reset_Handler
                0x00080e88       0x78 C:\Users\payto\AppData\Local\arduino15\packages\arduino\hardware\sam\1.6.11\variants\arduino_due_x/libsam_sam3x8e_gcc_rel.a(startup_sam3xa.o)
                0x00080e88                Reset_Handler
 .text.adc_init
                0x00080f00       0x98 C:\Users\payto\AppData\Local\arduino15\packages\arduino\hardware\sam\1.6.11\variants\arduino_due_x/libsam_sam3x8e_gcc_rel.a(adc.o)
                0x00080f00                adc_init
 .text.adc_configure_trigger
                0x00080f98        0xe C:\Users\payto\AppData\Local\arduino15\packages\arduino\hardware\sam\1.6.11\variants\arduino_due_x/libsam_sam3x8e_gcc_rel.a(adc.o)
                0x00080f98                adc_configure_trigger
 .text.adc_configure_timing
                0x00080fa6       0x1a C:\Users\payto\AppData\Local\arduino15\packages\arduino\hardware\sam\1.6.11\variants\arduino_due_x/libsam_sam3x8e_gcc_rel.a(adc.o)
                0x00080fa6                adc_configure_timing
 .text.adc_disable_channel
                0x00080fc0        0xa C:\Users\payto\AppData\Local\arduino15\packages\arduino\hardware\sam\1.6.11\variants\arduino_due_x/libsam_sam3x8e_gcc_rel.a(adc.o)
                0x00080fc0                adc_disable_channel
 .text.adc_disable_all_channel
                0x00080fca        0x8 C:\Users\payto\AppData\Local\arduino15\packages\arduino\hardware\sam\1.6.11\variants\arduino_due_x/libsam_sam3x8e_gcc_rel.a(adc.o)
                0x00080fca                adc_disable_all_channel
 .text.adc_disable_interrupt
                0x00080fd2        0x4 C:\Users\payto\AppData\Local\arduino15\packages\arduino\hardware\sam\1.6.11\variants\arduino_due_x/libsam_sam3x8e_gcc_rel.a(adc.o)
                0x00080fd2                adc_disable_interrupt
 *fill*         0x00080fd6        0x2 
 .text.UOTGHS_Handler
                0x00080fd8       0x10 C:\Users\payto\AppData\Local\arduino15\packages\arduino\hardware\sam\1.6.11\variants\arduino_due_x/libsam_sam3x8e_gcc_rel.a(uotghs.o)
                0x00080fd8                UOTGHS_Handler
 .text.__halt   0x00080fe8        0x2 C:\Users\payto\AppData\Local\Temp\VMBuilds\talus-apiv0.1\arduino_due_x_dbg\Debug/core.a(cortex_handlers.c.o)
                0x00080fe8                DACC_Handler
                0x00080fe8                DebugMon_Handler
                0x00080fe8                DMAC_Handler
                0x00080fe8                TRNG_Handler
                0x00080fe8                HardFault_Handler
                0x00080fe8                TWI1_Handler
                0x00080fe8                NMI_Handler
                0x00080fe8                TC7_Handler
                0x00080fe8                ADC_Handler
                0x00080fe8                SMC_Handler
                0x00080fe8                RTT_Handler
                0x00080fe8                EFC1_Handler
                0x00080fe8                PIOB_Handler
                0x00080fe8                RTC_Handler
                0x00080fe8                UsageFault_Handler
                0x00080fe8                TC6_Handler
                0x00080fe8                WDT_Handler
                0x00080fe8                CAN0_Handler
                0x00080fe8                TC1_Handler
                0x00080fe8                HSMCI_Handler
                0x00080fe8                TWI0_Handler
                0x00080fe8                PIOA_Handler
                0x00080fe8                SSC_Handler
                0x00080fe8                EFC0_Handler
                0x00080fe8                PMC_Handler
                0x00080fe8                PWM_Handler
                0x00080fe8                CAN1_Handler
                0x00080fe8                MemManage_Handler
                0x00080fe8                SUPC_Handler
                0x00080fe8                TC8_Handler
                0x00080fe8                USART2_Handler
                0x00080fe8                PIOD_Handler
                0x00080fe8                EMAC_Handler
                0x00080fe8                PIOC_Handler
                0x00080fe8                BusFault_Handler
                0x00080fe8                RSTC_Handler
                0x00080fe8                SPI0_Handler
 .text.SVC_Handler
                0x00080fea        0x4 C:\Users\payto\AppData\Local\Temp\VMBuilds\talus-apiv0.1\arduino_due_x_dbg\Debug/core.a(cortex_handlers.c.o)
                0x00080fea                SVC_Handler
 .text.PendSV_Handler
                0x00080fee        0x4 C:\Users\payto\AppData\Local\Temp\VMBuilds\talus-apiv0.1\arduino_due_x_dbg\Debug/core.a(cortex_handlers.c.o)
                0x00080fee                PendSV_Handler
 .text.SysTick_Handler
                0x00080ff2       0x16 C:\Users\payto\AppData\Local\Temp\VMBuilds\talus-apiv0.1\arduino_due_x_dbg\Debug/core.a(cortex_handlers.c.o)
                0x00080ff2                SysTick_Handler
 .text.__empty  0x00081008        0x2 C:\Users\payto\AppData\Local\Temp\VMBuilds\talus-apiv0.1\arduino_due_x_dbg\Debug/core.a(hooks.c.o)
                0x00081008                yield
 .text.__false  0x0008100a        0x4 C:\Users\payto\AppData\Local\Temp\VMBuilds\talus-apiv0.1\arduino_due_x_dbg\Debug/core.a(hooks.c.o)
                0x0008100a                sysTickHook
 .text.__halt   0x0008100e        0x2 C:\Users\payto\AppData\Local\Temp\VMBuilds\talus-apiv0.1\arduino_due_x_dbg\Debug/core.a(hooks.c.o)
                0x0008100e                svcHook
                0x0008100e                pendSVHook
 .text._sbrk    0x00081010       0x1c C:\Users\payto\AppData\Local\Temp\VMBuilds\talus-apiv0.1\arduino_due_x_dbg\Debug/core.a(syscalls_sam3.c.o)
                0x00081010                _sbrk
 .text.link     0x0008102c        0x6 C:\Users\payto\AppData\Local\Temp\VMBuilds\talus-apiv0.1\arduino_due_x_dbg\Debug/core.a(syscalls_sam3.c.o)
                0x0008102c                link
 .text._close   0x00081032        0x6 C:\Users\payto\AppData\Local\Temp\VMBuilds\talus-apiv0.1\arduino_due_x_dbg\Debug/core.a(syscalls_sam3.c.o)
                0x00081032                _close
 .text._fstat   0x00081038        0xa C:\Users\payto\AppData\Local\Temp\VMBuilds\talus-apiv0.1\arduino_due_x_dbg\Debug/core.a(syscalls_sam3.c.o)
                0x00081038                _fstat
 .text._isatty  0x00081042        0x4 C:\Users\payto\AppData\Local\Temp\VMBuilds\talus-apiv0.1\arduino_due_x_dbg\Debug/core.a(syscalls_sam3.c.o)
                0x00081042                _isatty
 .text._lseek   0x00081046        0x4 C:\Users\payto\AppData\Local\Temp\VMBuilds\talus-apiv0.1\arduino_due_x_dbg\Debug/core.a(syscalls_sam3.c.o)
                0x00081046                _lseek
 .text._read    0x0008104a        0x4 C:\Users\payto\AppData\Local\Temp\VMBuilds\talus-apiv0.1\arduino_due_x_dbg\Debug/core.a(syscalls_sam3.c.o)
                0x0008104a                _read
 *fill*         0x0008104e        0x2 
 .text._write   0x00081050       0x24 C:\Users\payto\AppData\Local\Temp\VMBuilds\talus-apiv0.1\arduino_due_x_dbg\Debug/core.a(syscalls_sam3.c.o)
                0x00081050                _write
 .text._exit    0x00081074       0x10 C:\Users\payto\AppData\Local\Temp\VMBuilds\talus-apiv0.1\arduino_due_x_dbg\Debug/core.a(syscalls_sam3.c.o)
                0x00081074                _exit
 .text._kill    0x00081084        0x2 C:\Users\payto\AppData\Local\Temp\VMBuilds\talus-apiv0.1\arduino_due_x_dbg\Debug/core.a(syscalls_sam3.c.o)
                0x00081084                _kill
 .text._getpid  0x00081086        0x6 C:\Users\payto\AppData\Local\Temp\VMBuilds\talus-apiv0.1\arduino_due_x_dbg\Debug/core.a(syscalls_sam3.c.o)
                0x00081086                _getpid
 .text.millis   0x0008108c        0x4 C:\Users\payto\AppData\Local\Temp\VMBuilds\talus-apiv0.1\arduino_due_x_dbg\Debug/core.a(wiring.c.o)
                0x0008108c                millis
 .text.delay    0x00081090       0x1c C:\Users\payto\AppData\Local\Temp\VMBuilds\talus-apiv0.1\arduino_due_x_dbg\Debug/core.a(wiring.c.o)
                0x00081090                delay
 .text.analogOutputInit
                0x000810ac        0x2 C:\Users\payto\AppData\Local\Temp\VMBuilds\talus-apiv0.1\arduino_due_x_dbg\Debug/core.a(wiring_analog.c.o)
                0x000810ac                analogOutputInit
 *fill*         0x000810ae        0x2 
 .text.pinMode  0x000810b0      0x108 C:\Users\payto\AppData\Local\Temp\VMBuilds\talus-apiv0.1\arduino_due_x_dbg\Debug/core.a(wiring_digital.c.o)
                0x000810b0                pinMode
 .text.digitalWrite
                0x000811b8       0x70 C:\Users\payto\AppData\Local\Temp\VMBuilds\talus-apiv0.1\arduino_due_x_dbg\Debug/core.a(wiring_digital.c.o)
                0x000811b8                digitalWrite
 .text.initVariant
                0x00081228        0x2 C:\Users\payto\AppData\Local\Temp\VMBuilds\talus-apiv0.1\arduino_due_x_dbg\Debug/core.a(main.cpp.o)
                0x00081228                initVariant
 *fill*         0x0008122a        0x2 
 .text.startup.main
                0x0008122c       0x38 C:\Users\payto\AppData\Local\Temp\VMBuilds\talus-apiv0.1\arduino_due_x_dbg\Debug/core.a(main.cpp.o)
                0x0008122c                main
 .text._ZN5Print5writeEPKhj
                0x00081264       0x22 C:\Users\payto\AppData\Local\Temp\VMBuilds\talus-apiv0.1\arduino_due_x_dbg\Debug/core.a(Print.cpp.o)
                0x00081264                Print::write(unsigned char const*, unsigned int)
 .text._ZN5Print5writeEPKc
                0x00081286       0x1e C:\Users\payto\AppData\Local\Temp\VMBuilds\talus-apiv0.1\arduino_due_x_dbg\Debug/core.a(Print.cpp.o)
                0x00081286                Print::write(char const*)
 .text._ZN5Print5printERK6String
                0x000812a4       0x10 C:\Users\payto\AppData\Local\Temp\VMBuilds\talus-apiv0.1\arduino_due_x_dbg\Debug/core.a(Print.cpp.o)
                0x000812a4                Print::print(String const&)
 .text._ZN5Print7printlnEv
                0x000812b4       0x10 C:\Users\payto\AppData\Local\Temp\VMBuilds\talus-apiv0.1\arduino_due_x_dbg\Debug/core.a(Print.cpp.o)
                0x000812b4                Print::println()
 .text._ZN5Print7printlnERK6String
                0x000812c4       0x14 C:\Users\payto\AppData\Local\Temp\VMBuilds\talus-apiv0.1\arduino_due_x_dbg\Debug/core.a(Print.cpp.o)
                0x000812c4                Print::println(String const&)
 .text._ZN5Print7printlnEPKc
                0x000812d8       0x14 C:\Users\payto\AppData\Local\Temp\VMBuilds\talus-apiv0.1\arduino_due_x_dbg\Debug/core.a(Print.cpp.o)
                0x000812d8                Print::println(char const*)
 .text.initiateReset
                0x000812ec        0xc C:\Users\payto\AppData\Local\Temp\VMBuilds\talus-apiv0.1\arduino_due_x_dbg\Debug/core.a(Reset.cpp.o)
                0x000812ec                initiateReset
 .text.cancelReset
                0x000812f8       0x10 C:\Users\payto\AppData\Local\Temp\VMBuilds\talus-apiv0.1\arduino_due_x_dbg\Debug/core.a(Reset.cpp.o)
                0x000812f8                cancelReset
 .text.tickReset
                0x00081308       0x20 C:\Users\payto\AppData\Local\Temp\VMBuilds\talus-apiv0.1\arduino_due_x_dbg\Debug/core.a(Reset.cpp.o)
                0x00081308                tickReset
 .text._ZN10RingBufferC2Ev
                0x00081328       0x1a C:\Users\payto\AppData\Local\Temp\VMBuilds\talus-apiv0.1\arduino_due_x_dbg\Debug/core.a(RingBuffer.cpp.o)
                0x00081328                RingBuffer::RingBuffer()
                0x00081328                RingBuffer::RingBuffer()
 .text._ZN10RingBuffer10store_charEh
                0x00081342       0x1e C:\Users\payto\AppData\Local\Temp\VMBuilds\talus-apiv0.1\arduino_due_x_dbg\Debug/core.a(RingBuffer.cpp.o)
                0x00081342                RingBuffer::store_char(unsigned char)
 .text._ZN6Stream9timedReadEv
                0x00081360       0x2a C:\Users\payto\AppData\Local\Temp\VMBuilds\talus-apiv0.1\arduino_due_x_dbg\Debug/core.a(Stream.cpp.o)
                0x00081360                Stream::timedRead()
 .text._ZN6Stream10setTimeoutEm
                0x0008138a        0x4 C:\Users\payto\AppData\Local\Temp\VMBuilds\talus-apiv0.1\arduino_due_x_dbg\Debug/core.a(Stream.cpp.o)
                0x0008138a                Stream::setTimeout(unsigned long)
 *fill*         0x0008138e        0x2 
 .text._ZN6Stream10readStringEv
                0x00081390       0x28 C:\Users\payto\AppData\Local\Temp\VMBuilds\talus-apiv0.1\arduino_due_x_dbg\Debug/core.a(Stream.cpp.o)
                0x00081390                Stream::readString()
 .text._ZN9UARTClasscvbEv
                0x000813b8        0x4 C:\Users\payto\AppData\Local\Temp\VMBuilds\talus-apiv0.1\arduino_due_x_dbg\Debug/core.a(UARTClass.cpp.o)
                0x000813b8                UARTClass::operator bool()
 .text._ZN9UARTClass9availableEv
                0x000813bc       0x12 C:\Users\payto\AppData\Local\Temp\VMBuilds\talus-apiv0.1\arduino_due_x_dbg\Debug/core.a(UARTClass.cpp.o)
                0x000813bc                UARTClass::available()
 .text._ZN9UARTClass4peekEv
                0x000813ce       0x1c C:\Users\payto\AppData\Local\Temp\VMBuilds\talus-apiv0.1\arduino_due_x_dbg\Debug/core.a(UARTClass.cpp.o)
                0x000813ce                UARTClass::peek()
 .text._ZN9UARTClass4readEv
                0x000813ea       0x2a C:\Users\payto\AppData\Local\Temp\VMBuilds\talus-apiv0.1\arduino_due_x_dbg\Debug/core.a(UARTClass.cpp.o)
                0x000813ea                UARTClass::read()
 .text._ZN9UARTClass5flushEv
                0x00081414       0x18 C:\Users\payto\AppData\Local\Temp\VMBuilds\talus-apiv0.1\arduino_due_x_dbg\Debug/core.a(UARTClass.cpp.o)
                0x00081414                UARTClass::flush()
 .text._ZN9UARTClass5writeEh
                0x0008142c       0x54 C:\Users\payto\AppData\Local\Temp\VMBuilds\talus-apiv0.1\arduino_due_x_dbg\Debug/core.a(UARTClass.cpp.o)
                0x0008142c                UARTClass::write(unsigned char)
 .text._ZN9UARTClass3endEv
                0x00081480       0x3c C:\Users\payto\AppData\Local\Temp\VMBuilds\talus-apiv0.1\arduino_due_x_dbg\Debug/core.a(UARTClass.cpp.o)
                0x00081480                UARTClass::end()
 .text._ZN9UARTClassC2EP4Uart4IRQnmP10RingBufferS4_
                0x000814bc       0x24 C:\Users\payto\AppData\Local\Temp\VMBuilds\talus-apiv0.1\arduino_due_x_dbg\Debug/core.a(UARTClass.cpp.o)
                0x000814bc                UARTClass::UARTClass(Uart*, IRQn, unsigned long, RingBuffer*, RingBuffer*)
                0x000814bc                UARTClass::UARTClass(Uart*, IRQn, unsigned long, RingBuffer*, RingBuffer*)
 .text._ZN9UARTClass4initEmm
                0x000814e0       0x70 C:\Users\payto\AppData\Local\Temp\VMBuilds\talus-apiv0.1\arduino_due_x_dbg\Debug/core.a(UARTClass.cpp.o)
                0x000814e0                UARTClass::init(unsigned long, unsigned long)
 .text._ZN9UARTClass5beginEm
                0x00081550        0x8 C:\Users\payto\AppData\Local\Temp\VMBuilds\talus-apiv0.1\arduino_due_x_dbg\Debug/core.a(UARTClass.cpp.o)
                0x00081550                UARTClass::begin(unsigned long)
 .text._ZN9UARTClass10IrqHandlerEv
                0x00081558       0x5a C:\Users\payto\AppData\Local\Temp\VMBuilds\talus-apiv0.1\arduino_due_x_dbg\Debug/core.a(UARTClass.cpp.o)
                0x00081558                UARTClass::IrqHandler()
 .text._ZN10USARTClass5beginEm
                0x000815b2        0x8 C:\Users\payto\AppData\Local\Temp\VMBuilds\talus-apiv0.1\arduino_due_x_dbg\Debug/core.a(USARTClass.cpp.o)
                0x000815b2                USARTClass::begin(unsigned long)
 *fill*         0x000815ba        0x2 
 .text._ZN10USARTClassC2EP5Usart4IRQnmP10RingBufferS4_
                0x000815bc       0x24 C:\Users\payto\AppData\Local\Temp\VMBuilds\talus-apiv0.1\arduino_due_x_dbg\Debug/core.a(USARTClass.cpp.o)
                0x000815bc                USARTClass::USARTClass(Usart*, IRQn, unsigned long, RingBuffer*, RingBuffer*)
                0x000815bc                USARTClass::USARTClass(Usart*, IRQn, unsigned long, RingBuffer*, RingBuffer*)
 .text._watchdogDefaultSetup
                0x000815e0        0xc C:\Users\payto\AppData\Local\Temp\VMBuilds\talus-apiv0.1\arduino_due_x_dbg\Debug/core.a(watchdog.cpp.o)
                0x000815e0                _watchdogDefaultSetup
                0x000815e0                watchdogSetup()
 .text._Z3maplllll
                0x000815ec       0x14 C:\Users\payto\AppData\Local\Temp\VMBuilds\talus-apiv0.1\arduino_due_x_dbg\Debug/core.a(WMath.cpp.o)
                0x000815ec                map(long, long, long, long, long)
 .text._ZNK6String14StringIfHelperEv
                0x00081600        0x2 C:\Users\payto\AppData\Local\Temp\VMBuilds\talus-apiv0.1\arduino_due_x_dbg\Debug/core.a(WString.cpp.o)
                0x00081600                String::StringIfHelper() const
 .text._ZN6StringD2Ev
                0x00081602        0xe C:\Users\payto\AppData\Local\Temp\VMBuilds\talus-apiv0.1\arduino_due_x_dbg\Debug/core.a(WString.cpp.o)
                0x00081602                String::~String()
                0x00081602                String::~String()
 .text._ZN6String10invalidateEv
                0x00081610       0x16 C:\Users\payto\AppData\Local\Temp\VMBuilds\talus-apiv0.1\arduino_due_x_dbg\Debug/core.a(WString.cpp.o)
                0x00081610                String::invalidate()
 .text._ZN6String12changeBufferEj
                0x00081626       0x18 C:\Users\payto\AppData\Local\Temp\VMBuilds\talus-apiv0.1\arduino_due_x_dbg\Debug/core.a(WString.cpp.o)
                0x00081626                String::changeBuffer(unsigned int)
 .text._ZN6String7reserveEj
                0x0008163e       0x22 C:\Users\payto\AppData\Local\Temp\VMBuilds\talus-apiv0.1\arduino_due_x_dbg\Debug/core.a(WString.cpp.o)
                0x0008163e                String::reserve(unsigned int)
 .text._ZN6String4copyEPKcj
                0x00081660       0x26 C:\Users\payto\AppData\Local\Temp\VMBuilds\talus-apiv0.1\arduino_due_x_dbg\Debug/core.a(WString.cpp.o)
                0x00081660                String::copy(char const*, unsigned int)
 .text._ZN6StringC2EPKc
                0x00081686       0x24 C:\Users\payto\AppData\Local\Temp\VMBuilds\talus-apiv0.1\arduino_due_x_dbg\Debug/core.a(WString.cpp.o)
                0x00081686                String::String(char const*)
                0x00081686                String::String(char const*)
 *fill*         0x000816aa        0x2 
 .text._ZN6String4moveERS_
                0x000816ac       0x44 C:\Users\payto\AppData\Local\Temp\VMBuilds\talus-apiv0.1\arduino_due_x_dbg\Debug/core.a(WString.cpp.o)
                0x000816ac                String::move(String&)
 .text._ZN6StringaSEOS_
                0x000816f0       0x10 C:\Users\payto\AppData\Local\Temp\VMBuilds\talus-apiv0.1\arduino_due_x_dbg\Debug/core.a(WString.cpp.o)
                0x000816f0                String::operator=(String&&)
 .text._ZN6StringaSEPKc
                0x00081700       0x22 C:\Users\payto\AppData\Local\Temp\VMBuilds\talus-apiv0.1\arduino_due_x_dbg\Debug/core.a(WString.cpp.o)
                0x00081700                String::operator=(char const*)
 .text._ZN6StringC2Eih
                0x00081722       0x24 C:\Users\payto\AppData\Local\Temp\VMBuilds\talus-apiv0.1\arduino_due_x_dbg\Debug/core.a(WString.cpp.o)
                0x00081722                String::String(int, unsigned char)
                0x00081722                String::String(int, unsigned char)
 .text._ZN6String6concatEPKcj
                0x00081746       0x2e C:\Users\payto\AppData\Local\Temp\VMBuilds\talus-apiv0.1\arduino_due_x_dbg\Debug/core.a(WString.cpp.o)
                0x00081746                String::concat(char const*, unsigned int)
 .text._ZN6String6concatEc
                0x00081774       0x1a C:\Users\payto\AppData\Local\Temp\VMBuilds\talus-apiv0.1\arduino_due_x_dbg\Debug/core.a(WString.cpp.o)
                0x00081774                String::concat(char)
 .text._ZplRK15StringSumHelperRK6String
                0x0008178e       0x1a C:\Users\payto\AppData\Local\Temp\VMBuilds\talus-apiv0.1\arduino_due_x_dbg\Debug/core.a(WString.cpp.o)
                0x0008178e                operator+(StringSumHelper const&, String const&)
 .text._ZplRK15StringSumHelperPKc
                0x000817a8       0x24 C:\Users\payto\AppData\Local\Temp\VMBuilds\talus-apiv0.1\arduino_due_x_dbg\Debug/core.a(WString.cpp.o)
                0x000817a8                operator+(StringSumHelper const&, char const*)
 .text._ZNK6String9compareToERKS_
                0x000817cc       0x2c C:\Users\payto\AppData\Local\Temp\VMBuilds\talus-apiv0.1\arduino_due_x_dbg\Debug/core.a(WString.cpp.o)
                0x000817cc                String::compareTo(String const&) const
 .text._ZNK6String6equalsERKS_
                0x000817f8       0x1c C:\Users\payto\AppData\Local\Temp\VMBuilds\talus-apiv0.1\arduino_due_x_dbg\Debug/core.a(WString.cpp.o)
                0x000817f8                String::equals(String const&) const
 .text._ZN6StringixEj
                0x00081814       0x1c C:\Users\payto\AppData\Local\Temp\VMBuilds\talus-apiv0.1\arduino_due_x_dbg\Debug/core.a(WString.cpp.o)
                0x00081814                String::operator[](unsigned int)
 .text._ZNK6String9substringEjj
                0x00081830       0x4c C:\Users\payto\AppData\Local\Temp\VMBuilds\talus-apiv0.1\arduino_due_x_dbg\Debug/core.a(WString.cpp.o)
                0x00081830                String::substring(unsigned int, unsigned int) const
 .text._ZNK6String5toIntEv
                0x0008187c        0xa C:\Users\payto\AppData\Local\Temp\VMBuilds\talus-apiv0.1\arduino_due_x_dbg\Debug/core.a(WString.cpp.o)
                0x0008187c                String::toInt() const
 *fill*         0x00081886        0x2 
 .text.unlikely._ZL11USB_SendZlpv
                0x00081888       0x20 C:\Users\payto\AppData\Local\Temp\VMBuilds\talus-apiv0.1\arduino_due_x_dbg\Debug/core.a(USBCore.cpp.o)
 .text._Z14USBD_Availablem
                0x000818a8       0x2c C:\Users\payto\AppData\Local\Temp\VMBuilds\talus-apiv0.1\arduino_due_x_dbg\Debug/core.a(USBCore.cpp.o)
                0x000818a8                USBD_Available(unsigned long)
 .text._Z9USBD_RecvmPvm
                0x000818d4       0x7c C:\Users\payto\AppData\Local\Temp\VMBuilds\talus-apiv0.1\arduino_due_x_dbg\Debug/core.a(USBCore.cpp.o)
                0x000818d4                USBD_Recv(unsigned long, void*, unsigned long)
 .text._Z9USBD_Recvm
                0x00081950       0x22 C:\Users\payto\AppData\Local\Temp\VMBuilds\talus-apiv0.1\arduino_due_x_dbg\Debug/core.a(USBCore.cpp.o)
                0x00081950                USBD_Recv(unsigned long)
 *fill*         0x00081972        0x2 
 .text._Z9USBD_SendmPKvm
                0x00081974       0x4c C:\Users\payto\AppData\Local\Temp\VMBuilds\talus-apiv0.1\arduino_due_x_dbg\Debug/core.a(USBCore.cpp.o)
                0x00081974                USBD_Send(unsigned long, void const*, unsigned long)
 .text._Z16USBD_SendControlhPKvm
                0x000819c0       0x40 C:\Users\payto\AppData\Local\Temp\VMBuilds\talus-apiv0.1\arduino_due_x_dbg\Debug/core.a(USBCore.cpp.o)
                0x000819c0                USBD_SendControl(unsigned char, void const*, unsigned long)
 .text.unlikely._ZL24USB_SendStringDescriptorPKhi
                0x00081a00       0x64 C:\Users\payto\AppData\Local\Temp\VMBuilds\talus-apiv0.1\arduino_due_x_dbg\Debug/core.a(USBCore.cpp.o)
 .text._Z16USBD_RecvControlPvm
                0x00081a64       0x1c C:\Users\payto\AppData\Local\Temp\VMBuilds\talus-apiv0.1\arduino_due_x_dbg\Debug/core.a(USBCore.cpp.o)
                0x00081a64                USBD_RecvControl(void*, unsigned long)
 .text._Z26USBD_ClassInterfaceRequestR8USBSetup
                0x00081a80       0x1e C:\Users\payto\AppData\Local\Temp\VMBuilds\talus-apiv0.1\arduino_due_x_dbg\Debug/core.a(USBCore.cpp.o)
                0x00081a80                USBD_ClassInterfaceRequest(USBSetup&)
 .text._Z19USBD_SendInterfacesv
                0x00081a9e       0x22 C:\Users\payto\AppData\Local\Temp\VMBuilds\talus-apiv0.1\arduino_due_x_dbg\Debug/core.a(USBCore.cpp.o)
                0x00081a9e                USBD_SendInterfaces()
 .text._Z24USBD_SendOtherInterfacesv
                0x00081ac0       0x22 C:\Users\payto\AppData\Local\Temp\VMBuilds\talus-apiv0.1\arduino_due_x_dbg\Debug/core.a(USBCore.cpp.o)
                0x00081ac0                USBD_SendOtherInterfaces()
 .text._Z10USBD_Flushm
                0x00081ae2       0x16 C:\Users\payto\AppData\Local\Temp\VMBuilds\talus-apiv0.1\arduino_due_x_dbg\Debug/core.a(USBCore.cpp.o)
                0x00081ae2                USBD_Flush(unsigned long)
 .text._ZN10USBDevice_C2Ev
                0x00081af8       0x24 C:\Users\payto\AppData\Local\Temp\VMBuilds\talus-apiv0.1\arduino_due_x_dbg\Debug/core.a(USBCore.cpp.o)
                0x00081af8                USBDevice_::USBDevice_()
                0x00081af8                USBDevice_::USBDevice_()
 .text._ZN10USBDevice_6attachEv
                0x00081b1c       0x20 C:\Users\payto\AppData\Local\Temp\VMBuilds\talus-apiv0.1\arduino_due_x_dbg\Debug/core.a(USBCore.cpp.o)
                0x00081b1c                USBDevice_::attach()
 .text.startup._GLOBAL__sub_I_EndPoints
                0x00081b3c        0xc C:\Users\payto\AppData\Local\Temp\VMBuilds\talus-apiv0.1\arduino_due_x_dbg\Debug/core.a(USBCore.cpp.o)
 .text._ZL7USB_ISRv
                0x00081b48      0x454 C:\Users\payto\AppData\Local\Temp\VMBuilds\talus-apiv0.1\arduino_due_x_dbg\Debug/core.a(USBCore.cpp.o)
 .text.ltoa     0x00081f9c       0x6e C:\Users\payto\AppData\Local\Temp\VMBuilds\talus-apiv0.1\arduino_due_x_dbg\Debug/core.a(itoa.c.o)
                0x00081f9c                ltoa
 .text.itoa     0x0008200a        0x4 C:\Users\payto\AppData\Local\Temp\VMBuilds\talus-apiv0.1\arduino_due_x_dbg\Debug/core.a(itoa.c.o)
                0x0008200a                itoa
 *fill*         0x0008200e        0x2 
 .text._ZN7Serial_9availableEv
                0x00082010       0x18 C:\Users\payto\AppData\Local\Temp\VMBuilds\talus-apiv0.1\arduino_due_x_dbg\Debug/core.a(CDC.cpp.o)
                0x00082010                Serial_::available()
 .text._ZN7Serial_17availableForWriteEv
                0x00082028        0x6 C:\Users\payto\AppData\Local\Temp\VMBuilds\talus-apiv0.1\arduino_due_x_dbg\Debug/core.a(CDC.cpp.o)
                0x00082028                Serial_::availableForWrite()
 *fill*         0x0008202e        0x2 
 .text._ZN7Serial_4peekEv
                0x00082030       0x20 C:\Users\payto\AppData\Local\Temp\VMBuilds\talus-apiv0.1\arduino_due_x_dbg\Debug/core.a(CDC.cpp.o)
                0x00082030                Serial_::peek()
 .text._ZN7Serial_5writeEh
                0x00082050       0x16 C:\Users\payto\AppData\Local\Temp\VMBuilds\talus-apiv0.1\arduino_due_x_dbg\Debug/core.a(CDC.cpp.o)
                0x00082050                Serial_::write(unsigned char)
 *fill*         0x00082066        0x2 
 .text._ZN7Serial_4readEv
                0x00082068       0x44 C:\Users\payto\AppData\Local\Temp\VMBuilds\talus-apiv0.1\arduino_due_x_dbg\Debug/core.a(CDC.cpp.o)
                0x00082068                Serial_::read()
 .text._ZN7Serial_5flushEv
                0x000820ac        0x6 C:\Users\payto\AppData\Local\Temp\VMBuilds\talus-apiv0.1\arduino_due_x_dbg\Debug/core.a(CDC.cpp.o)
                0x000820ac                Serial_::flush()
 *fill*         0x000820b2        0x2 
 .text._ZN7Serial_6acceptEv
                0x000820b4       0x70 C:\Users\payto\AppData\Local\Temp\VMBuilds\talus-apiv0.1\arduino_due_x_dbg\Debug/core.a(CDC.cpp.o)
                0x000820b4                Serial_::accept()
 .text._ZN7Serial_5writeEPKhj
                0x00082124       0x2c C:\Users\payto\AppData\Local\Temp\VMBuilds\talus-apiv0.1\arduino_due_x_dbg\Debug/core.a(CDC.cpp.o)
                0x00082124                Serial_::write(unsigned char const*, unsigned int)
 .text._Z16CDC_GetInterfacePh
                0x00082150       0x14 C:\Users\payto\AppData\Local\Temp\VMBuilds\talus-apiv0.1\arduino_due_x_dbg\Debug/core.a(CDC.cpp.o)
                0x00082150                CDC_GetInterface(unsigned char*)
 .text._Z21CDC_GetOtherInterfacePh
                0x00082164       0x14 C:\Users\payto\AppData\Local\Temp\VMBuilds\talus-apiv0.1\arduino_due_x_dbg\Debug/core.a(CDC.cpp.o)
                0x00082164                CDC_GetOtherInterface(unsigned char*)
 .text._Z9CDC_SetupR8USBSetup
                0x00082178       0x78 C:\Users\payto\AppData\Local\Temp\VMBuilds\talus-apiv0.1\arduino_due_x_dbg\Debug/core.a(CDC.cpp.o)
                0x00082178                CDC_Setup(USBSetup&)
 .text.startup._GLOBAL__sub_I_cdc_rx_buffer
                0x000821f0       0x1c C:\Users\payto\AppData\Local\Temp\VMBuilds\talus-apiv0.1\arduino_due_x_dbg\Debug/core.a(CDC.cpp.o)
 .text._ZN13PluggableUSB_12getInterfaceEPh
                0x0008220c       0x28 C:\Users\payto\AppData\Local\Temp\VMBuilds\talus-apiv0.1\arduino_due_x_dbg\Debug/core.a(PluggableUSB.cpp.o)
                0x0008220c                PluggableUSB_::getInterface(unsigned char*)
 .text._ZN13PluggableUSB_13getDescriptorER8USBSetup
                0x00082234       0x1c C:\Users\payto\AppData\Local\Temp\VMBuilds\talus-apiv0.1\arduino_due_x_dbg\Debug/core.a(PluggableUSB.cpp.o)
                0x00082234                PluggableUSB_::getDescriptor(USBSetup&)
 .text._ZN13PluggableUSB_12getShortNameEPc
                0x00082250       0x1c C:\Users\payto\AppData\Local\Temp\VMBuilds\talus-apiv0.1\arduino_due_x_dbg\Debug/core.a(PluggableUSB.cpp.o)
                0x00082250                PluggableUSB_::getShortName(char*)
 .text._ZN13PluggableUSB_5setupER8USBSetup
                0x0008226c       0x20 C:\Users\payto\AppData\Local\Temp\VMBuilds\talus-apiv0.1\arduino_due_x_dbg\Debug/core.a(PluggableUSB.cpp.o)
                0x0008226c                PluggableUSB_::setup(USBSetup&)
 .text._Z12PluggableUSBv
                0x0008228c       0x28 C:\Users\payto\AppData\Local\Temp\VMBuilds\talus-apiv0.1\arduino_due_x_dbg\Debug/core.a(PluggableUSB.cpp.o)
                0x0008228c                PluggableUSB()
 .text.TimeTick_Increment
                0x000822b4       0x10 C:\Users\payto\AppData\Local\arduino15\packages\arduino\hardware\sam\1.6.11\variants\arduino_due_x/libsam_sam3x8e_gcc_rel.a(timetick.o)
                0x000822b4                TimeTick_Increment
 .text.GetTickCount
                0x000822c4        0xc C:\Users\payto\AppData\Local\arduino15\packages\arduino\hardware\sam\1.6.11\variants\arduino_due_x/libsam_sam3x8e_gcc_rel.a(timetick.o)
                0x000822c4                GetTickCount
 .text.WDT_Disable
                0x000822d0        0x8 C:\Users\payto\AppData\Local\arduino15\packages\arduino\hardware\sam\1.6.11\variants\arduino_due_x/libsam_sam3x8e_gcc_rel.a(wdt.o)
                0x000822d0                WDT_Disable
 .text.UDD_SetStack
                0x000822d8        0xc C:\Users\payto\AppData\Local\arduino15\packages\arduino\hardware\sam\1.6.11\variants\arduino_due_x/libsam_sam3x8e_gcc_rel.a(uotghs_device.o)
                0x000822d8                UDD_SetStack
 .text.UDD_Init
                0x000822e4       0xd0 C:\Users\payto\AppData\Local\arduino15\packages\arduino\hardware\sam\1.6.11\variants\arduino_due_x/libsam_sam3x8e_gcc_rel.a(uotghs_device.o)
                0x000822e4                UDD_Init
 .text.UDD_Attach
                0x000823b4       0x50 C:\Users\payto\AppData\Local\arduino15\packages\arduino\hardware\sam\1.6.11\variants\arduino_due_x/libsam_sam3x8e_gcc_rel.a(uotghs_device.o)
                0x000823b4                UDD_Attach
 .text.UDD_InitEP
                0x00082404       0x2c C:\Users\payto\AppData\Local\arduino15\packages\arduino\hardware\sam\1.6.11\variants\arduino_due_x/libsam_sam3x8e_gcc_rel.a(uotghs_device.o)
                0x00082404                UDD_InitEP
 .text.UDD_InitEndpoints
                0x00082430       0x3c C:\Users\payto\AppData\Local\arduino15\packages\arduino\hardware\sam\1.6.11\variants\arduino_due_x/libsam_sam3x8e_gcc_rel.a(uotghs_device.o)
                0x00082430                UDD_InitEndpoints
 .text.UDD_WaitIN
                0x0008246c       0x10 C:\Users\payto\AppData\Local\arduino15\packages\arduino\hardware\sam\1.6.11\variants\arduino_due_x/libsam_sam3x8e_gcc_rel.a(uotghs_device.o)
                0x0008246c                UDD_WaitIN
 .text.UDD_WaitOUT
                0x0008247c       0x10 C:\Users\payto\AppData\Local\arduino15\packages\arduino\hardware\sam\1.6.11\variants\arduino_due_x/libsam_sam3x8e_gcc_rel.a(uotghs_device.o)
                0x0008247c                UDD_WaitOUT
 .text.UDD_ClearIN
                0x0008248c       0x18 C:\Users\payto\AppData\Local\arduino15\packages\arduino\hardware\sam\1.6.11\variants\arduino_due_x/libsam_sam3x8e_gcc_rel.a(uotghs_device.o)
                0x0008248c                UDD_ClearIN
 .text.UDD_ClearOUT
                0x000824a4       0x18 C:\Users\payto\AppData\Local\arduino15\packages\arduino\hardware\sam\1.6.11\variants\arduino_due_x/libsam_sam3x8e_gcc_rel.a(uotghs_device.o)
                0x000824a4                UDD_ClearOUT
 .text.UDD_ReceivedSetupInt
                0x000824bc       0x10 C:\Users\payto\AppData\Local\arduino15\packages\arduino\hardware\sam\1.6.11\variants\arduino_due_x/libsam_sam3x8e_gcc_rel.a(uotghs_device.o)
                0x000824bc                UDD_ReceivedSetupInt
 .text.UDD_ClearSetupInt
                0x000824cc       0x10 C:\Users\payto\AppData\Local\arduino15\packages\arduino\hardware\sam\1.6.11\variants\arduino_due_x/libsam_sam3x8e_gcc_rel.a(uotghs_device.o)
                0x000824cc                UDD_ClearSetupInt
 .text.UDD_Send
                0x000824dc       0x88 C:\Users\payto\AppData\Local\arduino15\packages\arduino\hardware\sam\1.6.11\variants\arduino_due_x/libsam_sam3x8e_gcc_rel.a(uotghs_device.o)
                0x000824dc                UDD_Send
 .text.UDD_Send8
                0x00082564       0x24 C:\Users\payto\AppData\Local\arduino15\packages\arduino\hardware\sam\1.6.11\variants\arduino_due_x/libsam_sam3x8e_gcc_rel.a(uotghs_device.o)
                0x00082564                UDD_Send8
 .text.UDD_Recv8
                0x00082588       0x28 C:\Users\payto\AppData\Local\arduino15\packages\arduino\hardware\sam\1.6.11\variants\arduino_due_x/libsam_sam3x8e_gcc_rel.a(uotghs_device.o)
                0x00082588                UDD_Recv8
 .text.UDD_Recv
                0x000825b0       0x34 C:\Users\payto\AppData\Local\arduino15\packages\arduino\hardware\sam\1.6.11\variants\arduino_due_x/libsam_sam3x8e_gcc_rel.a(uotghs_device.o)
                0x000825b0                UDD_Recv
 .text.UDD_Stall
                0x000825e4       0x14 C:\Users\payto\AppData\Local\arduino15\packages\arduino\hardware\sam\1.6.11\variants\arduino_due_x/libsam_sam3x8e_gcc_rel.a(uotghs_device.o)
                0x000825e4                UDD_Stall
 .text.UDD_FifoByteCount
                0x000825f8       0x14 C:\Users\payto\AppData\Local\arduino15\packages\arduino\hardware\sam\1.6.11\variants\arduino_due_x/libsam_sam3x8e_gcc_rel.a(uotghs_device.o)
                0x000825f8                UDD_FifoByteCount
 .text.UDD_ReleaseRX
                0x0008260c       0x28 C:\Users\payto\AppData\Local\arduino15\packages\arduino\hardware\sam\1.6.11\variants\arduino_due_x/libsam_sam3x8e_gcc_rel.a(uotghs_device.o)
                0x0008260c                UDD_ReleaseRX
 .text.UDD_ReleaseTX
                0x00082634       0x28 C:\Users\payto\AppData\Local\arduino15\packages\arduino\hardware\sam\1.6.11\variants\arduino_due_x/libsam_sam3x8e_gcc_rel.a(uotghs_device.o)
                0x00082634                UDD_ReleaseTX
 .text.UDD_SetAddress
                0x0008265c       0x20 C:\Users\payto\AppData\Local\arduino15\packages\arduino\hardware\sam\1.6.11\variants\arduino_due_x/libsam_sam3x8e_gcc_rel.a(uotghs_device.o)
                0x0008265c                UDD_SetAddress
 .text.__aeabi_atexit
                0x0008267c        0xc c:/users/payto/appdata/local/arduino15/packages/arduino/tools/arm-none-eabi-gcc/4.8.3-2014q1/bin/../lib/gcc/arm-none-eabi/4.8.3/../../../../arm-none-eabi/lib/armv7-m\libg.a(lib_a-aeabi_atexit.o)
                0x0008267c                __aeabi_atexit
 .text.__assert_func
                0x00082688       0x3c c:/users/payto/appdata/local/arduino15/packages/arduino/tools/arm-none-eabi-gcc/4.8.3-2014q1/bin/../lib/gcc/arm-none-eabi/4.8.3/../../../../arm-none-eabi/lib/armv7-m\libg.a(lib_a-assert.o)
                0x00082688                __assert_func
 .text.atol     0x000826c4        0x8 c:/users/payto/appdata/local/arduino15/packages/arduino/tools/arm-none-eabi-gcc/4.8.3-2014q1/bin/../lib/gcc/arm-none-eabi/4.8.3/../../../../arm-none-eabi/lib/armv7-m\libg.a(lib_a-atol.o)
                0x000826c4                atol
 .text.__cxa_atexit
                0x000826cc       0x14 c:/users/payto/appdata/local/arduino15/packages/arduino/tools/arm-none-eabi-gcc/4.8.3-2014q1/bin/../lib/gcc/arm-none-eabi/4.8.3/../../../../arm-none-eabi/lib/armv7-m\libg.a(lib_a-cxa_atexit.o)
                0x000826cc                __cxa_atexit
 .text.fiprintf
                0x000826e0       0x28 c:/users/payto/appdata/local/arduino15/packages/arduino/tools/arm-none-eabi-gcc/4.8.3-2014q1/bin/../lib/gcc/arm-none-eabi/4.8.3/../../../../arm-none-eabi/lib/armv7-m\libg.a(lib_a-fiprintf.o)
                0x000826e0                fiprintf
 .text.__libc_init_array
                0x00082708       0x50 c:/users/payto/appdata/local/arduino15/packages/arduino/tools/arm-none-eabi-gcc/4.8.3-2014q1/bin/../lib/gcc/arm-none-eabi/4.8.3/../../../../arm-none-eabi/lib/armv7-m\libg.a(lib_a-init.o)
                0x00082708                __libc_init_array
 .text.iprintf  0x00082758       0x28 c:/users/payto/appdata/local/arduino15/packages/arduino/tools/arm-none-eabi-gcc/4.8.3-2014q1/bin/../lib/gcc/arm-none-eabi/4.8.3/../../../../arm-none-eabi/lib/armv7-m\libg.a(lib_a-iprintf.o)
                0x00082758                iprintf
 .text.malloc   0x00082780       0x10 c:/users/payto/appdata/local/arduino15/packages/arduino/tools/arm-none-eabi-gcc/4.8.3-2014q1/bin/../lib/gcc/arm-none-eabi/4.8.3/../../../../arm-none-eabi/lib/armv7-m\libg.a(lib_a-malloc.o)
                0x00082780                malloc
 .text.free     0x00082790       0x10 c:/users/payto/appdata/local/arduino15/packages/arduino/tools/arm-none-eabi-gcc/4.8.3-2014q1/bin/../lib/gcc/arm-none-eabi/4.8.3/../../../../arm-none-eabi/lib/armv7-m\libg.a(lib_a-malloc.o)
                0x00082790                free
 .text._malloc_r
                0x000827a0      0x538 c:/users/payto/appdata/local/arduino15/packages/arduino/tools/arm-none-eabi-gcc/4.8.3-2014q1/bin/../lib/gcc/arm-none-eabi/4.8.3/../../../../arm-none-eabi/lib/armv7-m\libg.a(lib_a-mallocr.o)
                0x000827a0                _malloc_r
 .text          0x00082cd8       0xec c:/users/payto/appdata/local/arduino15/packages/arduino/tools/arm-none-eabi-gcc/4.8.3-2014q1/bin/../lib/gcc/arm-none-eabi/4.8.3/../../../../arm-none-eabi/lib/armv7-m\libg.a(lib_a-memcpy.o)
                0x00082cd8                memcpy
 .text.memmove  0x00082dc4       0xcc c:/users/payto/appdata/local/arduino15/packages/arduino/tools/arm-none-eabi-gcc/4.8.3-2014q1/bin/../lib/gcc/arm-none-eabi/4.8.3/../../../../arm-none-eabi/lib/armv7-m\libg.a(lib_a-memmove.o)
                0x00082dc4                memmove
 .text.memset   0x00082e90       0x94 c:/users/payto/appdata/local/arduino15/packages/arduino/tools/arm-none-eabi-gcc/4.8.3-2014q1/bin/../lib/gcc/arm-none-eabi/4.8.3/../../../../arm-none-eabi/lib/armv7-m\libg.a(lib_a-memset.o)
                0x00082e90                memset
 .text.__malloc_lock
                0x00082f24        0x4 c:/users/payto/appdata/local/arduino15/packages/arduino/tools/arm-none-eabi-gcc/4.8.3-2014q1/bin/../lib/gcc/arm-none-eabi/4.8.3/../../../../arm-none-eabi/lib/armv7-m\libg.a(lib_a-mlock.o)
                0x00082f24                __malloc_lock
 .text.__malloc_unlock
                0x00082f28        0x4 c:/users/payto/appdata/local/arduino15/packages/arduino/tools/arm-none-eabi-gcc/4.8.3-2014q1/bin/../lib/gcc/arm-none-eabi/4.8.3/../../../../arm-none-eabi/lib/armv7-m\libg.a(lib_a-mlock.o)
                0x00082f28                __malloc_unlock
 .text.realloc  0x00082f2c       0x10 c:/users/payto/appdata/local/arduino15/packages/arduino/tools/arm-none-eabi-gcc/4.8.3-2014q1/bin/../lib/gcc/arm-none-eabi/4.8.3/../../../../arm-none-eabi/lib/armv7-m\libg.a(lib_a-realloc.o)
                0x00082f2c                realloc
 .text._realloc_r
                0x00082f3c      0x3c0 c:/users/payto/appdata/local/arduino15/packages/arduino/tools/arm-none-eabi-gcc/4.8.3-2014q1/bin/../lib/gcc/arm-none-eabi/4.8.3/../../../../arm-none-eabi/lib/armv7-m\libg.a(lib_a-reallocr.o)
                0x00082f3c                _realloc_r
 .text._sbrk_r  0x000832fc       0x24 c:/users/payto/appdata/local/arduino15/packages/arduino/tools/arm-none-eabi-gcc/4.8.3-2014q1/bin/../lib/gcc/arm-none-eabi/4.8.3/../../../../arm-none-eabi/lib/armv7-m\libg.a(lib_a-sbrkr.o)
                0x000832fc                _sbrk_r
 .text          0x00083320      0x23c c:/users/payto/appdata/local/arduino15/packages/arduino/tools/arm-none-eabi-gcc/4.8.3-2014q1/bin/../lib/gcc/arm-none-eabi/4.8.3/../../../../arm-none-eabi/lib/armv7-m\libg.a(lib_a-strcmp.o)
                0x00083320                strcmp
 .text.strcpy   0x0008355c       0xbc c:/users/payto/appdata/local/arduino15/packages/arduino/tools/arm-none-eabi-gcc/4.8.3-2014q1/bin/../lib/gcc/arm-none-eabi/4.8.3/../../../../arm-none-eabi/lib/armv7-m\libg.a(lib_a-strcpy.o)
                0x0008355c                strcpy
 .text.strlen   0x00083618       0x60 c:/users/payto/appdata/local/arduino15/packages/arduino/tools/arm-none-eabi-gcc/4.8.3-2014q1/bin/../lib/gcc/arm-none-eabi/4.8.3/../../../../arm-none-eabi/lib/armv7-m\libg.a(lib_a-strlen.o)
                0x00083618                strlen
 .text._strtol_r
                0x00083678      0x114 c:/users/payto/appdata/local/arduino15/packages/arduino/tools/arm-none-eabi-gcc/4.8.3-2014q1/bin/../lib/gcc/arm-none-eabi/4.8.3/../../../../arm-none-eabi/lib/armv7-m\libg.a(lib_a-strtol.o)
                0x00083678                _strtol_r
 .text.strtol   0x0008378c       0x18 c:/users/payto/appdata/local/arduino15/packages/arduino/tools/arm-none-eabi-gcc/4.8.3-2014q1/bin/../lib/gcc/arm-none-eabi/4.8.3/../../../../arm-none-eabi/lib/armv7-m\libg.a(lib_a-strtol.o)
                0x0008378c                strtol
 .text.kill     0x000837a4       0x10 c:/users/payto/appdata/local/arduino15/packages/arduino/tools/arm-none-eabi-gcc/4.8.3-2014q1/bin/../lib/gcc/arm-none-eabi/4.8.3/../../../../arm-none-eabi/lib/armv7-m\libg.a(lib_a-syskill.o)
                0x000837a4                kill
 .text.__sprint_r.part.0
                0x000837b4       0x78 c:/users/payto/appdata/local/arduino15/packages/arduino/tools/arm-none-eabi-gcc/4.8.3-2014q1/bin/../lib/gcc/arm-none-eabi/4.8.3/../../../../arm-none-eabi/lib/armv7-m\libg.a(lib_a-vfiprintf.o)
 .text._vfiprintf_r
                0x0008382c      0xc54 c:/users/payto/appdata/local/arduino15/packages/arduino/tools/arm-none-eabi-gcc/4.8.3-2014q1/bin/../lib/gcc/arm-none-eabi/4.8.3/../../../../arm-none-eabi/lib/armv7-m\libg.a(lib_a-vfiprintf.o)
                0x0008382c                _vfiprintf_r
 .text.__sbprintf
                0x00084480       0x7c c:/users/payto/appdata/local/arduino15/packages/arduino/tools/arm-none-eabi-gcc/4.8.3-2014q1/bin/../lib/gcc/arm-none-eabi/4.8.3/../../../../arm-none-eabi/lib/armv7-m\libg.a(lib_a-vfiprintf.o)
 .text.__swsetup_r
                0x000844fc       0xc4 c:/users/payto/appdata/local/arduino15/packages/arduino/tools/arm-none-eabi-gcc/4.8.3-2014q1/bin/../lib/gcc/arm-none-eabi/4.8.3/../../../../arm-none-eabi/lib/armv7-m\libg.a(lib_a-wsetup.o)
                0x000844fc                __swsetup_r
 .text.__register_exitproc
                0x000845c0       0xa8 c:/users/payto/appdata/local/arduino15/packages/arduino/tools/arm-none-eabi-gcc/4.8.3-2014q1/bin/../lib/gcc/arm-none-eabi/4.8.3/../../../../arm-none-eabi/lib/armv7-m\libg.a(lib_a-__atexit.o)
                0x000845c0                __register_exitproc
 .text.startup.register_fini
                0x00084668       0x14 c:/users/payto/appdata/local/arduino15/packages/arduino/tools/arm-none-eabi-gcc/4.8.3-2014q1/bin/../lib/gcc/arm-none-eabi/4.8.3/../../../../arm-none-eabi/lib/armv7-m\libg.a(lib_a-__call_atexit.o)
 .text.abort    0x0008467c       0x10 c:/users/payto/appdata/local/arduino15/packages/arduino/tools/arm-none-eabi-gcc/4.8.3-2014q1/bin/../lib/gcc/arm-none-eabi/4.8.3/../../../../arm-none-eabi/lib/armv7-m\libg.a(lib_a-abort.o)
                0x0008467c                abort
 .text.atexit   0x0008468c        0xc c:/users/payto/appdata/local/arduino15/packages/arduino/tools/arm-none-eabi-gcc/4.8.3-2014q1/bin/../lib/gcc/arm-none-eabi/4.8.3/../../../../arm-none-eabi/lib/armv7-m\libg.a(lib_a-atexit.o)
                0x0008468c                atexit
 .text.__sflush_r
                0x00084698      0x148 c:/users/payto/appdata/local/arduino15/packages/arduino/tools/arm-none-eabi-gcc/4.8.3-2014q1/bin/../lib/gcc/arm-none-eabi/4.8.3/../../../../arm-none-eabi/lib/armv7-m\libg.a(lib_a-fflush.o)
                0x00084698                __sflush_r
 .text._fflush_r
                0x000847e0       0x2c c:/users/payto/appdata/local/arduino15/packages/arduino/tools/arm-none-eabi-gcc/4.8.3-2014q1/bin/../lib/gcc/arm-none-eabi/4.8.3/../../../../arm-none-eabi/lib/armv7-m\libg.a(lib_a-fflush.o)
                0x000847e0                _fflush_r
 .text._cleanup_r
                0x0008480c        0xc c:/users/payto/appdata/local/arduino15/packages/arduino/tools/arm-none-eabi-gcc/4.8.3-2014q1/bin/../lib/gcc/arm-none-eabi/4.8.3/../../../../arm-none-eabi/lib/armv7-m\libg.a(lib_a-findfp.o)
                0x0008480c                _cleanup_r
 .text.__sinit  0x00084818       0xf4 c:/users/payto/appdata/local/arduino15/packages/arduino/tools/arm-none-eabi-gcc/4.8.3-2014q1/bin/../lib/gcc/arm-none-eabi/4.8.3/../../../../arm-none-eabi/lib/armv7-m\libg.a(lib_a-findfp.o)
                0x00084818                __sinit
 .text.__sfp_lock_acquire
                0x0008490c        0x4 c:/users/payto/appdata/local/arduino15/packages/arduino/tools/arm-none-eabi-gcc/4.8.3-2014q1/bin/../lib/gcc/arm-none-eabi/4.8.3/../../../../arm-none-eabi/lib/armv7-m\libg.a(lib_a-findfp.o)
                0x0008490c                __sfp_lock_acquire
 .text.__sfp_lock_release
                0x00084910        0x4 c:/users/payto/appdata/local/arduino15/packages/arduino/tools/arm-none-eabi-gcc/4.8.3-2014q1/bin/../lib/gcc/arm-none-eabi/4.8.3/../../../../arm-none-eabi/lib/armv7-m\libg.a(lib_a-findfp.o)
                0x00084910                __sfp_lock_release
 .text.__libc_fini_array
                0x00084914       0x30 c:/users/payto/appdata/local/arduino15/packages/arduino/tools/arm-none-eabi-gcc/4.8.3-2014q1/bin/../lib/gcc/arm-none-eabi/4.8.3/../../../../arm-none-eabi/lib/armv7-m\libg.a(lib_a-fini.o)
                0x00084914                __libc_fini_array
 .text._fputwc_r
                0x00084944       0xc0 c:/users/payto/appdata/local/arduino15/packages/arduino/tools/arm-none-eabi-gcc/4.8.3-2014q1/bin/../lib/gcc/arm-none-eabi/4.8.3/../../../../arm-none-eabi/lib/armv7-m\libg.a(lib_a-fputwc.o)
                0x00084944                _fputwc_r
 .text._malloc_trim_r
                0x00084a04       0x9c c:/users/payto/appdata/local/arduino15/packages/arduino/tools/arm-none-eabi-gcc/4.8.3-2014q1/bin/../lib/gcc/arm-none-eabi/4.8.3/../../../../arm-none-eabi/lib/armv7-m\libg.a(lib_a-freer.o)
                0x00084a04                _malloc_trim_r
 .text._free_r  0x00084aa0      0x198 c:/users/payto/appdata/local/arduino15/packages/arduino/tools/arm-none-eabi-gcc/4.8.3-2014q1/bin/../lib/gcc/arm-none-eabi/4.8.3/../../../../arm-none-eabi/lib/armv7-m\libg.a(lib_a-freer.o)
                0x00084aa0                _free_r
 .text.__sfvwrite_r
                0x00084c38      0x314 c:/users/payto/appdata/local/arduino15/packages/arduino/tools/arm-none-eabi-gcc/4.8.3-2014q1/bin/../lib/gcc/arm-none-eabi/4.8.3/../../../../arm-none-eabi/lib/armv7-m\libg.a(lib_a-fvwrite.o)
                0x00084c38                __sfvwrite_r
 .text._fwalk   0x00084f4c       0x48 c:/users/payto/appdata/local/arduino15/packages/arduino/tools/arm-none-eabi-gcc/4.8.3-2014q1/bin/../lib/gcc/arm-none-eabi/4.8.3/../../../../arm-none-eabi/lib/armv7-m\libg.a(lib_a-fwalk.o)
                0x00084f4c                _fwalk
 .text.__locale_charset
                0x00084f94        0x8 c:/users/payto/appdata/local/arduino15/packages/arduino/tools/arm-none-eabi-gcc/4.8.3-2014q1/bin/../lib/gcc/arm-none-eabi/4.8.3/../../../../arm-none-eabi/lib/armv7-m\libg.a(lib_a-locale.o)
                0x00084f94                __locale_charset
 .text.__locale_mb_cur_max
                0x00084f9c        0xc c:/users/payto/appdata/local/arduino15/packages/arduino/tools/arm-none-eabi-gcc/4.8.3-2014q1/bin/../lib/gcc/arm-none-eabi/4.8.3/../../../../arm-none-eabi/lib/armv7-m\libg.a(lib_a-locale.o)
                0x00084f9c                __locale_mb_cur_max
 .text.__smakebuf_r
                0x00084fa8       0xe0 c:/users/payto/appdata/local/arduino15/packages/arduino/tools/arm-none-eabi-gcc/4.8.3-2014q1/bin/../lib/gcc/arm-none-eabi/4.8.3/../../../../arm-none-eabi/lib/armv7-m\libg.a(lib_a-makebuf.o)
                0x00084fa8                __smakebuf_r
 .text.memchr   0x00085088       0x94 c:/users/payto/appdata/local/arduino15/packages/arduino/tools/arm-none-eabi-gcc/4.8.3-2014q1/bin/../lib/gcc/arm-none-eabi/4.8.3/../../../../arm-none-eabi/lib/armv7-m\libg.a(lib_a-memchr-stub.o)
                0x00085088                memchr
 .text._raise_r
                0x0008511c       0x58 c:/users/payto/appdata/local/arduino15/packages/arduino/tools/arm-none-eabi-gcc/4.8.3-2014q1/bin/../lib/gcc/arm-none-eabi/4.8.3/../../../../arm-none-eabi/lib/armv7-m\libg.a(lib_a-signal.o)
                0x0008511c                _raise_r
 .text.raise    0x00085174       0x10 c:/users/payto/appdata/local/arduino15/packages/arduino/tools/arm-none-eabi-gcc/4.8.3-2014q1/bin/../lib/gcc/arm-none-eabi/4.8.3/../../../../arm-none-eabi/lib/armv7-m\libg.a(lib_a-signal.o)
                0x00085174                raise
 .text._kill_r  0x00085184       0x28 c:/users/payto/appdata/local/arduino15/packages/arduino/tools/arm-none-eabi-gcc/4.8.3-2014q1/bin/../lib/gcc/arm-none-eabi/4.8.3/../../../../arm-none-eabi/lib/armv7-m\libg.a(lib_a-signalr.o)
                0x00085184                _kill_r
 .text._getpid_r
                0x000851ac        0x4 c:/users/payto/appdata/local/arduino15/packages/arduino/tools/arm-none-eabi-gcc/4.8.3-2014q1/bin/../lib/gcc/arm-none-eabi/4.8.3/../../../../arm-none-eabi/lib/armv7-m\libg.a(lib_a-signalr.o)
                0x000851ac                _getpid_r
 .text.__sread  0x000851b0       0x24 c:/users/payto/appdata/local/arduino15/packages/arduino/tools/arm-none-eabi-gcc/4.8.3-2014q1/bin/../lib/gcc/arm-none-eabi/4.8.3/../../../../arm-none-eabi/lib/armv7-m\libg.a(lib_a-stdio.o)
                0x000851b0                __sread
 .text.__swrite
                0x000851d4       0x38 c:/users/payto/appdata/local/arduino15/packages/arduino/tools/arm-none-eabi-gcc/4.8.3-2014q1/bin/../lib/gcc/arm-none-eabi/4.8.3/../../../../arm-none-eabi/lib/armv7-m\libg.a(lib_a-stdio.o)
                0x000851d4                __swrite
 .text.__sseek  0x0008520c       0x20 c:/users/payto/appdata/local/arduino15/packages/arduino/tools/arm-none-eabi-gcc/4.8.3-2014q1/bin/../lib/gcc/arm-none-eabi/4.8.3/../../../../arm-none-eabi/lib/armv7-m\libg.a(lib_a-stdio.o)
                0x0008520c                __sseek
 .text.__sclose
                0x0008522c        0x8 c:/users/payto/appdata/local/arduino15/packages/arduino/tools/arm-none-eabi-gcc/4.8.3-2014q1/bin/../lib/gcc/arm-none-eabi/4.8.3/../../../../arm-none-eabi/lib/armv7-m\libg.a(lib_a-stdio.o)
                0x0008522c                __sclose
 .text.__swbuf_r
                0x00085234       0xa8 c:/users/payto/appdata/local/arduino15/packages/arduino/tools/arm-none-eabi-gcc/4.8.3-2014q1/bin/../lib/gcc/arm-none-eabi/4.8.3/../../../../arm-none-eabi/lib/armv7-m\libg.a(lib_a-wbuf.o)
                0x00085234                __swbuf_r
 .text._wcrtomb_r
                0x000852dc       0x50 c:/users/payto/appdata/local/arduino15/packages/arduino/tools/arm-none-eabi-gcc/4.8.3-2014q1/bin/../lib/gcc/arm-none-eabi/4.8.3/../../../../arm-none-eabi/lib/armv7-m\libg.a(lib_a-wcrtomb.o)
                0x000852dc                _wcrtomb_r
 .text.__ascii_wctomb
                0x0008532c       0x1c c:/users/payto/appdata/local/arduino15/packages/arduino/tools/arm-none-eabi-gcc/4.8.3-2014q1/bin/../lib/gcc/arm-none-eabi/4.8.3/../../../../arm-none-eabi/lib/armv7-m\libg.a(lib_a-wctomb_r.o)
                0x0008532c                __ascii_wctomb
 .text._write_r
                0x00085348       0x28 c:/users/payto/appdata/local/arduino15/packages/arduino/tools/arm-none-eabi-gcc/4.8.3-2014q1/bin/../lib/gcc/arm-none-eabi/4.8.3/../../../../arm-none-eabi/lib/armv7-m\libg.a(lib_a-writer.o)
                0x00085348                _write_r
 .text._close_r
                0x00085370       0x24 c:/users/payto/appdata/local/arduino15/packages/arduino/tools/arm-none-eabi-gcc/4.8.3-2014q1/bin/../lib/gcc/arm-none-eabi/4.8.3/../../../../arm-none-eabi/lib/armv7-m\libg.a(lib_a-closer.o)
                0x00085370                _close_r
 .text._fclose_r
                0x00085394       0x80 c:/users/payto/appdata/local/arduino15/packages/arduino/tools/arm-none-eabi-gcc/4.8.3-2014q1/bin/../lib/gcc/arm-none-eabi/4.8.3/../../../../arm-none-eabi/lib/armv7-m\libg.a(lib_a-fclose.o)
                0x00085394                _fclose_r
 .text.fclose   0x00085414       0x10 c:/users/payto/appdata/local/arduino15/packages/arduino/tools/arm-none-eabi-gcc/4.8.3-2014q1/bin/../lib/gcc/arm-none-eabi/4.8.3/../../../../arm-none-eabi/lib/armv7-m\libg.a(lib_a-fclose.o)
                0x00085414                fclose
 .text._fstat_r
                0x00085424       0x28 c:/users/payto/appdata/local/arduino15/packages/arduino/tools/arm-none-eabi-gcc/4.8.3-2014q1/bin/../lib/gcc/arm-none-eabi/4.8.3/../../../../arm-none-eabi/lib/armv7-m\libg.a(lib_a-fstatr.o)
                0x00085424                _fstat_r
 .text._isatty_r
                0x0008544c       0x24 c:/users/payto/appdata/local/arduino15/packages/arduino/tools/arm-none-eabi-gcc/4.8.3-2014q1/bin/../lib/gcc/arm-none-eabi/4.8.3/../../../../arm-none-eabi/lib/armv7-m\libg.a(lib_a-isattyr.o)
                0x0008544c                _isatty_r
 .text._lseek_r
                0x00085470       0x28 c:/users/payto/appdata/local/arduino15/packages/arduino/tools/arm-none-eabi-gcc/4.8.3-2014q1/bin/../lib/gcc/arm-none-eabi/4.8.3/../../../../arm-none-eabi/lib/armv7-m\libg.a(lib_a-lseekr.o)
                0x00085470                _lseek_r
 .text._read_r  0x00085498       0x28 c:/users/payto/appdata/local/arduino15/packages/arduino/tools/arm-none-eabi-gcc/4.8.3-2014q1/bin/../lib/gcc/arm-none-eabi/4.8.3/../../../../arm-none-eabi/lib/armv7-m\libg.a(lib_a-readr.o)
                0x00085498                _read_r
 .text          0x000854c0       0x2c c:/users/payto/appdata/local/arduino15/packages/arduino/tools/arm-none-eabi-gcc/4.8.3-2014q1/bin/../lib/gcc/arm-none-eabi/4.8.3/armv7-m\libgcc.a(_aeabi_uldivmod.o)
                0x000854c0                __aeabi_uldivmod
 .text          0x000854ec       0x60 c:/users/payto/appdata/local/arduino15/packages/arduino/tools/arm-none-eabi-gcc/4.8.3-2014q1/bin/../lib/gcc/arm-none-eabi/4.8.3/armv7-m\libgcc.a(bpabi.o)
                0x000854ec                __gnu_ldivmod_helper
                0x0008551c                __gnu_uldivmod_helper
 .text          0x0008554c        0x4 c:/users/payto/appdata/local/arduino15/packages/arduino/tools/arm-none-eabi-gcc/4.8.3-2014q1/bin/../lib/gcc/arm-none-eabi/4.8.3/armv7-m\libgcc.a(_dvmd_tls.o)
                0x0008554c                __aeabi_idiv0
                0x0008554c                __aeabi_ldiv0
 .text          0x00085550      0x2a0 c:/users/payto/appdata/local/arduino15/packages/arduino/tools/arm-none-eabi-gcc/4.8.3-2014q1/bin/../lib/gcc/arm-none-eabi/4.8.3/armv7-m\libgcc.a(_divdi3.o)
                0x00085550                __divdi3
 .text          0x000857f0      0x290 c:/users/payto/appdata/local/arduino15/packages/arduino/tools/arm-none-eabi-gcc/4.8.3-2014q1/bin/../lib/gcc/arm-none-eabi/4.8.3/armv7-m\libgcc.a(_udivdi3.o)
                0x000857f0                __udivdi3
 *(.glue_7t)
 .glue_7t       0x00000000        0x0 linker stubs
 *(.glue_7)
 .glue_7        0x00000000        0x0 linker stubs
 *(.rodata .rodata* .gnu.linkonce.r.*)
 .rodata.str1.1
                0x00085a80       0x99 talus-apiv0.1.cpp.o
                                 0x9a (size before relaxing)
 *fill*         0x00085b19        0x3 
 .rodata.g_APinDescription
                0x00085b1c      0xa2c C:\Users\payto\AppData\Local\Temp\VMBCore\arduino16x\8ad5fd75c0295da7d020563a7da94b9a\variant\variant.cpp.o
                0x00085b1c                g_APinDescription
 .rodata.__func__.6792
                0x00086548        0xd C:\Users\payto\AppData\Local\arduino15\packages\arduino\hardware\sam\1.6.11\variants\arduino_due_x/libsam_sam3x8e_gcc_rel.a(tc.o)
 .rodata.str1.1
                0x00086555       0x54 C:\Users\payto\AppData\Local\arduino15\packages\arduino\hardware\sam\1.6.11\variants\arduino_due_x/libsam_sam3x8e_gcc_rel.a(tc.o)
 .rodata.__func__.6798
                0x000865a9        0x9 C:\Users\payto\AppData\Local\arduino15\packages\arduino\hardware\sam\1.6.11\variants\arduino_due_x/libsam_sam3x8e_gcc_rel.a(tc.o)
 *fill*         0x000865b2        0x2 
 .rodata        0x000865b4       0x40 C:\Users\payto\AppData\Local\arduino15\packages\arduino\hardware\sam\1.6.11\variants\arduino_due_x/libsam_sam3x8e_gcc_rel.a(adc.o)
 .rodata.str1.1
                0x000865f4       0x19 C:\Users\payto\AppData\Local\Temp\VMBuilds\talus-apiv0.1\arduino_due_x_dbg\Debug/core.a(syscalls_sam3.c.o)
 .rodata.str1.1
                0x0008660d        0xf C:\Users\payto\AppData\Local\Temp\VMBuilds\talus-apiv0.1\arduino_due_x_dbg\Debug/core.a(Print.cpp.o)
 .rodata.str1.1
                0x00000000        0x1 C:\Users\payto\AppData\Local\Temp\VMBuilds\talus-apiv0.1\arduino_due_x_dbg\Debug/core.a(Stream.cpp.o)
 *fill*         0x0008661c        0x4 
 .rodata._ZTV9UARTClass
                0x00086620       0x30 C:\Users\payto\AppData\Local\Temp\VMBuilds\talus-apiv0.1\arduino_due_x_dbg\Debug/core.a(UARTClass.cpp.o)
                0x00086620                vtable for UARTClass
 .rodata._ZTV10USARTClass
                0x00086650       0x30 C:\Users\payto\AppData\Local\Temp\VMBuilds\talus-apiv0.1\arduino_due_x_dbg\Debug/core.a(USARTClass.cpp.o)
                0x00086650                vtable for USARTClass
 .rodata.str1.1
                0x00000000        0x1 C:\Users\payto\AppData\Local\Temp\VMBuilds\talus-apiv0.1\arduino_due_x_dbg\Debug/core.a(WString.cpp.o)
 .rodata.STRING_PRODUCT
                0x00086680        0xc C:\Users\payto\AppData\Local\Temp\VMBuilds\talus-apiv0.1\arduino_due_x_dbg\Debug/core.a(USBCore.cpp.o)
                0x00086680                STRING_PRODUCT
 .rodata.USB_DeviceDescriptor
                0x0008668c       0x12 C:\Users\payto\AppData\Local\Temp\VMBuilds\talus-apiv0.1\arduino_due_x_dbg\Debug/core.a(USBCore.cpp.o)
                0x0008668c                USB_DeviceDescriptor
 .rodata.STRING_LANGUAGE
                0x0008669e        0x4 C:\Users\payto\AppData\Local\Temp\VMBuilds\talus-apiv0.1\arduino_due_x_dbg\Debug/core.a(USBCore.cpp.o)
                0x0008669e                STRING_LANGUAGE
 .rodata._ZL18test_packet_buffer
                0x000866a2       0x35 C:\Users\payto\AppData\Local\Temp\VMBuilds\talus-apiv0.1\arduino_due_x_dbg\Debug/core.a(USBCore.cpp.o)
 .rodata.STRING_MANUFACTURER
                0x000866d7        0xc C:\Users\payto\AppData\Local\Temp\VMBuilds\talus-apiv0.1\arduino_due_x_dbg\Debug/core.a(USBCore.cpp.o)
                0x000866d7                STRING_MANUFACTURER
 .rodata.USB_DeviceDescriptorA
                0x000866e3       0x12 C:\Users\payto\AppData\Local\Temp\VMBuilds\talus-apiv0.1\arduino_due_x_dbg\Debug/core.a(USBCore.cpp.o)
                0x000866e3                USB_DeviceDescriptorA
 .rodata._ZL19USB_DeviceQualifier
                0x000866f5        0x9 C:\Users\payto\AppData\Local\Temp\VMBuilds\talus-apiv0.1\arduino_due_x_dbg\Debug/core.a(USBCore.cpp.o)
 *fill*         0x000866fe        0x2 
 .rodata._ZTV7Serial_
                0x00086700       0x28 C:\Users\payto\AppData\Local\Temp\VMBuilds\talus-apiv0.1\arduino_due_x_dbg\Debug/core.a(CDC.cpp.o)
                0x00086700                vtable for Serial_
 .rodata._ZL18_cdcOtherInterface
                0x00086728       0x42 C:\Users\payto\AppData\Local\Temp\VMBuilds\talus-apiv0.1\arduino_due_x_dbg\Debug/core.a(CDC.cpp.o)
 .rodata._ZL13_cdcInterface
                0x0008676a       0x42 C:\Users\payto\AppData\Local\Temp\VMBuilds\talus-apiv0.1\arduino_due_x_dbg\Debug/core.a(CDC.cpp.o)
 .rodata.str1.4
                0x000867ac       0x3f c:/users/payto/appdata/local/arduino15/packages/arduino/tools/arm-none-eabi-gcc/4.8.3-2014q1/bin/../lib/gcc/arm-none-eabi/4.8.3/../../../../arm-none-eabi/lib/armv7-m\libg.a(lib_a-assert.o)
                                 0x44 (size before relaxing)
 *fill*         0x000867eb        0x1 
 .rodata.str1.4
                0x000867ec        0x2 c:/users/payto/appdata/local/arduino15/packages/arduino/tools/arm-none-eabi-gcc/4.8.3-2014q1/bin/../lib/gcc/arm-none-eabi/4.8.3/../../../../arm-none-eabi/lib/armv7-m\libg.a(lib_a-impure.o)
                                  0x4 (size before relaxing)
 *fill*         0x000867ee        0x2 
 .rodata._global_impure_ptr
                0x000867f0        0x4 c:/users/payto/appdata/local/arduino15/packages/arduino/tools/arm-none-eabi-gcc/4.8.3-2014q1/bin/../lib/gcc/arm-none-eabi/4.8.3/../../../../arm-none-eabi/lib/armv7-m\libg.a(lib_a-impure.o)
                0x000867f0                _global_impure_ptr
 .rodata.blanks.6717
                0x000867f4       0x10 c:/users/payto/appdata/local/arduino15/packages/arduino/tools/arm-none-eabi-gcc/4.8.3-2014q1/bin/../lib/gcc/arm-none-eabi/4.8.3/../../../../arm-none-eabi/lib/armv7-m\libg.a(lib_a-vfiprintf.o)
 .rodata.str1.4
                0x00086804       0x30 c:/users/payto/appdata/local/arduino15/packages/arduino/tools/arm-none-eabi-gcc/4.8.3-2014q1/bin/../lib/gcc/arm-none-eabi/4.8.3/../../../../arm-none-eabi/lib/armv7-m\libg.a(lib_a-vfiprintf.o)
 .rodata.zeroes.6718
                0x00086834       0x10 c:/users/payto/appdata/local/arduino15/packages/arduino/tools/arm-none-eabi-gcc/4.8.3-2014q1/bin/../lib/gcc/arm-none-eabi/4.8.3/../../../../arm-none-eabi/lib/armv7-m\libg.a(lib_a-vfiprintf.o)
 .rodata._ctype_
                0x00086844      0x104 c:/users/payto/appdata/local/arduino15/packages/arduino/tools/arm-none-eabi-gcc/4.8.3-2014q1/bin/../lib/gcc/arm-none-eabi/4.8.3/../../../../arm-none-eabi/lib/armv7-m\libg.a(lib_a-ctype_.o)
                0x00086844                _ctype_
 *(.ARM.extab* .gnu.linkonce.armextab.*)
                0x00086948                . = ALIGN (0x4)
 *(.init)
 .init          0x00086948        0x4 c:/users/payto/appdata/local/arduino15/packages/arduino/tools/arm-none-eabi-gcc/4.8.3-2014q1/bin/../lib/gcc/arm-none-eabi/4.8.3/armv7-m/crti.o
                0x00086948                _init
 .init          0x0008694c        0x8 c:/users/payto/appdata/local/arduino15/packages/arduino/tools/arm-none-eabi-gcc/4.8.3-2014q1/bin/../lib/gcc/arm-none-eabi/4.8.3/armv7-m/crtn.o
                0x00086954                . = ALIGN (0x4)
                0x00086954                __preinit_array_start = .
 *(.preinit_array)
                0x00086954                __preinit_array_end = .
                0x00086954                . = ALIGN (0x4)
                0x00086954                __init_array_start = .
 *(SORT(.init_array.*))
 .init_array.00000
                0x00086954        0x4 c:/users/payto/appdata/local/arduino15/packages/arduino/tools/arm-none-eabi-gcc/4.8.3-2014q1/bin/../lib/gcc/arm-none-eabi/4.8.3/../../../../arm-none-eabi/lib/armv7-m\libg.a(lib_a-__call_atexit.o)
 *(.init_array)
 .init_array    0x00086958        0x4 c:/users/payto/appdata/local/arduino15/packages/arduino/tools/arm-none-eabi-gcc/4.8.3-2014q1/bin/../lib/gcc/arm-none-eabi/4.8.3/armv7-m/crtbegin.o
 .init_array    0x0008695c        0x4 talus-apiv0.1.cpp.o
 .init_array    0x00086960        0x4 C:\Users\payto\AppData\Local\Temp\VMBCore\arduino16x\8ad5fd75c0295da7d020563a7da94b9a\variant\variant.cpp.o
 .init_array    0x00086964        0x4 C:\Users\payto\AppData\Local\Temp\VMBuilds\talus-apiv0.1\arduino_due_x_dbg\Debug/core.a(USBCore.cpp.o)
 .init_array    0x00086968        0x4 C:\Users\payto\AppData\Local\Temp\VMBuilds\talus-apiv0.1\arduino_due_x_dbg\Debug/core.a(CDC.cpp.o)
                0x0008696c                __init_array_end = .
                0x0008696c                . = ALIGN (0x4)
 *crtbegin.o(.ctors)
 *(EXCLUDE_FILE(*crtend.o) .ctors)
 *(SORT(.ctors.*))
 *crtend.o(.ctors)
                0x0008696c                . = ALIGN (0x4)
 *(.fini)
 .fini          0x0008696c        0x4 c:/users/payto/appdata/local/arduino15/packages/arduino/tools/arm-none-eabi-gcc/4.8.3-2014q1/bin/../lib/gcc/arm-none-eabi/4.8.3/armv7-m/crti.o
                0x0008696c                _fini
 .fini          0x00086970        0x8 c:/users/payto/appdata/local/arduino15/packages/arduino/tools/arm-none-eabi-gcc/4.8.3-2014q1/bin/../lib/gcc/arm-none-eabi/4.8.3/armv7-m/crtn.o
                0x00086978                . = ALIGN (0x4)
                0x00086978                __fini_array_start = .
 *(.fini_array)
 .fini_array    0x00086978        0x4 c:/users/payto/appdata/local/arduino15/packages/arduino/tools/arm-none-eabi-gcc/4.8.3-2014q1/bin/../lib/gcc/arm-none-eabi/4.8.3/armv7-m/crtbegin.o
 *(SORT(.fini_array.*))
                0x0008697c                __fini_array_end = .
 *crtbegin.o(.dtors)
 *(EXCLUDE_FILE(*crtend.o) .dtors)
 *(SORT(.dtors.*))
 *crtend.o(.dtors)
                0x0008697c                . = ALIGN (0x4)
                0x0008697c                _efixed = .
                0x0008697c                PROVIDE (__exidx_start, .)

.vfp11_veneer   0x0008697c        0x0
 .vfp11_veneer  0x00000000        0x0 linker stubs

.v4_bx          0x0008697c        0x0
 .v4_bx         0x00000000        0x0 linker stubs

.iplt           0x0008697c        0x0
 .iplt          0x00000000        0x0 c:/users/payto/appdata/local/arduino15/packages/arduino/tools/arm-none-eabi-gcc/4.8.3-2014q1/bin/../lib/gcc/arm-none-eabi/4.8.3/armv7-m/crtbegin.o

.ARM.exidx      0x0008697c        0x8
 *(.ARM.exidx* .gnu.linkonce.armexidx.*)
 .ARM.exidx     0x0008697c        0x8 c:/users/payto/appdata/local/arduino15/packages/arduino/tools/arm-none-eabi-gcc/4.8.3-2014q1/bin/../lib/gcc/arm-none-eabi/4.8.3/armv7-m\libgcc.a(_divdi3.o)
 .ARM.exidx     0x00086984        0x0 c:/users/payto/appdata/local/arduino15/packages/arduino/tools/arm-none-eabi-gcc/4.8.3-2014q1/bin/../lib/gcc/arm-none-eabi/4.8.3/armv7-m\libgcc.a(_udivdi3.o)
                                  0x8 (size before relaxing)
                0x00086984                PROVIDE (__exidx_end, .)

.eh_frame       0x00086984        0x0
 .eh_frame      0x00086984        0x0 c:/users/payto/appdata/local/arduino15/packages/arduino/tools/arm-none-eabi-gcc/4.8.3-2014q1/bin/../lib/gcc/arm-none-eabi/4.8.3/armv7-m/crtbegin.o

.rel.dyn        0x00086984        0x0
 .rel.iplt      0x00000000        0x0 c:/users/payto/appdata/local/arduino15/packages/arduino/tools/arm-none-eabi-gcc/4.8.3-2014q1/bin/../lib/gcc/arm-none-eabi/4.8.3/armv7-m/crtbegin.o

.jcr            0x00086984        0x0
 .jcr           0x00086984        0x0 c:/users/payto/appdata/local/arduino15/packages/arduino/tools/arm-none-eabi-gcc/4.8.3-2014q1/bin/../lib/gcc/arm-none-eabi/4.8.3/armv7-m/crtbegin.o

.igot.plt       0x00086984        0x0
 .igot.plt      0x00000000        0x0 c:/users/payto/appdata/local/arduino15/packages/arduino/tools/arm-none-eabi-gcc/4.8.3-2014q1/bin/../lib/gcc/arm-none-eabi/4.8.3/armv7-m/crtbegin.o
                0x00086984                . = ALIGN (0x4)
                0x00086984                _etext = .

.relocate       0x20070000      0x8d8 load address 0x00086984
                0x20070000                . = ALIGN (0x4)
                0x20070000                _srelocate = .
 *(.ramfunc .ramfunc.*)
 .ramfunc       0x20070000       0x2c C:\Users\payto\AppData\Local\Temp\VMBuilds\talus-apiv0.1\arduino_due_x_dbg\Debug/core.a(Reset.cpp.o)
                0x20070000                banzai
 *(.data .data.*)
 .data          0x2007002c        0x4 c:/users/payto/appdata/local/arduino15/packages/arduino/tools/arm-none-eabi-gcc/4.8.3-2014q1/bin/../lib/gcc/arm-none-eabi/4.8.3/armv7-m/crtbegin.o
                0x2007002c                __dso_handle
 .data.SystemCoreClock
                0x20070030        0x4 C:\Users\payto\AppData\Local\arduino15\packages\arduino\hardware\sam\1.6.11\variants\arduino_due_x/libsam_sam3x8e_gcc_rel.a(system_sam3xa.o)
                0x20070030                SystemCoreClock
 .data._ZL5ticks
                0x20070034        0x4 C:\Users\payto\AppData\Local\Temp\VMBuilds\talus-apiv0.1\arduino_due_x_dbg\Debug/core.a(Reset.cpp.o)
 .data.EndPoints
                0x20070038       0x28 C:\Users\payto\AppData\Local\Temp\VMBuilds\talus-apiv0.1\arduino_due_x_dbg\Debug/core.a(USBCore.cpp.o)
                0x20070038                EndPoints
 .data._ZL10breakValue
                0x20070060        0x4 C:\Users\payto\AppData\Local\Temp\VMBuilds\talus-apiv0.1\arduino_due_x_dbg\Debug/core.a(CDC.cpp.o)
 .data._ZL12_usbLineInfo
                0x20070064        0x8 C:\Users\payto\AppData\Local\Temp\VMBuilds\talus-apiv0.1\arduino_due_x_dbg\Debug/core.a(CDC.cpp.o)
 .data.g_interrupt_enabled
                0x2007006c        0x4 C:\Users\payto\AppData\Local\arduino15\packages\arduino\hardware\sam\1.6.11\variants\arduino_due_x/libsam_sam3x8e_gcc_rel.a(interrupt_sam_nvic.o)
                0x2007006c                g_interrupt_enabled
 .data.impure_data
                0x20070070      0x428 c:/users/payto/appdata/local/arduino15/packages/arduino/tools/arm-none-eabi-gcc/4.8.3-2014q1/bin/../lib/gcc/arm-none-eabi/4.8.3/../../../../arm-none-eabi/lib/armv7-m\libg.a(lib_a-impure.o)
 .data._impure_ptr
                0x20070498        0x4 c:/users/payto/appdata/local/arduino15/packages/arduino/tools/arm-none-eabi-gcc/4.8.3-2014q1/bin/../lib/gcc/arm-none-eabi/4.8.3/../../../../arm-none-eabi/lib/armv7-m\libg.a(lib_a-impure.o)
                0x20070498                _impure_ptr
 .data.__malloc_av_
                0x2007049c      0x408 c:/users/payto/appdata/local/arduino15/packages/arduino/tools/arm-none-eabi-gcc/4.8.3-2014q1/bin/../lib/gcc/arm-none-eabi/4.8.3/../../../../arm-none-eabi/lib/armv7-m\libg.a(lib_a-mallocr.o)
                0x2007049c                __malloc_av_
 .data.__malloc_trim_threshold
                0x200708a4        0x4 c:/users/payto/appdata/local/arduino15/packages/arduino/tools/arm-none-eabi-gcc/4.8.3-2014q1/bin/../lib/gcc/arm-none-eabi/4.8.3/../../../../arm-none-eabi/lib/armv7-m\libg.a(lib_a-mallocr.o)
                0x200708a4                __malloc_trim_threshold
 .data.__malloc_sbrk_base
                0x200708a8        0x4 c:/users/payto/appdata/local/arduino15/packages/arduino/tools/arm-none-eabi-gcc/4.8.3-2014q1/bin/../lib/gcc/arm-none-eabi/4.8.3/../../../../arm-none-eabi/lib/armv7-m\libg.a(lib_a-mallocr.o)
                0x200708a8                __malloc_sbrk_base
 .data.__ctype_ptr__
                0x200708ac        0x4 c:/users/payto/appdata/local/arduino15/packages/arduino/tools/arm-none-eabi-gcc/4.8.3-2014q1/bin/../lib/gcc/arm-none-eabi/4.8.3/../../../../arm-none-eabi/lib/armv7-m\libg.a(lib_a-ctype_.o)
                0x200708ac                __ctype_ptr__
 .data.lc_ctype_charset
                0x200708b0       0x20 c:/users/payto/appdata/local/arduino15/packages/arduino/tools/arm-none-eabi-gcc/4.8.3-2014q1/bin/../lib/gcc/arm-none-eabi/4.8.3/../../../../arm-none-eabi/lib/armv7-m\libg.a(lib_a-locale.o)
 .data.__mb_cur_max
                0x200708d0        0x4 c:/users/payto/appdata/local/arduino15/packages/arduino/tools/arm-none-eabi-gcc/4.8.3-2014q1/bin/../lib/gcc/arm-none-eabi/4.8.3/../../../../arm-none-eabi/lib/armv7-m\libg.a(lib_a-locale.o)
                0x200708d0                __mb_cur_max
 .data.__wctomb
                0x200708d4        0x4 c:/users/payto/appdata/local/arduino15/packages/arduino/tools/arm-none-eabi-gcc/4.8.3-2014q1/bin/../lib/gcc/arm-none-eabi/4.8.3/../../../../arm-none-eabi/lib/armv7-m\libg.a(lib_a-wctomb_r.o)
                0x200708d4                __wctomb
                0x200708d8                . = ALIGN (0x4)
                0x200708d8                _erelocate = .

.bss            0x200708d8      0xaf0 load address 0x0008725c
                0x200708d8                . = ALIGN (0x4)
                0x200708d8                _sbss = .
                0x200708d8                _szero = .
 *(.bss .bss.*)
 .bss           0x200708d8       0x1c c:/users/payto/appdata/local/arduino15/packages/arduino/tools/arm-none-eabi-gcc/4.8.3-2014q1/bin/../lib/gcc/arm-none-eabi/4.8.3/armv7-m/crtbegin.o
 .bss.tempString
                0x200708f4        0xc talus-apiv0.1.cpp.o
                0x200708f4                tempString
 .bss.functionList
                0x20070900       0x78 talus-apiv0.1.cpp.o
                0x20070900                functionList
 .bss.servonum  0x20070978        0x4 talus-apiv0.1.cpp.o
                0x20070978                servonum
 .bss.argArray  0x2007097c       0x3c talus-apiv0.1.cpp.o
                0x2007097c                argArray
 .bss.servos    0x200709b8       0x18 talus-apiv0.1.cpp.o
                0x200709b8                servos
 .bss.ServoCount
                0x200709d0        0x1 Servo\sam\Servo.cpp.o
                0x200709d0                ServoCount
 .bss._ZL7Channel
                0x200709d1        0x5 Servo\sam\Servo.cpp.o
 *fill*         0x200709d6        0x2 
 .bss._ZL6servos
                0x200709d8      0x1e0 Servo\sam\Servo.cpp.o
 .bss.tx_buffer2
                0x20070bb8       0x88 C:\Users\payto\AppData\Local\Temp\VMBCore\arduino16x\8ad5fd75c0295da7d020563a7da94b9a\variant\variant.cpp.o
                0x20070bb8                tx_buffer2
 .bss.tx_buffer1
                0x20070c40       0x88 C:\Users\payto\AppData\Local\Temp\VMBCore\arduino16x\8ad5fd75c0295da7d020563a7da94b9a\variant\variant.cpp.o
                0x20070c40                tx_buffer1
 .bss.Serial    0x20070cc8       0x24 C:\Users\payto\AppData\Local\Temp\VMBCore\arduino16x\8ad5fd75c0295da7d020563a7da94b9a\variant\variant.cpp.o
                0x20070cc8                Serial
 .bss.rx_buffer1
                0x20070cec       0x88 C:\Users\payto\AppData\Local\Temp\VMBCore\arduino16x\8ad5fd75c0295da7d020563a7da94b9a\variant\variant.cpp.o
                0x20070cec                rx_buffer1
 .bss.Serial1   0x20070d74       0x28 C:\Users\payto\AppData\Local\Temp\VMBCore\arduino16x\8ad5fd75c0295da7d020563a7da94b9a\variant\variant.cpp.o
                0x20070d74                Serial1
 .bss.Serial2   0x20070d9c       0x28 C:\Users\payto\AppData\Local\Temp\VMBCore\arduino16x\8ad5fd75c0295da7d020563a7da94b9a\variant\variant.cpp.o
                0x20070d9c                Serial2
 .bss.Serial3   0x20070dc4       0x28 C:\Users\payto\AppData\Local\Temp\VMBCore\arduino16x\8ad5fd75c0295da7d020563a7da94b9a\variant\variant.cpp.o
                0x20070dc4                Serial3
 .bss.tx_buffer3
                0x20070dec       0x88 C:\Users\payto\AppData\Local\Temp\VMBCore\arduino16x\8ad5fd75c0295da7d020563a7da94b9a\variant\variant.cpp.o
                0x20070dec                tx_buffer3
 .bss.tx_buffer4
                0x20070e74       0x88 C:\Users\payto\AppData\Local\Temp\VMBCore\arduino16x\8ad5fd75c0295da7d020563a7da94b9a\variant\variant.cpp.o
                0x20070e74                tx_buffer4
 .bss.g_pinStatus
                0x20070efc       0x4f C:\Users\payto\AppData\Local\Temp\VMBCore\arduino16x\8ad5fd75c0295da7d020563a7da94b9a\variant\variant.cpp.o
                0x20070efc                g_pinStatus
 *fill*         0x20070f4b        0x1 
 .bss.rx_buffer2
                0x20070f4c       0x88 C:\Users\payto\AppData\Local\Temp\VMBCore\arduino16x\8ad5fd75c0295da7d020563a7da94b9a\variant\variant.cpp.o
                0x20070f4c                rx_buffer2
 .bss.rx_buffer3
                0x20070fd4       0x88 C:\Users\payto\AppData\Local\Temp\VMBCore\arduino16x\8ad5fd75c0295da7d020563a7da94b9a\variant\variant.cpp.o
                0x20070fd4                rx_buffer3
 .bss.rx_buffer4
                0x2007105c       0x88 C:\Users\payto\AppData\Local\Temp\VMBCore\arduino16x\8ad5fd75c0295da7d020563a7da94b9a\variant\variant.cpp.o
                0x2007105c                rx_buffer4
 .bss.gpf_isr   0x200710e4        0x4 C:\Users\payto\AppData\Local\arduino15\packages\arduino\hardware\sam\1.6.11\variants\arduino_due_x/libsam_sam3x8e_gcc_rel.a(uotghs.o)
                0x200710e4                gpf_isr
 .bss.heap.6420
                0x200710e8        0x4 C:\Users\payto\AppData\Local\Temp\VMBuilds\talus-apiv0.1\arduino_due_x_dbg\Debug/core.a(syscalls_sam3.c.o)
 .bss._ZZN6StringixEjE19dummy_writable_char
                0x200710ec        0x1 C:\Users\payto\AppData\Local\Temp\VMBuilds\talus-apiv0.1\arduino_due_x_dbg\Debug/core.a(WString.cpp.o)
 *fill*         0x200710ed        0x1 
 .bss._cmark    0x200710ee        0x2 C:\Users\payto\AppData\Local\Temp\VMBuilds\talus-apiv0.1\arduino_due_x_dbg\Debug/core.a(USBCore.cpp.o)
                0x200710ee                _cmark
 .bss._ZL14isEndpointHalt
                0x200710f0        0x1 C:\Users\payto\AppData\Local\Temp\VMBuilds\talus-apiv0.1\arduino_due_x_dbg\Debug/core.a(USBCore.cpp.o)
 *fill*         0x200710f1        0x3 
 .bss._cdcComposite
                0x200710f4        0x4 C:\Users\payto\AppData\Local\Temp\VMBuilds\talus-apiv0.1\arduino_due_x_dbg\Debug/core.a(USBCore.cpp.o)
                0x200710f4                _cdcComposite
 .bss._ZL21isRemoteWakeUpEnabled
                0x200710f8        0x1 C:\Users\payto\AppData\Local\Temp\VMBuilds\talus-apiv0.1\arduino_due_x_dbg\Debug/core.a(USBCore.cpp.o)
 *fill*         0x200710f9        0x3 
 .bss._usbInitialized
                0x200710fc        0x4 C:\Users\payto\AppData\Local\Temp\VMBuilds\talus-apiv0.1\arduino_due_x_dbg\Debug/core.a(USBCore.cpp.o)
                0x200710fc                _usbInitialized
 .bss.USBDevice
                0x20071100        0x1 C:\Users\payto\AppData\Local\Temp\VMBuilds\talus-apiv0.1\arduino_due_x_dbg\Debug/core.a(USBCore.cpp.o)
                0x20071100                USBDevice
 *fill*         0x20071101        0x3 
 .bss._usbSetInterface
                0x20071104        0x4 C:\Users\payto\AppData\Local\Temp\VMBuilds\talus-apiv0.1\arduino_due_x_dbg\Debug/core.a(USBCore.cpp.o)
                0x20071104                _usbSetInterface
 .bss._cend     0x20071108        0x2 C:\Users\payto\AppData\Local\Temp\VMBuilds\talus-apiv0.1\arduino_due_x_dbg\Debug/core.a(USBCore.cpp.o)
                0x20071108                _cend
 *fill*         0x2007110a        0x2 
 .bss._usbConfiguration
                0x2007110c        0x4 C:\Users\payto\AppData\Local\Temp\VMBuilds\talus-apiv0.1\arduino_due_x_dbg\Debug/core.a(USBCore.cpp.o)
                0x2007110c                _usbConfiguration
 .bss.cdc_rx_buffer
                0x20071110      0x208 C:\Users\payto\AppData\Local\Temp\VMBuilds\talus-apiv0.1\arduino_due_x_dbg\Debug/core.a(CDC.cpp.o)
                0x20071110                cdc_rx_buffer
 .bss._ZZN7Serial_6acceptEvE5guard
                0x20071318        0x4 C:\Users\payto\AppData\Local\Temp\VMBuilds\talus-apiv0.1\arduino_due_x_dbg\Debug/core.a(CDC.cpp.o)
 .bss.SerialUSB
                0x2007131c       0x14 C:\Users\payto\AppData\Local\Temp\VMBuilds\talus-apiv0.1\arduino_due_x_dbg\Debug/core.a(CDC.cpp.o)
                0x2007131c                SerialUSB
 .bss._ZZ12PluggableUSBvE3obj
                0x20071330        0x8 C:\Users\payto\AppData\Local\Temp\VMBuilds\talus-apiv0.1\arduino_due_x_dbg\Debug/core.a(PluggableUSB.cpp.o)
 .bss._ZGVZ12PluggableUSBvE3obj
                0x20071338        0x4 C:\Users\payto\AppData\Local\Temp\VMBuilds\talus-apiv0.1\arduino_due_x_dbg\Debug/core.a(PluggableUSB.cpp.o)
 .bss._dwTickCount
                0x2007133c        0x4 C:\Users\payto\AppData\Local\arduino15\packages\arduino\hardware\sam\1.6.11\variants\arduino_due_x/libsam_sam3x8e_gcc_rel.a(timetick.o)
 .bss.ul_recv_fifo_ptr
                0x20071340       0x28 C:\Users\payto\AppData\Local\arduino15\packages\arduino\hardware\sam\1.6.11\variants\arduino_due_x/libsam_sam3x8e_gcc_rel.a(uotghs_device.o)
 .bss.ul_send_fifo_ptr
                0x20071368       0x28 C:\Users\payto\AppData\Local\arduino15\packages\arduino\hardware\sam\1.6.11\variants\arduino_due_x/libsam_sam3x8e_gcc_rel.a(uotghs_device.o)
 .bss.__malloc_max_total_mem
                0x20071390        0x4 c:/users/payto/appdata/local/arduino15/packages/arduino/tools/arm-none-eabi-gcc/4.8.3-2014q1/bin/../lib/gcc/arm-none-eabi/4.8.3/../../../../arm-none-eabi/lib/armv7-m\libg.a(lib_a-mallocr.o)
                0x20071390                __malloc_max_total_mem
 .bss.__malloc_max_sbrked_mem
                0x20071394        0x4 c:/users/payto/appdata/local/arduino15/packages/arduino/tools/arm-none-eabi-gcc/4.8.3-2014q1/bin/../lib/gcc/arm-none-eabi/4.8.3/../../../../arm-none-eabi/lib/armv7-m\libg.a(lib_a-mallocr.o)
                0x20071394                __malloc_max_sbrked_mem
 .bss.__malloc_top_pad
                0x20071398        0x4 c:/users/payto/appdata/local/arduino15/packages/arduino/tools/arm-none-eabi-gcc/4.8.3-2014q1/bin/../lib/gcc/arm-none-eabi/4.8.3/../../../../arm-none-eabi/lib/armv7-m\libg.a(lib_a-mallocr.o)
                0x20071398                __malloc_top_pad
 .bss.__malloc_current_mallinfo
                0x2007139c       0x28 c:/users/payto/appdata/local/arduino15/packages/arduino/tools/arm-none-eabi-gcc/4.8.3-2014q1/bin/../lib/gcc/arm-none-eabi/4.8.3/../../../../arm-none-eabi/lib/armv7-m\libg.a(lib_a-mallocr.o)
                0x2007139c                __malloc_current_mallinfo
 *(COMMON)
 COMMON         0x200713c4        0x4 c:/users/payto/appdata/local/arduino15/packages/arduino/tools/arm-none-eabi-gcc/4.8.3-2014q1/bin/../lib/gcc/arm-none-eabi/4.8.3/../../../../arm-none-eabi/lib/armv7-m\libg.a(lib_a-reent.o)
                0x200713c4                errno
                0x200713c8                . = ALIGN (0x4)