Archive member included because of file (symbol)

C:\Users\payto\AppData\Local\arduino15\packages\arduino\hardware\sam\1.6.11\variants\arduino_due_x/libsam_sam3x8e_gcc_rel.a(pio.o)
                              C:\Users\payto\AppData\Local\Temp\VMBCore\arduino16x\5b87f04d4f6e7f8866df224fb123a9fa\variant\variant.cpp.o (PIO_Configure)
C:\Users\payto\AppData\Local\arduino15\packages\arduino\hardware\sam\1.6.11\variants\arduino_due_x/libsam_sam3x8e_gcc_rel.a(pmc.o)
                              Servo\sam\Servo.cpp.o (pmc_enable_periph_clk)
C:\Users\payto\AppData\Local\arduino15\packages\arduino\hardware\sam\1.6.11\variants\arduino_due_x/libsam_sam3x8e_gcc_rel.a(tc.o)
                              Servo\sam\Servo.cpp.o (TC_Configure)
C:\Users\payto\AppData\Local\arduino15\packages\arduino\hardware\sam\1.6.11\variants\arduino_due_x/libsam_sam3x8e_gcc_rel.a(system_sam3xa.o)
                              C:\Users\payto\AppData\Local\Temp\VMBCore\arduino16x\5b87f04d4f6e7f8866df224fb123a9fa\variant\variant.cpp.o (SystemInit)
C:\Users\payto\AppData\Local\arduino15\packages\arduino\hardware\sam\1.6.11\variants\arduino_due_x/libsam_sam3x8e_gcc_rel.a(startup_sam3xa.o)
                              (Reset_Handler)
C:\Users\payto\AppData\Local\arduino15\packages\arduino\hardware\sam\1.6.11\variants\arduino_due_x/libsam_sam3x8e_gcc_rel.a(adc.o)
                              C:\Users\payto\AppData\Local\Temp\VMBCore\arduino16x\5b87f04d4f6e7f8866df224fb123a9fa\variant\variant.cpp.o (adc_init)
C:\Users\payto\AppData\Local\arduino15\packages\arduino\hardware\sam\1.6.11\variants\arduino_due_x/libsam_sam3x8e_gcc_rel.a(uotghs.o)
                              C:\Users\payto\AppData\Local\arduino15\packages\arduino\hardware\sam\1.6.11\variants\arduino_due_x/libsam_sam3x8e_gcc_rel.a(startup_sam3xa.o) (UOTGHS_Handler)
C:\Users\payto\AppData\Local\Temp\VMBuilds\talus-apiv0.1\arduino_due_x_dbg\Debug/core.a(cortex_handlers.c.o)
                              C:\Users\payto\AppData\Local\arduino15\packages\arduino\hardware\sam\1.6.11\variants\arduino_due_x/libsam_sam3x8e_gcc_rel.a(startup_sam3xa.o) (NMI_Handler)
C:\Users\payto\AppData\Local\Temp\VMBuilds\talus-apiv0.1\arduino_due_x_dbg\Debug/core.a(hooks.c.o)
                              C:\Users\payto\AppData\Local\Temp\VMBuilds\talus-apiv0.1\arduino_due_x_dbg\Debug/core.a(cortex_handlers.c.o) (sysTickHook)
C:\Users\payto\AppData\Local\Temp\VMBuilds\talus-apiv0.1\arduino_due_x_dbg\Debug/core.a(syscalls_sam3.c.o)
                              (_sbrk)
C:\Users\payto\AppData\Local\Temp\VMBuilds\talus-apiv0.1\arduino_due_x_dbg\Debug/core.a(wiring.c.o)
                              talus-apiv0.1.cpp.o (delay)
C:\Users\payto\AppData\Local\Temp\VMBuilds\talus-apiv0.1\arduino_due_x_dbg\Debug/core.a(wiring_analog.c.o)
                              C:\Users\payto\AppData\Local\Temp\VMBCore\arduino16x\5b87f04d4f6e7f8866df224fb123a9fa\variant\variant.cpp.o (analogOutputInit)
C:\Users\payto\AppData\Local\Temp\VMBuilds\talus-apiv0.1\arduino_due_x_dbg\Debug/core.a(wiring_digital.c.o)
                              talus-apiv0.1.cpp.o (pinMode)
C:\Users\payto\AppData\Local\Temp\VMBuilds\talus-apiv0.1\arduino_due_x_dbg\Debug/core.a(main.cpp.o)
                              c:/users/payto/appdata/local/arduino15/packages/arduino/tools/arm-none-eabi-gcc/4.8.3-2014q1/bin/../lib/gcc/arm-none-eabi/4.8.3/../../../../arm-none-eabi/lib/armv7-m/crt0.o (main)
C:\Users\payto\AppData\Local\Temp\VMBuilds\talus-apiv0.1\arduino_due_x_dbg\Debug/core.a(Print.cpp.o)
                              talus-apiv0.1.cpp.o (Print::println(String const&))
C:\Users\payto\AppData\Local\Temp\VMBuilds\talus-apiv0.1\arduino_due_x_dbg\Debug/core.a(Reset.cpp.o)
                              C:\Users\payto\AppData\Local\Temp\VMBuilds\talus-apiv0.1\arduino_due_x_dbg\Debug/core.a(cortex_handlers.c.o) (tickReset)
C:\Users\payto\AppData\Local\Temp\VMBuilds\talus-apiv0.1\arduino_due_x_dbg\Debug/core.a(RingBuffer.cpp.o)
                              C:\Users\payto\AppData\Local\Temp\VMBCore\arduino16x\5b87f04d4f6e7f8866df224fb123a9fa\variant\variant.cpp.o (RingBuffer::RingBuffer())
C:\Users\payto\AppData\Local\Temp\VMBuilds\talus-apiv0.1\arduino_due_x_dbg\Debug/core.a(Stream.cpp.o)
                              talus-apiv0.1.cpp.o (Stream::setTimeout(unsigned long))
C:\Users\payto\AppData\Local\Temp\VMBuilds\talus-apiv0.1\arduino_due_x_dbg\Debug/core.a(UARTClass.cpp.o)
                              talus-apiv0.1.cpp.o (UARTClass::available())
C:\Users\payto\AppData\Local\Temp\VMBuilds\talus-apiv0.1\arduino_due_x_dbg\Debug/core.a(USARTClass.cpp.o)
                              C:\Users\payto\AppData\Local\Temp\VMBCore\arduino16x\5b87f04d4f6e7f8866df224fb123a9fa\variant\variant.cpp.o (USARTClass::USARTClass(Usart*, IRQn, unsigned long, RingBuffer*, RingBuffer*))
C:\Users\payto\AppData\Local\Temp\VMBuilds\talus-apiv0.1\arduino_due_x_dbg\Debug/core.a(watchdog.cpp.o)
[...]
Memory Configuration

Name             Origin             Length             Attributes
rom              0x00080000         0x00080000         xr
sram0            0x20000000         0x00010000         xrw
sram1            0x20080000         0x00008000         xrw
ram              0x20070000         0x00018000         xrw
*default*        0x00000000         0xffffffff

Linker script and memory map

LOAD c:/users/payto/appdata/local/arduino15/packages/arduino/tools/arm-none-eabi-gcc/4.8.3-2014q1/bin/../lib/gcc/arm-none-eabi/4.8.3/armv7-m/crti.o
LOAD c:/users/payto/appdata/local/arduino15/packages/arduino/tools/arm-none-eabi-gcc/4.8.3-2014q1/bin/../lib/gcc/arm-none-eabi/4.8.3/armv7-m/crtbegin.o
LOAD c:/users/payto/appdata/local/arduino15/packages/arduino/tools/arm-none-eabi-gcc/4.8.3-2014q1/bin/../lib/gcc/arm-none-eabi/4.8.3/../../../../arm-none-eabi/lib/armv7-m/crt0.o
START GROUP
LOAD talus-apiv0.1.cpp.o
LOAD Servo\avr\Servo.cpp.o
LOAD Servo\megaavr\Servo.cpp.o
LOAD Servo\nrf52\Servo.cpp.o
LOAD Servo\sam\Servo.cpp.o
LOAD Servo\samd\Servo.cpp.o
LOAD Servo\stm32f4\Servo.cpp.o
LOAD C:\Users\payto\AppData\Local\Temp\VMBCore\arduino16x\5b87f04d4f6e7f8866df224fb123a9fa\variant\variant.cpp.o
LOAD C:\Users\payto\AppData\Local\arduino15\packages\arduino\hardware\sam\1.6.11\variants\arduino_due_x/libsam_sam3x8e_gcc_rel.a
LOAD C:\Users\payto\AppData\Local\Temp\VMBuilds\talus-apiv0.1\arduino_due_x_dbg\Debug/core.a
END GROUP
LOAD c:/users/payto/appdata/local/arduino15/packages/arduino/tools/arm-none-eabi-gcc/4.8.3-2014q1/bin/../lib/gcc/arm-none-eabi/4.8.3/../../../../arm-none-eabi/lib/armv7-m\libm.a
START GROUP
LOAD c:/users/payto/appdata/local/arduino15/packages/arduino/tools/arm-none-eabi-gcc/4.8.3-2014q1/bin/../lib/gcc/arm-none-eabi/4.8.3/armv7-m\libgcc.a
LOAD c:/users/payto/appdata/local/arduino15/packages/arduino/tools/arm-none-eabi-gcc/4.8.3-2014q1/bin/../lib/gcc/arm-none-eabi/4.8.3/../../../../arm-none-eabi/lib/armv7-m\libg.a
LOAD c:/users/payto/appdata/local/arduino15/packages/arduino/tools/arm-none-eabi-gcc/4.8.3-2014q1/bin/../lib/gcc/arm-none-eabi/4.8.3/../../../../arm-none-eabi/lib/armv7-m\libc.a
END GROUP
LOAD c:/users/payto/appdata/local/arduino15/packages/arduino/tools/arm-none-eabi-gcc/4.8.3-2014q1/bin/../lib/gcc/arm-none-eabi/4.8.3/armv7-m/crtend.o
LOAD c:/users/payto/appdata/local/arduino15/packages/arduino/tools/arm-none-eabi-gcc/4.8.3-2014q1/bin/../lib/gcc/arm-none-eabi/4.8.3/armv7-m/crtn.o

.text           0x00080000     0x6974
                0x00080000                . = ALIGN (0x4)
                0x00080000                _sfixed = .
 *(.vectors .vectors.*)
 .vectors       0x00080000       0xf4 C:\Users\payto\AppData\Local\arduino15\packages\arduino\hardware\sam\1.6.11\variants\arduino_due_x/libsam_sam3x8e_gcc_rel.a(startup_sam3xa.o)
                0x00080000                exception_table
 *(.text .text.* .gnu.linkonce.t.*)
 .text          0x000800f4       0x54 c:/users/payto/appdata/local/arduino15/packages/arduino/tools/arm-none-eabi-gcc/4.8.3-2014q1/bin/../lib/gcc/arm-none-eabi/4.8.3/armv7-m/crtbegin.o
 .text.__tcf_1  0x00080148       0x1c talus-apiv0.1.cpp.o
 .text.__tcf_0  0x00080164       0x1c talus-apiv0.1.cpp.o
 .text._Z13commandParser6String
                0x00080180       0x98 talus-apiv0.1.cpp.o
                0x00080180                commandParser(String)
 .text.startup._GLOBAL__sub_I_tempString
                0x00080218      0x10c talus-apiv0.1.cpp.o
 .text.setup    0x00080324       0xf8 talus-apiv0.1.cpp.o
                0x00080324                setup
 .text.loop     0x0008041c      0x210 talus-apiv0.1.cpp.o
                0x0008041c                loop
 .text._ZL8_initISRP2Tcmm4IRQn
                0x0008062c       0x50 Servo\sam\Servo.cpp.o
 .text._Z13Servo_Handler18timer16_Sequence_tP2Tch
                0x0008067c      0x10c Servo\sam\Servo.cpp.o
                0x0008067c                Servo_Handler(timer16_Sequence_t, Tc*, unsigned char)
 .text.TC3_Handler
                0x00080788       0x10 Servo\sam\Servo.cpp.o
                0x00080788                TC3_Handler
 .text.TC4_Handler
                0x00080798       0x10 Servo\sam\Servo.cpp.o
                0x00080798                TC4_Handler
 .text.TC5_Handler
                0x000807a8       0x10 Servo\sam\Servo.cpp.o
                0x000807a8                TC5_Handler
 .text.TC2_Handler
                0x000807b8       0x10 Servo\sam\Servo.cpp.o
                0x000807b8                TC2_Handler
 .text.TC0_Handler
                0x000807c8       0x10 Servo\sam\Servo.cpp.o
                0x000807c8                TC0_Handler
 .text._ZN5ServoC2Ev
                0x000807d8       0x40 Servo\sam\Servo.cpp.o
                0x000807d8                Servo::Servo()
                0x000807d8                Servo::Servo()
 .text._ZN5Servo6attachEiii
                0x00080818       0xb8 Servo\sam\Servo.cpp.o
                0x00080818                Servo::attach(int, int, int)
 .text._ZN5Servo6attachEi
                0x000808d0        0xc Servo\sam\Servo.cpp.o
                0x000808d0                Servo::attach(int)
 .text._ZN5Servo17writeMicrosecondsEi
                0x000808dc       0x4c Servo\sam\Servo.cpp.o
                0x000808dc                Servo::writeMicroseconds(int)
 .text._ZN5Servo5writeEi
                0x00080928       0x42 Servo\sam\Servo.cpp.o
                0x00080928                Servo::write(int)
 .text._Z11serialEventv
                0x0008096a        0x2 C:\Users\payto\AppData\Local\Temp\VMBCore\arduino16x\5b87f04d4f6e7f8866df224fb123a9fa\variant\variant.cpp.o
                0x0008096a                serialEvent()
 .text.UART_Handler
                0x0008096c        0xc C:\Users\payto\AppData\Local\Temp\VMBCore\arduino16x\5b87f04d4f6e7f8866df224fb123a9fa\variant\variant.cpp.o
                0x0008096c                UART_Handler
 .text._Z12serialEvent1v
                0x00080978        0x2 C:\Users\payto\AppData\Local\Temp\VMBCore\arduino16x\5b87f04d4f6e7f8866df224fb123a9fa\variant\variant.cpp.o
                0x00080978                serialEvent1()
 .text._Z12serialEvent2v
                0x0008097a        0x2 C:\Users\payto\AppData\Local\Temp\VMBCore\arduino16x\5b87f04d4f6e7f8866df224fb123a9fa\variant\variant.cpp.o
                0x0008097a                serialEvent2()
 .text._Z12serialEvent3v
                0x0008097c        0x2 C:\Users\payto\AppData\Local\Temp\VMBCore\arduino16x\5b87f04d4f6e7f8866df224fb123a9fa\variant\variant.cpp.o
                0x0008097c                serialEvent3()
 *fill*         0x0008097e        0x2 
 .text.USART0_Handler
                0x00080980        0xc C:\Users\payto\AppData\Local\Temp\VMBCore\arduino16x\5b87f04d4f6e7f8866df224fb123a9fa\variant\variant.cpp.o
                0x00080980                USART0_Handler
 .text.USART1_Handler
                0x0008098c        0xc C:\Users\payto\AppData\Local\Temp\VMBCore\arduino16x\5b87f04d4f6e7f8866df224fb123a9fa\variant\variant.cpp.o
                0x0008098c                USART1_Handler
 .text.USART3_Handler
                0x00080998        0xc C:\Users\payto\AppData\Local\Temp\VMBCore\arduino16x\5b87f04d4f6e7f8866df224fb123a9fa\variant\variant.cpp.o
                0x00080998                USART3_Handler
 .text.init     0x000809a4      0x128 C:\Users\payto\AppData\Local\Temp\VMBCore\arduino16x\5b87f04d4f6e7f8866df224fb123a9fa\variant\variant.cpp.o
                0x000809a4                init
 .text.startup._GLOBAL__sub_I_g_APinDescription
                0x00080acc       0xd4 C:\Users\payto\AppData\Local\Temp\VMBCore\arduino16x\5b87f04d4f6e7f8866df224fb123a9fa\variant\variant.cpp.o
 .text._Z14serialEventRunv
                0x00080ba0       0x44 C:\Users\payto\AppData\Local\Temp\VMBCore\arduino16x\5b87f04d4f6e7f8866df224fb123a9fa\variant\variant.cpp.o
                0x00080ba0                serialEventRun()
 .text.PIO_PullUp
                0x00080be4        0xa C:\Users\payto\AppData\Local\arduino15\packages\arduino\hardware\sam\1.6.11\variants\arduino_due_x/libsam_sam3x8e_gcc_rel.a(pio.o)
                0x00080be4                PIO_PullUp
 .text.PIO_SetPeripheral
                0x00080bee       0x26 C:\Users\payto\AppData\Local\arduino15\packages\arduino\hardware\sam\1.6.11\variants\arduino_due_x/libsam_sam3x8e_gcc_rel.a(pio.o)
                0x00080bee                PIO_SetPeripheral
 .text.PIO_SetInput
                0x00080c14       0x26 C:\Users\payto\AppData\Local\arduino15\packages\arduino\hardware\sam\1.6.11\variants\arduino_due_x/libsam_sam3x8e_gcc_rel.a(pio.o)
                0x00080c14                PIO_SetInput
 .text.PIO_SetOutput
                0x00080c3a       0x24 C:\Users\payto\AppData\Local\arduino15\packages\arduino\hardware\sam\1.6.11\variants\arduino_due_x/libsam_sam3x8e_gcc_rel.a(pio.o)
                0x00080c3a                PIO_SetOutput
 *fill*         0x00080c5e        0x2 
 .text.PIO_Configure
                0x00080c60       0x64 C:\Users\payto\AppData\Local\arduino15\packages\arduino\hardware\sam\1.6.11\variants\arduino_due_x/libsam_sam3x8e_gcc_rel.a(pio.o)
                0x00080c60                PIO_Configure
 .text.PIO_GetOutputDataStatus
                0x00080cc4       0x14 C:\Users\payto\AppData\Local\arduino15\packages\arduino\hardware\sam\1.6.11\variants\arduino_due_x/libsam_sam3x8e_gcc_rel.a(pio.o)
                0x00080cc4                PIO_GetOutputDataStatus
 .text.pmc_enable_upll_clock
                0x00080cd8       0x14 C:\Users\payto\AppData\Local\arduino15\packages\arduino\hardware\sam\1.6.11\variants\arduino_due_x/libsam_sam3x8e_gcc_rel.a(pmc.o)
                0x00080cd8                pmc_enable_upll_clock
 .text.pmc_enable_periph_clk
                0x00080cec       0x44 C:\Users\payto\AppData\Local\arduino15\packages\arduino\hardware\sam\1.6.11\variants\arduino_due_x/libsam_sam3x8e_gcc_rel.a(pmc.o)
                0x00080cec                pmc_enable_periph_clk
 .text.pmc_disable_periph_clk
                0x00080d30       0x40 C:\Users\payto\AppData\Local\arduino15\packages\arduino\hardware\sam\1.6.11\variants\arduino_due_x/libsam_sam3x8e_gcc_rel.a(pmc.o)
                0x00080d30                pmc_disable_periph_clk
 .text.pmc_switch_udpck_to_upllck
                0x00080d70       0x14 C:\Users\payto\AppData\Local\arduino15\packages\arduino\hardware\sam\1.6.11\variants\arduino_due_x/libsam_sam3x8e_gcc_rel.a(pmc.o)
                0x00080d70                pmc_switch_udpck_to_upllck
 .text.pmc_enable_udpck
                0x00080d84        0xc C:\Users\payto\AppData\Local\arduino15\packages\arduino\hardware\sam\1.6.11\variants\arduino_due_x/libsam_sam3x8e_gcc_rel.a(pmc.o)
                0x00080d84                pmc_enable_udpck
 .text.TC_Configure
                0x00080d90       0x38 C:\Users\payto\AppData\Local\arduino15\packages\arduino\hardware\sam\1.6.11\variants\arduino_due_x/libsam_sam3x8e_gcc_rel.a(tc.o)
                0x00080d90                TC_Configure
 .text.TC_Start
                0x00080dc8       0x2c C:\Users\payto\AppData\Local\arduino15\packages\arduino\hardware\sam\1.6.11\variants\arduino_due_x/libsam_sam3x8e_gcc_rel.a(tc.o)
                0x00080dc8                TC_Start
 .text.TC_SetRA
                0x00080df4        0x8 C:\Users\payto\AppData\Local\arduino15\packages\arduino\hardware\sam\1.6.11\variants\arduino_due_x/libsam_sam3x8e_gcc_rel.a(tc.o)
                0x00080df4                TC_SetRA
 .text.SystemInit
                0x00080dfc       0x88 C:\Users\payto\AppData\Local\arduino15\packages\arduino\hardware\sam\1.6.11\variants\arduino_due_x/libsam_sam3x8e_gcc_rel.a(system_sam3xa.o)
                0x00080dfc                SystemInit
 .text.Reset_Handler
                0x00080e84       0x78 C:\Users\payto\AppData\Local\arduino15\packages\arduino\hardware\sam\1.6.11\variants\arduino_due_x/libsam_sam3x8e_gcc_rel.a(startup_sam3xa.o)
                0x00080e84                Reset_Handler
 .text.adc_init
                0x00080efc       0x98 C:\Users\payto\AppData\Local\arduino15\packages\arduino\hardware\sam\1.6.11\variants\arduino_due_x/libsam_sam3x8e_gcc_rel.a(adc.o)
                0x00080efc                adc_init
 .text.adc_configure_trigger
                0x00080f94        0xe C:\Users\payto\AppData\Local\arduino15\packages\arduino\hardware\sam\1.6.11\variants\arduino_due_x/libsam_sam3x8e_gcc_rel.a(adc.o)
                0x00080f94                adc_configure_trigger
 .text.adc_configure_timing
                0x00080fa2       0x1a C:\Users\payto\AppData\Local\arduino15\packages\arduino\hardware\sam\1.6.11\variants\arduino_due_x/libsam_sam3x8e_gcc_rel.a(adc.o)
                0x00080fa2                adc_configure_timing
 .text.adc_disable_channel
                0x00080fbc        0xa C:\Users\payto\AppData\Local\arduino15\packages\arduino\hardware\sam\1.6.11\variants\arduino_due_x/libsam_sam3x8e_gcc_rel.a(adc.o)
                0x00080fbc                adc_disable_channel
 .text.adc_disable_all_channel
                0x00080fc6        0x8 C:\Users\payto\AppData\Local\arduino15\packages\arduino\hardware\sam\1.6.11\variants\arduino_due_x/libsam_sam3x8e_gcc_rel.a(adc.o)
                0x00080fc6                adc_disable_all_channel
 .text.adc_disable_interrupt
                0x00080fce        0x4 C:\Users\payto\AppData\Local\arduino15\packages\arduino\hardware\sam\1.6.11\variants\arduino_due_x/libsam_sam3x8e_gcc_rel.a(adc.o)
                0x00080fce                adc_disable_interrupt
 *fill*         0x00080fd2        0x2 
 .text.UOTGHS_Handler
                0x00080fd4       0x10 C:\Users\payto\AppData\Local\arduino15\packages\arduino\hardware\sam\1.6.11\variants\arduino_due_x/libsam_sam3x8e_gcc_rel.a(uotghs.o)
                0x00080fd4                UOTGHS_Handler
 .text.__halt   0x00080fe4        0x2 C:\Users\payto\AppData\Local\Temp\VMBuilds\talus-apiv0.1\arduino_due_x_dbg\Debug/core.a(cortex_handlers.c.o)
                0x00080fe4                DACC_Handler
                0x00080fe4                DebugMon_Handler
                0x00080fe4                DMAC_Handler
                0x00080fe4                TRNG_Handler
                0x00080fe4                HardFault_Handler
                0x00080fe4                TWI1_Handler
                0x00080fe4                NMI_Handler
                0x00080fe4                TC7_Handler
                0x00080fe4                ADC_Handler
                0x00080fe4                SMC_Handler
                0x00080fe4                RTT_Handler
                0x00080fe4                EFC1_Handler
                0x00080fe4                PIOB_Handler
                0x00080fe4                RTC_Handler
                0x00080fe4                UsageFault_Handler
                0x00080fe4                TC6_Handler
                0x00080fe4                WDT_Handler
                0x00080fe4                CAN0_Handler
                0x00080fe4                TC1_Handler
                0x00080fe4                HSMCI_Handler
                0x00080fe4                TWI0_Handler
                0x00080fe4                PIOA_Handler
                0x00080fe4                SSC_Handler
                0x00080fe4                EFC0_Handler
                0x00080fe4                PMC_Handler
                0x00080fe4                PWM_Handler
                0x00080fe4                CAN1_Handler
                0x00080fe4                MemManage_Handler
                0x00080fe4                SUPC_Handler
                0x00080fe4                TC8_Handler
                0x00080fe4                USART2_Handler
                0x00080fe4                PIOD_Handler
                0x00080fe4                EMAC_Handler
                0x00080fe4                PIOC_Handler
                0x00080fe4                BusFault_Handler
                0x00080fe4                RSTC_Handler
                0x00080fe4                SPI0_Handler
 .text.SVC_Handler
                0x00080fe6        0x4 C:\Users\payto\AppData\Local\Temp\VMBuilds\talus-apiv0.1\arduino_due_x_dbg\Debug/core.a(cortex_handlers.c.o)
                0x00080fe6                SVC_Handler
 .text.PendSV_Handler
                0x00080fea        0x4 C:\Users\payto\AppData\Local\Temp\VMBuilds\talus-apiv0.1\arduino_due_x_dbg\Debug/core.a(cortex_handlers.c.o)
                0x00080fea                PendSV_Handler
 .text.SysTick_Handler
                0x00080fee       0x16 C:\Users\payto\AppData\Local\Temp\VMBuilds\talus-apiv0.1\arduino_due_x_dbg\Debug/core.a(cortex_handlers.c.o)
                0x00080fee                SysTick_Handler
 .text.__empty  0x00081004        0x2 C:\Users\payto\AppData\Local\Temp\VMBuilds\talus-apiv0.1\arduino_due_x_dbg\Debug/core.a(hooks.c.o)
                0x00081004                yield
 .text.__false  0x00081006        0x4 C:\Users\payto\AppData\Local\Temp\VMBuilds\talus-apiv0.1\arduino_due_x_dbg\Debug/core.a(hooks.c.o)
                0x00081006                sysTickHook
 .text.__halt   0x0008100a        0x2 C:\Users\payto\AppData\Local\Temp\VMBuilds\talus-apiv0.1\arduino_due_x_dbg\Debug/core.a(hooks.c.o)
                0x0008100a                svcHook
                0x0008100a                pendSVHook
 .text._sbrk    0x0008100c       0x1c C:\Users\payto\AppData\Local\Temp\VMBuilds\talus-apiv0.1\arduino_due_x_dbg\Debug/core.a(syscalls_sam3.c.o)
                0x0008100c                _sbrk
 .text.link     0x00081028        0x6 C:\Users\payto\AppData\Local\Temp\VMBuilds\talus-apiv0.1\arduino_due_x_dbg\Debug/core.a(syscalls_sam3.c.o)
                0x00081028                link
 .text._close   0x0008102e        0x6 C:\Users\payto\AppData\Local\Temp\VMBuilds\talus-apiv0.1\arduino_due_x_dbg\Debug/core.a(syscalls_sam3.c.o)
                0x0008102e                _close
 .text._fstat   0x00081034        0xa C:\Users\payto\AppData\Local\Temp\VMBuilds\talus-apiv0.1\arduino_due_x_dbg\Debug/core.a(syscalls_sam3.c.o)
                0x00081034                _fstat
 .text._isatty  0x0008103e        0x4 C:\Users\payto\AppData\Local\Temp\VMBuilds\talus-apiv0.1\arduino_due_x_dbg\Debug/core.a(syscalls_sam3.c.o)
                0x0008103e                _isatty
 .text._lseek   0x00081042        0x4 C:\Users\payto\AppData\Local\Temp\VMBuilds\talus-apiv0.1\arduino_due_x_dbg\Debug/core.a(syscalls_sam3.c.o)
                0x00081042                _lseek
 .text._read    0x00081046        0x4 C:\Users\payto\AppData\Local\Temp\VMBuilds\talus-apiv0.1\arduino_due_x_dbg\Debug/core.a(syscalls_sam3.c.o)
                0x00081046                _read
 *fill*         0x0008104a        0x2 
 .text._write   0x0008104c       0x24 C:\Users\payto\AppData\Local\Temp\VMBuilds\talus-apiv0.1\arduino_due_x_dbg\Debug/core.a(syscalls_sam3.c.o)
                0x0008104c                _write
 .text._exit    0x00081070       0x10 C:\Users\payto\AppData\Local\Temp\VMBuilds\talus-apiv0.1\arduino_due_x_dbg\Debug/core.a(syscalls_sam3.c.o)
                0x00081070                _exit
 .text._kill    0x00081080        0x2 C:\Users\payto\AppData\Local\Temp\VMBuilds\talus-apiv0.1\arduino_due_x_dbg\Debug/core.a(syscalls_sam3.c.o)
                0x00081080                _kill
 .text._getpid  0x00081082        0x6 C:\Users\payto\AppData\Local\Temp\VMBuilds\talus-apiv0.1\arduino_due_x_dbg\Debug/core.a(syscalls_sam3.c.o)
                0x00081082                _getpid
 .text.millis   0x00081088        0x4 C:\Users\payto\AppData\Local\Temp\VMBuilds\talus-apiv0.1\arduino_due_x_dbg\Debug/core.a(wiring.c.o)
                0x00081088                millis
 .text.delay    0x0008108c       0x1c C:\Users\payto\AppData\Local\Temp\VMBuilds\talus-apiv0.1\arduino_due_x_dbg\Debug/core.a(wiring.c.o)
                0x0008108c                delay
 .text.analogOutputInit
                0x000810a8        0x2 C:\Users\payto\AppData\Local\Temp\VMBuilds\talus-apiv0.1\arduino_due_x_dbg\Debug/core.a(wiring_analog.c.o)
                0x000810a8                analogOutputInit
 *fill*         0x000810aa        0x2 
 .text.pinMode  0x000810ac      0x108 C:\Users\payto\AppData\Local\Temp\VMBuilds\talus-apiv0.1\arduino_due_x_dbg\Debug/core.a(wiring_digital.c.o)
                0x000810ac                pinMode
 .text.digitalWrite
                0x000811b4       0x70 C:\Users\payto\AppData\Local\Temp\VMBuilds\talus-apiv0.1\arduino_due_x_dbg\Debug/core.a(wiring_digital.c.o)
                0x000811b4                digitalWrite
 .text.initVariant
                0x00081224        0x2 C:\Users\payto\AppData\Local\Temp\VMBuilds\talus-apiv0.1\arduino_due_x_dbg\Debug/core.a(main.cpp.o)
                0x00081224                initVariant
 *fill*         0x00081226        0x2 
 .text.startup.main
                0x00081228       0x38 C:\Users\payto\AppData\Local\Temp\VMBuilds\talus-apiv0.1\arduino_due_x_dbg\Debug/core.a(main.cpp.o)
                0x00081228                main
 .text._ZN5Print5writeEPKhj
                0x00081260       0x22 C:\Users\payto\AppData\Local\Temp\VMBuilds\talus-apiv0.1\arduino_due_x_dbg\Debug/core.a(Print.cpp.o)
                0x00081260                Print::write(unsigned char const*, unsigned int)
 .text._ZN5Print5writeEPKc
                0x00081282       0x1e C:\Users\payto\AppData\Local\Temp\VMBuilds\talus-apiv0.1\arduino_due_x_dbg\Debug/core.a(Print.cpp.o)
                0x00081282                Print::write(char const*)
 .text._ZN5Print5printERK6String
                0x000812a0       0x10 C:\Users\payto\AppData\Local\Temp\VMBuilds\talus-apiv0.1\arduino_due_x_dbg\Debug/core.a(Print.cpp.o)
                0x000812a0                Print::print(String const&)
 .text._ZN5Print7printlnEv
                0x000812b0       0x10 C:\Users\payto\AppData\Local\Temp\VMBuilds\talus-apiv0.1\arduino_due_x_dbg\Debug/core.a(Print.cpp.o)
                0x000812b0                Print::println()
 .text._ZN5Print7printlnERK6String
                0x000812c0       0x14 C:\Users\payto\AppData\Local\Temp\VMBuilds\talus-apiv0.1\arduino_due_x_dbg\Debug/core.a(Print.cpp.o)
                0x000812c0                Print::println(String const&)
 .text._ZN5Print7printlnEPKc
                0x000812d4       0x14 C:\Users\payto\AppData\Local\Temp\VMBuilds\talus-apiv0.1\arduino_due_x_dbg\Debug/core.a(Print.cpp.o)
                0x000812d4                Print::println(char const*)
 .text.initiateReset
                0x000812e8        0xc C:\Users\payto\AppData\Local\Temp\VMBuilds\talus-apiv0.1\arduino_due_x_dbg\Debug/core.a(Reset.cpp.o)
                0x000812e8                initiateReset
 .text.cancelReset
                0x000812f4       0x10 C:\Users\payto\AppData\Local\Temp\VMBuilds\talus-apiv0.1\arduino_due_x_dbg\Debug/core.a(Reset.cpp.o)
                0x000812f4                cancelReset
 .text.tickReset
                0x00081304       0x20 C:\Users\payto\AppData\Local\Temp\VMBuilds\talus-apiv0.1\arduino_due_x_dbg\Debug/core.a(Reset.cpp.o)
                0x00081304                tickReset
 .text._ZN10RingBufferC2Ev
                0x00081324       0x1a C:\Users\payto\AppData\Local\Temp\VMBuilds\talus-apiv0.1\arduino_due_x_dbg\Debug/core.a(RingBuffer.cpp.o)
                0x00081324                RingBuffer::RingBuffer()
                0x00081324                RingBuffer::RingBuffer()
 .text._ZN10RingBuffer10store_charEh
                0x0008133e       0x1e C:\Users\payto\AppData\Local\Temp\VMBuilds\talus-apiv0.1\arduino_due_x_dbg\Debug/core.a(RingBuffer.cpp.o)
                0x0008133e                RingBuffer::store_char(unsigned char)
 .text._ZN6Stream9timedReadEv
                0x0008135c       0x2a C:\Users\payto\AppData\Local\Temp\VMBuilds\talus-apiv0.1\arduino_due_x_dbg\Debug/core.a(Stream.cpp.o)
                0x0008135c                Stream::timedRead()
 .text._ZN6Stream10setTimeoutEm
                0x00081386        0x4 C:\Users\payto\AppData\Local\Temp\VMBuilds\talus-apiv0.1\arduino_due_x_dbg\Debug/core.a(Stream.cpp.o)
                0x00081386                Stream::setTimeout(unsigned long)
 *fill*         0x0008138a        0x2 
 .text._ZN6Stream10readStringEv
                0x0008138c       0x28 C:\Users\payto\AppData\Local\Temp\VMBuilds\talus-apiv0.1\arduino_due_x_dbg\Debug/core.a(Stream.cpp.o)
                0x0008138c                Stream::readString()
 .text._ZN9UARTClasscvbEv
                0x000813b4        0x4 C:\Users\payto\AppData\Local\Temp\VMBuilds\talus-apiv0.1\arduino_due_x_dbg\Debug/core.a(UARTClass.cpp.o)
                0x000813b4                UARTClass::operator bool()
 .text._ZN9UARTClass9availableEv
                0x000813b8       0x12 C:\Users\payto\AppData\Local\Temp\VMBuilds\talus-apiv0.1\arduino_due_x_dbg\Debug/core.a(UARTClass.cpp.o)
                0x000813b8                UARTClass::available()
 .text._ZN9UARTClass4peekEv
                0x000813ca       0x1c C:\Users\payto\AppData\Local\Temp\VMBuilds\talus-apiv0.1\arduino_due_x_dbg\Debug/core.a(UARTClass.cpp.o)
                0x000813ca                UARTClass::peek()
 .text._ZN9UARTClass4readEv
                0x000813e6       0x2a C:\Users\payto\AppData\Local\Temp\VMBuilds\talus-apiv0.1\arduino_due_x_dbg\Debug/core.a(UARTClass.cpp.o)
                0x000813e6                UARTClass::read()
 .text._ZN9UARTClass5flushEv
                0x00081410       0x18 C:\Users\payto\AppData\Local\Temp\VMBuilds\talus-apiv0.1\arduino_due_x_dbg\Debug/core.a(UARTClass.cpp.o)
                0x00081410                UARTClass::flush()
 .text._ZN9UARTClass5writeEh
                0x00081428       0x54 C:\Users\payto\AppData\Local\Temp\VMBuilds\talus-apiv0.1\arduino_due_x_dbg\Debug/core.a(UARTClass.cpp.o)
                0x00081428                UARTClass::write(unsigned char)
 .text._ZN9UARTClass3endEv
                0x0008147c       0x3c C:\Users\payto\AppData\Local\Temp\VMBuilds\talus-apiv0.1\arduino_due_x_dbg\Debug/core.a(UARTClass.cpp.o)
                0x0008147c                UARTClass::end()
 .text._ZN9UARTClassC2EP4Uart4IRQnmP10RingBufferS4_
                0x000814b8       0x24 C:\Users\payto\AppData\Local\Temp\VMBuilds\talus-apiv0.1\arduino_due_x_dbg\Debug/core.a(UARTClass.cpp.o)
                0x000814b8                UARTClass::UARTClass(Uart*, IRQn, unsigned long, RingBuffer*, RingBuffer*)
                0x000814b8                UARTClass::UARTClass(Uart*, IRQn, unsigned long, RingBuffer*, RingBuffer*)
 .text._ZN9UARTClass4initEmm
                0x000814dc       0x70 C:\Users\payto\AppData\Local\Temp\VMBuilds\talus-apiv0.1\arduino_due_x_dbg\Debug/core.a(UARTClass.cpp.o)
                0x000814dc                UARTClass::init(unsigned long, unsigned long)
 .text._ZN9UARTClass5beginEm
                0x0008154c        0x8 C:\Users\payto\AppData\Local\Temp\VMBuilds\talus-apiv0.1\arduino_due_x_dbg\Debug/core.a(UARTClass.cpp.o)
                0x0008154c                UARTClass::begin(unsigned long)
 .text._ZN9UARTClass10IrqHandlerEv
                0x00081554       0x5a C:\Users\payto\AppData\Local\Temp\VMBuilds\talus-apiv0.1\arduino_due_x_dbg\Debug/core.a(UARTClass.cpp.o)
                0x00081554                UARTClass::IrqHandler()
 .text._ZN10USARTClass5beginEm
                0x000815ae        0x8 C:\Users\payto\AppData\Local\Temp\VMBuilds\talus-apiv0.1\arduino_due_x_dbg\Debug/core.a(USARTClass.cpp.o)
                0x000815ae                USARTClass::begin(unsigned long)
 *fill*         0x000815b6        0x2 
 .text._ZN10USARTClassC2EP5Usart4IRQnmP10RingBufferS4_
                0x000815b8       0x24 C:\Users\payto\AppData\Local\Temp\VMBuilds\talus-apiv0.1\arduino_due_x_dbg\Debug/core.a(USARTClass.cpp.o)
                0x000815b8                USARTClass::USARTClass(Usart*, IRQn, unsigned long, RingBuffer*, RingBuffer*)
                0x000815b8                USARTClass::USARTClass(Usart*, IRQn, unsigned long, RingBuffer*, RingBuffer*)
 .text._watchdogDefaultSetup
                0x000815dc        0xc C:\Users\payto\AppData\Local\Temp\VMBuilds\talus-apiv0.1\arduino_due_x_dbg\Debug/core.a(watchdog.cpp.o)
                0x000815dc                _watchdogDefaultSetup
                0x000815dc                watchdogSetup()
 .text._Z3maplllll
                0x000815e8       0x14 C:\Users\payto\AppData\Local\Temp\VMBuilds\talus-apiv0.1\arduino_due_x_dbg\Debug/core.a(WMath.cpp.o)
                0x000815e8                map(long, long, long, long, long)
 .text._ZNK6String14StringIfHelperEv
                0x000815fc        0x2 C:\Users\payto\AppData\Local\Temp\VMBuilds\talus-apiv0.1\arduino_due_x_dbg\Debug/core.a(WString.cpp.o)
                0x000815fc                String::StringIfHelper() const
 .text._ZN6StringD2Ev
                0x000815fe        0xe C:\Users\payto\AppData\Local\Temp\VMBuilds\talus-apiv0.1\arduino_due_x_dbg\Debug/core.a(WString.cpp.o)
                0x000815fe                String::~String()
                0x000815fe                String::~String()
 .text._ZN6String10invalidateEv
                0x0008160c       0x16 C:\Users\payto\AppData\Local\Temp\VMBuilds\talus-apiv0.1\arduino_due_x_dbg\Debug/core.a(WString.cpp.o)
                0x0008160c                String::invalidate()
 .text._ZN6String12changeBufferEj
                0x00081622       0x18 C:\Users\payto\AppData\Local\Temp\VMBuilds\talus-apiv0.1\arduino_due_x_dbg\Debug/core.a(WString.cpp.o)
                0x00081622                String::changeBuffer(unsigned int)
 .text._ZN6String7reserveEj
                0x0008163a       0x22 C:\Users\payto\AppData\Local\Temp\VMBuilds\talus-apiv0.1\arduino_due_x_dbg\Debug/core.a(WString.cpp.o)
                0x0008163a                String::reserve(unsigned int)
 .text._ZN6String4copyEPKcj
                0x0008165c       0x26 C:\Users\payto\AppData\Local\Temp\VMBuilds\talus-apiv0.1\arduino_due_x_dbg\Debug/core.a(WString.cpp.o)
                0x0008165c                String::copy(char const*, unsigned int)
 .text._ZN6StringC2EPKc
                0x00081682       0x24 C:\Users\payto\AppData\Local\Temp\VMBuilds\talus-apiv0.1\arduino_due_x_dbg\Debug/core.a(WString.cpp.o)
                0x00081682                String::String(char const*)
                0x00081682                String::String(char const*)
 *fill*         0x000816a6        0x2 
 .text._ZN6String4moveERS_
                0x000816a8       0x44 C:\Users\payto\AppData\Local\Temp\VMBuilds\talus-apiv0.1\arduino_due_x_dbg\Debug/core.a(WString.cpp.o)
                0x000816a8                String::move(String&)
 .text._ZN6StringaSEOS_
                0x000816ec       0x10 C:\Users\payto\AppData\Local\Temp\VMBuilds\talus-apiv0.1\arduino_due_x_dbg\Debug/core.a(WString.cpp.o)
                0x000816ec                String::operator=(String&&)
 .text._ZN6StringaSEPKc
                0x000816fc       0x22 C:\Users\payto\AppData\Local\Temp\VMBuilds\talus-apiv0.1\arduino_due_x_dbg\Debug/core.a(WString.cpp.o)
                0x000816fc                String::operator=(char const*)
 .text._ZN6StringC2Eih
                0x0008171e       0x24 C:\Users\payto\AppData\Local\Temp\VMBuilds\talus-apiv0.1\arduino_due_x_dbg\Debug/core.a(WString.cpp.o)
                0x0008171e                String::String(int, unsigned char)
                0x0008171e                String::String(int, unsigned char)
 .text._ZN6String6concatEPKcj
                0x00081742       0x2e C:\Users\payto\AppData\Local\Temp\VMBuilds\talus-apiv0.1\arduino_due_x_dbg\Debug/core.a(WString.cpp.o)
                0x00081742                String::concat(char const*, unsigned int)
 .text._ZN6String6concatEc
                0x00081770       0x1a C:\Users\payto\AppData\Local\Temp\VMBuilds\talus-apiv0.1\arduino_due_x_dbg\Debug/core.a(WString.cpp.o)
                0x00081770                String::concat(char)
 .text._ZplRK15StringSumHelperRK6String
                0x0008178a       0x1a C:\Users\payto\AppData\Local\Temp\VMBuilds\talus-apiv0.1\arduino_due_x_dbg\Debug/core.a(WString.cpp.o)
                0x0008178a                operator+(StringSumHelper const&, String const&)
 .text._ZplRK15StringSumHelperPKc
                0x000817a4       0x24 C:\Users\payto\AppData\Local\Temp\VMBuilds\talus-apiv0.1\arduino_due_x_dbg\Debug/core.a(WString.cpp.o)
                0x000817a4                operator+(StringSumHelper const&, char const*)
 .text._ZNK6String9compareToERKS_
                0x000817c8       0x2c C:\Users\payto\AppData\Local\Temp\VMBuilds\talus-apiv0.1\arduino_due_x_dbg\Debug/core.a(WString.cpp.o)
                0x000817c8                String::compareTo(String const&) const
 .text._ZNK6String6equalsERKS_
                0x000817f4       0x1c C:\Users\payto\AppData\Local\Temp\VMBuilds\talus-apiv0.1\arduino_due_x_dbg\Debug/core.a(WString.cpp.o)
                0x000817f4                String::equals(String const&) const
 .text._ZN6StringixEj
                0x00081810       0x1c C:\Users\payto\AppData\Local\Temp\VMBuilds\talus-apiv0.1\arduino_due_x_dbg\Debug/core.a(WString.cpp.o)
                0x00081810                String::operator[](unsigned int)
 .text._ZNK6String9substringEjj
                0x0008182c       0x4c C:\Users\payto\AppData\Local\Temp\VMBuilds\talus-apiv0.1\arduino_due_x_dbg\Debug/core.a(WString.cpp.o)
                0x0008182c                String::substring(unsigned int, unsigned int) const
 .text._ZNK6String5toIntEv
                0x00081878        0xa C:\Users\payto\AppData\Local\Temp\VMBuilds\talus-apiv0.1\arduino_due_x_dbg\Debug/core.a(WString.cpp.o)
                0x00081878                String::toInt() const
 *fill*         0x00081882        0x2 
 .text.unlikely._ZL11USB_SendZlpv
                0x00081884       0x20 C:\Users\payto\AppData\Local\Temp\VMBuilds\talus-apiv0.1\arduino_due_x_dbg\Debug/core.a(USBCore.cpp.o)
 .text._Z14USBD_Availablem
                0x000818a4       0x2c C:\Users\payto\AppData\Local\Temp\VMBuilds\talus-apiv0.1\arduino_due_x_dbg\Debug/core.a(USBCore.cpp.o)
                0x000818a4                USBD_Available(unsigned long)
 .text._Z9USBD_RecvmPvm
                0x000818d0       0x7c C:\Users\payto\AppData\Local\Temp\VMBuilds\talus-apiv0.1\arduino_due_x_dbg\Debug/core.a(USBCore.cpp.o)
                0x000818d0                USBD_Recv(unsigned long, void*, unsigned long)
 .text._Z9USBD_Recvm
                0x0008194c       0x22 C:\Users\payto\AppData\Local\Temp\VMBuilds\talus-apiv0.1\arduino_due_x_dbg\Debug/core.a(USBCore.cpp.o)
                0x0008194c                USBD_Recv(unsigned long)
 *fill*         0x0008196e        0x2 
 .text._Z9USBD_SendmPKvm
                0x00081970       0x4c C:\Users\payto\AppData\Local\Temp\VMBuilds\talus-apiv0.1\arduino_due_x_dbg\Debug/core.a(USBCore.cpp.o)
                0x00081970                USBD_Send(unsigned long, void const*, unsigned long)
 .text._Z16USBD_SendControlhPKvm
                0x000819bc       0x40 C:\Users\payto\AppData\Local\Temp\VMBuilds\talus-apiv0.1\arduino_due_x_dbg\Debug/core.a(USBCore.cpp.o)
                0x000819bc                USBD_SendControl(unsigned char, void const*, unsigned long)
 .text.unlikely._ZL24USB_SendStringDescriptorPKhi
                0x000819fc       0x64 C:\Users\payto\AppData\Local\Temp\VMBuilds\talus-apiv0.1\arduino_due_x_dbg\Debug/core.a(USBCore.cpp.o)
 .text._Z16USBD_RecvControlPvm
                0x00081a60       0x1c C:\Users\payto\AppData\Local\Temp\VMBuilds\talus-apiv0.1\arduino_due_x_dbg\Debug/core.a(USBCore.cpp.o)
                0x00081a60                USBD_RecvControl(void*, unsigned long)
 .text._Z26USBD_ClassInterfaceRequestR8USBSetup
                0x00081a7c       0x1e C:\Users\payto\AppData\Local\Temp\VMBuilds\talus-apiv0.1\arduino_due_x_dbg\Debug/core.a(USBCore.cpp.o)
                0x00081a7c                USBD_ClassInterfaceRequest(USBSetup&)
 .text._Z19USBD_SendInterfacesv
                0x00081a9a       0x22 C:\Users\payto\AppData\Local\Temp\VMBuilds\talus-apiv0.1\arduino_due_x_dbg\Debug/core.a(USBCore.cpp.o)
                0x00081a9a                USBD_SendInterfaces()
 .text._Z24USBD_SendOtherInterfacesv
                0x00081abc       0x22 C:\Users\payto\AppData\Local\Temp\VMBuilds\talus-apiv0.1\arduino_due_x_dbg\Debug/core.a(USBCore.cpp.o)
                0x00081abc                USBD_SendOtherInterfaces()
 .text._Z10USBD_Flushm
                0x00081ade       0x16 C:\Users\payto\AppData\Local\Temp\VMBuilds\talus-apiv0.1\arduino_due_x_dbg\Debug/core.a(USBCore.cpp.o)
                0x00081ade                USBD_Flush(unsigned long)
 .text._ZN10USBDevice_C2Ev
                0x00081af4       0x24 C:\Users\payto\AppData\Local\Temp\VMBuilds\talus-apiv0.1\arduino_due_x_dbg\Debug/core.a(USBCore.cpp.o)
                0x00081af4                USBDevice_::USBDevice_()
                0x00081af4                USBDevice_::USBDevice_()
 .text._ZN10USBDevice_6attachEv
                0x00081b18       0x20 C:\Users\payto\AppData\Local\Temp\VMBuilds\talus-apiv0.1\arduino_due_x_dbg\Debug/core.a(USBCore.cpp.o)
                0x00081b18                USBDevice_::attach()
 .text.startup._GLOBAL__sub_I_EndPoints
                0x00081b38        0xc C:\Users\payto\AppData\Local\Temp\VMBuilds\talus-apiv0.1\arduino_due_x_dbg\Debug/core.a(USBCore.cpp.o)
 .text._ZL7USB_ISRv
                0x00081b44      0x454 C:\Users\payto\AppData\Local\Temp\VMBuilds\talus-apiv0.1\arduino_due_x_dbg\Debug/core.a(USBCore.cpp.o)
 .text.ltoa     0x00081f98       0x6e C:\Users\payto\AppData\Local\Temp\VMBuilds\talus-apiv0.1\arduino_due_x_dbg\Debug/core.a(itoa.c.o)
                0x00081f98                ltoa
 .text.itoa     0x00082006        0x4 C:\Users\payto\AppData\Local\Temp\VMBuilds\talus-apiv0.1\arduino_due_x_dbg\Debug/core.a(itoa.c.o)
                0x00082006                itoa
 *fill*         0x0008200a        0x2 
 .text._ZN7Serial_9availableEv
                0x0008200c       0x18 C:\Users\payto\AppData\Local\Temp\VMBuilds\talus-apiv0.1\arduino_due_x_dbg\Debug/core.a(CDC.cpp.o)
                0x0008200c                Serial_::available()
 .text._ZN7Serial_17availableForWriteEv
                0x00082024        0x6 C:\Users\payto\AppData\Local\Temp\VMBuilds\talus-apiv0.1\arduino_due_x_dbg\Debug/core.a(CDC.cpp.o)
                0x00082024                Serial_::availableForWrite()
 *fill*         0x0008202a        0x2 
 .text._ZN7Serial_4peekEv
                0x0008202c       0x20 C:\Users\payto\AppData\Local\Temp\VMBuilds\talus-apiv0.1\arduino_due_x_dbg\Debug/core.a(CDC.cpp.o)
                0x0008202c                Serial_::peek()
 .text._ZN7Serial_5writeEh
                0x0008204c       0x16 C:\Users\payto\AppData\Local\Temp\VMBuilds\talus-apiv0.1\arduino_due_x_dbg\Debug/core.a(CDC.cpp.o)
                0x0008204c                Serial_::write(unsigned char)
 *fill*         0x00082062        0x2 
 .text._ZN7Serial_4readEv
                0x00082064       0x44 C:\Users\payto\AppData\Local\Temp\VMBuilds\talus-apiv0.1\arduino_due_x_dbg\Debug/core.a(CDC.cpp.o)
                0x00082064                Serial_::read()
 .text._ZN7Serial_5flushEv
                0x000820a8        0x6 C:\Users\payto\AppData\Local\Temp\VMBuilds\talus-apiv0.1\arduino_due_x_dbg\Debug/core.a(CDC.cpp.o)
                0x000820a8                Serial_::flush()
 *fill*         0x000820ae        0x2 
 .text._ZN7Serial_6acceptEv
                0x000820b0       0x70 C:\Users\payto\AppData\Local\Temp\VMBuilds\talus-apiv0.1\arduino_due_x_dbg\Debug/core.a(CDC.cpp.o)
                0x000820b0                Serial_::accept()
 .text._ZN7Serial_5writeEPKhj
                0x00082120       0x2c C:\Users\payto\AppData\Local\Temp\VMBuilds\talus-apiv0.1\arduino_due_x_dbg\Debug/core.a(CDC.cpp.o)
                0x00082120                Serial_::write(unsigned char const*, unsigned int)
 .text._Z16CDC_GetInterfacePh
                0x0008214c       0x14 C:\Users\payto\AppData\Local\Temp\VMBuilds\talus-apiv0.1\arduino_due_x_dbg\Debug/core.a(CDC.cpp.o)
                0x0008214c                CDC_GetInterface(unsigned char*)
 .text._Z21CDC_GetOtherInterfacePh
                0x00082160       0x14 C:\Users\payto\AppData\Local\Temp\VMBuilds\talus-apiv0.1\arduino_due_x_dbg\Debug/core.a(CDC.cpp.o)
                0x00082160                CDC_GetOtherInterface(unsigned char*)
 .text._Z9CDC_SetupR8USBSetup
                0x00082174       0x78 C:\Users\payto\AppData\Local\Temp\VMBuilds\talus-apiv0.1\arduino_due_x_dbg\Debug/core.a(CDC.cpp.o)
                0x00082174                CDC_Setup(USBSetup&)
 .text.startup._GLOBAL__sub_I_cdc_rx_buffer
                0x000821ec       0x1c C:\Users\payto\AppData\Local\Temp\VMBuilds\talus-apiv0.1\arduino_due_x_dbg\Debug/core.a(CDC.cpp.o)
 .text._ZN13PluggableUSB_12getInterfaceEPh
                0x00082208       0x28 C:\Users\payto\AppData\Local\Temp\VMBuilds\talus-apiv0.1\arduino_due_x_dbg\Debug/core.a(PluggableUSB.cpp.o)
                0x00082208                PluggableUSB_::getInterface(unsigned char*)
 .text._ZN13PluggableUSB_13getDescriptorER8USBSetup
                0x00082230       0x1c C:\Users\payto\AppData\Local\Temp\VMBuilds\talus-apiv0.1\arduino_due_x_dbg\Debug/core.a(PluggableUSB.cpp.o)
                0x00082230                PluggableUSB_::getDescriptor(USBSetup&)
 .text._ZN13PluggableUSB_12getShortNameEPc
                0x0008224c       0x1c C:\Users\payto\AppData\Local\Temp\VMBuilds\talus-apiv0.1\arduino_due_x_dbg\Debug/core.a(PluggableUSB.cpp.o)
                0x0008224c                PluggableUSB_::getShortName(char*)
 .text._ZN13PluggableUSB_5setupER8USBSetup
                0x00082268       0x20 C:\Users\payto\AppData\Local\Temp\VMBuilds\talus-apiv0.1\arduino_due_x_dbg\Debug/core.a(PluggableUSB.cpp.o)
                0x00082268                PluggableUSB_::setup(USBSetup&)
 .text._Z12PluggableUSBv
                0x00082288       0x28 C:\Users\payto\AppData\Local\Temp\VMBuilds\talus-apiv0.1\arduino_due_x_dbg\Debug/core.a(PluggableUSB.cpp.o)
                0x00082288                PluggableUSB()
 .text.TimeTick_Increment
                0x000822b0       0x10 C:\Users\payto\AppData\Local\arduino15\packages\arduino\hardware\sam\1.6.11\variants\arduino_due_x/libsam_sam3x8e_gcc_rel.a(timetick.o)
                0x000822b0                TimeTick_Increment
 .text.GetTickCount
                0x000822c0        0xc C:\Users\payto\AppData\Local\arduino15\packages\arduino\hardware\sam\1.6.11\variants\arduino_due_x/libsam_sam3x8e_gcc_rel.a(timetick.o)
                0x000822c0                GetTickCount
 .text.WDT_Disable
                0x000822cc        0x8 C:\Users\payto\AppData\Local\arduino15\packages\arduino\hardware\sam\1.6.11\variants\arduino_due_x/libsam_sam3x8e_gcc_rel.a(wdt.o)
                0x000822cc                WDT_Disable
 .text.UDD_SetStack
                0x000822d4        0xc C:\Users\payto\AppData\Local\arduino15\packages\arduino\hardware\sam\1.6.11\variants\arduino_due_x/libsam_sam3x8e_gcc_rel.a(uotghs_device.o)
                0x000822d4                UDD_SetStack
 .text.UDD_Init
                0x000822e0       0xd0 C:\Users\payto\AppData\Local\arduino15\packages\arduino\hardware\sam\1.6.11\variants\arduino_due_x/libsam_sam3x8e_gcc_rel.a(uotghs_device.o)
                0x000822e0                UDD_Init
 .text.UDD_Attach
                0x000823b0       0x50 C:\Users\payto\AppData\Local\arduino15\packages\arduino\hardware\sam\1.6.11\variants\arduino_due_x/libsam_sam3x8e_gcc_rel.a(uotghs_device.o)
                0x000823b0                UDD_Attach
 .text.UDD_InitEP
                0x00082400       0x2c C:\Users\payto\AppData\Local\arduino15\packages\arduino\hardware\sam\1.6.11\variants\arduino_due_x/libsam_sam3x8e_gcc_rel.a(uotghs_device.o)
                0x00082400                UDD_InitEP
 .text.UDD_InitEndpoints
                0x0008242c       0x3c C:\Users\payto\AppData\Local\arduino15\packages\arduino\hardware\sam\1.6.11\variants\arduino_due_x/libsam_sam3x8e_gcc_rel.a(uotghs_device.o)
                0x0008242c                UDD_InitEndpoints
 .text.UDD_WaitIN
                0x00082468       0x10 C:\Users\payto\AppData\Local\arduino15\packages\arduino\hardware\sam\1.6.11\variants\arduino_due_x/libsam_sam3x8e_gcc_rel.a(uotghs_device.o)
                0x00082468                UDD_WaitIN
 .text.UDD_WaitOUT
                0x00082478       0x10 C:\Users\payto\AppData\Local\arduino15\packages\arduino\hardware\sam\1.6.11\variants\arduino_due_x/libsam_sam3x8e_gcc_rel.a(uotghs_device.o)
                0x00082478                UDD_WaitOUT
 .text.UDD_ClearIN
                0x00082488       0x18 C:\Users\payto\AppData\Local\arduino15\packages\arduino\hardware\sam\1.6.11\variants\arduino_due_x/libsam_sam3x8e_gcc_rel.a(uotghs_device.o)
                0x00082488                UDD_ClearIN
 .text.UDD_ClearOUT
                0x000824a0       0x18 C:\Users\payto\AppData\Local\arduino15\packages\arduino\hardware\sam\1.6.11\variants\arduino_due_x/libsam_sam3x8e_gcc_rel.a(uotghs_device.o)
                0x000824a0                UDD_ClearOUT
 .text.UDD_ReceivedSetupInt
                0x000824b8       0x10 C:\Users\payto\AppData\Local\arduino15\packages\arduino\hardware\sam\1.6.11\variants\arduino_due_x/libsam_sam3x8e_gcc_rel.a(uotghs_device.o)
                0x000824b8                UDD_ReceivedSetupInt
 .text.UDD_ClearSetupInt
                0x000824c8       0x10 C:\Users\payto\AppData\Local\arduino15\packages\arduino\hardware\sam\1.6.11\variants\arduino_due_x/libsam_sam3x8e_gcc_rel.a(uotghs_device.o)
                0x000824c8                UDD_ClearSetupInt
 .text.UDD_Send
                0x000824d8       0x88 C:\Users\payto\AppData\Local\arduino15\packages\arduino\hardware\sam\1.6.11\variants\arduino_due_x/libsam_sam3x8e_gcc_rel.a(uotghs_device.o)
                0x000824d8                UDD_Send
 .text.UDD_Send8
                0x00082560       0x24 C:\Users\payto\AppData\Local\arduino15\packages\arduino\hardware\sam\1.6.11\variants\arduino_due_x/libsam_sam3x8e_gcc_rel.a(uotghs_device.o)
                0x00082560                UDD_Send8
 .text.UDD_Recv8
                0x00082584       0x28 C:\Users\payto\AppData\Local\arduino15\packages\arduino\hardware\sam\1.6.11\variants\arduino_due_x/libsam_sam3x8e_gcc_rel.a(uotghs_device.o)
                0x00082584                UDD_Recv8
 .text.UDD_Recv
                0x000825ac       0x34 C:\Users\payto\AppData\Local\arduino15\packages\arduino\hardware\sam\1.6.11\variants\arduino_due_x/libsam_sam3x8e_gcc_rel.a(uotghs_device.o)
                0x000825ac                UDD_Recv
 .text.UDD_Stall
                0x000825e0       0x14 C:\Users\payto\AppData\Local\arduino15\packages\arduino\hardware\sam\1.6.11\variants\arduino_due_x/libsam_sam3x8e_gcc_rel.a(uotghs_device.o)
                0x000825e0                UDD_Stall
 .text.UDD_FifoByteCount
                0x000825f4       0x14 C:\Users\payto\AppData\Local\arduino15\packages\arduino\hardware\sam\1.6.11\variants\arduino_due_x/libsam_sam3x8e_gcc_rel.a(uotghs_device.o)
                0x000825f4                UDD_FifoByteCount
 .text.UDD_ReleaseRX
                0x00082608       0x28 C:\Users\payto\AppData\Local\arduino15\packages\arduino\hardware\sam\1.6.11\variants\arduino_due_x/libsam_sam3x8e_gcc_rel.a(uotghs_device.o)
                0x00082608                UDD_ReleaseRX
 .text.UDD_ReleaseTX
                0x00082630       0x28 C:\Users\payto\AppData\Local\arduino15\packages\arduino\hardware\sam\1.6.11\variants\arduino_due_x/libsam_sam3x8e_gcc_rel.a(uotghs_device.o)
                0x00082630                UDD_ReleaseTX
 .text.UDD_SetAddress
                0x00082658       0x20 C:\Users\payto\AppData\Local\arduino15\packages\arduino\hardware\sam\1.6.11\variants\arduino_due_x/libsam_sam3x8e_gcc_rel.a(uotghs_device.o)
                0x00082658                UDD_SetAddress
 .text.__aeabi_atexit
                0x00082678        0xc c:/users/payto/appdata/local/arduino15/packages/arduino/tools/arm-none-eabi-gcc/4.8.3-2014q1/bin/../lib/gcc/arm-none-eabi/4.8.3/../../../../arm-none-eabi/lib/armv7-m\libg.a(lib_a-aeabi_atexit.o)
                0x00082678                __aeabi_atexit
 .text.__assert_func
                0x00082684       0x3c c:/users/payto/appdata/local/arduino15/packages/arduino/tools/arm-none-eabi-gcc/4.8.3-2014q1/bin/../lib/gcc/arm-none-eabi/4.8.3/../../../../arm-none-eabi/lib/armv7-m\libg.a(lib_a-assert.o)
                0x00082684                __assert_func
 .text.atol     0x000826c0        0x8 c:/users/payto/appdata/local/arduino15/packages/arduino/tools/arm-none-eabi-gcc/4.8.3-2014q1/bin/../lib/gcc/arm-none-eabi/4.8.3/../../../../arm-none-eabi/lib/armv7-m\libg.a(lib_a-atol.o)
                0x000826c0                atol
 .text.__cxa_atexit
                0x000826c8       0x14 c:/users/payto/appdata/local/arduino15/packages/arduino/tools/arm-none-eabi-gcc/4.8.3-2014q1/bin/../lib/gcc/arm-none-eabi/4.8.3/../../../../arm-none-eabi/lib/armv7-m\libg.a(lib_a-cxa_atexit.o)
                0x000826c8                __cxa_atexit
 .text.fiprintf
                0x000826dc       0x28 c:/users/payto/appdata/local/arduino15/packages/arduino/tools/arm-none-eabi-gcc/4.8.3-2014q1/bin/../lib/gcc/arm-none-eabi/4.8.3/../../../../arm-none-eabi/lib/armv7-m\libg.a(lib_a-fiprintf.o)
                0x000826dc                fiprintf
 .text.__libc_init_array
                0x00082704       0x50 c:/users/payto/appdata/local/arduino15/packages/arduino/tools/arm-none-eabi-gcc/4.8.3-2014q1/bin/../lib/gcc/arm-none-eabi/4.8.3/../../../../arm-none-eabi/lib/armv7-m\libg.a(lib_a-init.o)
                0x00082704                __libc_init_array
 .text.iprintf  0x00082754       0x28 c:/users/payto/appdata/local/arduino15/packages/arduino/tools/arm-none-eabi-gcc/4.8.3-2014q1/bin/../lib/gcc/arm-none-eabi/4.8.3/../../../../arm-none-eabi/lib/armv7-m\libg.a(lib_a-iprintf.o)
                0x00082754                iprintf
 .text.malloc   0x0008277c       0x10 c:/users/payto/appdata/local/arduino15/packages/arduino/tools/arm-none-eabi-gcc/4.8.3-2014q1/bin/../lib/gcc/arm-none-eabi/4.8.3/../../../../arm-none-eabi/lib/armv7-m\libg.a(lib_a-malloc.o)
                0x0008277c                malloc
 .text.free     0x0008278c       0x10 c:/users/payto/appdata/local/arduino15/packages/arduino/tools/arm-none-eabi-gcc/4.8.3-2014q1/bin/../lib/gcc/arm-none-eabi/4.8.3/../../../../arm-none-eabi/lib/armv7-m\libg.a(lib_a-malloc.o)
                0x0008278c                free
 .text._malloc_r
                0x0008279c      0x538 c:/users/payto/appdata/local/arduino15/packages/arduino/tools/arm-none-eabi-gcc/4.8.3-2014q1/bin/../lib/gcc/arm-none-eabi/4.8.3/../../../../arm-none-eabi/lib/armv7-m\libg.a(lib_a-mallocr.o)
                0x0008279c                _malloc_r
 .text          0x00082cd4       0xec c:/users/payto/appdata/local/arduino15/packages/arduino/tools/arm-none-eabi-gcc/4.8.3-2014q1/bin/../lib/gcc/arm-none-eabi/4.8.3/../../../../arm-none-eabi/lib/armv7-m\libg.a(lib_a-memcpy.o)
                0x00082cd4                memcpy
 .text.memmove  0x00082dc0       0xcc c:/users/payto/appdata/local/arduino15/packages/arduino/tools/arm-none-eabi-gcc/4.8.3-2014q1/bin/../lib/gcc/arm-none-eabi/4.8.3/../../../../arm-none-eabi/lib/armv7-m\libg.a(lib_a-memmove.o)
                0x00082dc0                memmove
 .text.memset   0x00082e8c       0x94 c:/users/payto/appdata/local/arduino15/packages/arduino/tools/arm-none-eabi-gcc/4.8.3-2014q1/bin/../lib/gcc/arm-none-eabi/4.8.3/../../../../arm-none-eabi/lib/armv7-m\libg.a(lib_a-memset.o)
                0x00082e8c                memset
 .text.__malloc_lock
                0x00082f20        0x4 c:/users/payto/appdata/local/arduino15/packages/arduino/tools/arm-none-eabi-gcc/4.8.3-2014q1/bin/../lib/gcc/arm-none-eabi/4.8.3/../../../../arm-none-eabi/lib/armv7-m\libg.a(lib_a-mlock.o)
                0x00082f20                __malloc_lock
 .text.__malloc_unlock
                0x00082f24        0x4 c:/users/payto/appdata/local/arduino15/packages/arduino/tools/arm-none-eabi-gcc/4.8.3-2014q1/bin/../lib/gcc/arm-none-eabi/4.8.3/../../../../arm-none-eabi/lib/armv7-m\libg.a(lib_a-mlock.o)
                0x00082f24                __malloc_unlock
 .text.realloc  0x00082f28       0x10 c:/users/payto/appdata/local/arduino15/packages/arduino/tools/arm-none-eabi-gcc/4.8.3-2014q1/bin/../lib/gcc/arm-none-eabi/4.8.3/../../../../arm-none-eabi/lib/armv7-m\libg.a(lib_a-realloc.o)
                0x00082f28                realloc
 .text._realloc_r
                0x00082f38      0x3c0 c:/users/payto/appdata/local/arduino15/packages/arduino/tools/arm-none-eabi-gcc/4.8.3-2014q1/bin/../lib/gcc/arm-none-eabi/4.8.3/../../../../arm-none-eabi/lib/armv7-m\libg.a(lib_a-reallocr.o)
                0x00082f38                _realloc_r
 .text._sbrk_r  0x000832f8       0x24 c:/users/payto/appdata/local/arduino15/packages/arduino/tools/arm-none-eabi-gcc/4.8.3-2014q1/bin/../lib/gcc/arm-none-eabi/4.8.3/../../../../arm-none-eabi/lib/armv7-m\libg.a(lib_a-sbrkr.o)
                0x000832f8                _sbrk_r
 .text          0x0008331c      0x23c c:/users/payto/appdata/local/arduino15/packages/arduino/tools/arm-none-eabi-gcc/4.8.3-2014q1/bin/../lib/gcc/arm-none-eabi/4.8.3/../../../../arm-none-eabi/lib/armv7-m\libg.a(lib_a-strcmp.o)
                0x0008331c                strcmp
 .text.strcpy   0x00083558       0xbc c:/users/payto/appdata/local/arduino15/packages/arduino/tools/arm-none-eabi-gcc/4.8.3-2014q1/bin/../lib/gcc/arm-none-eabi/4.8.3/../../../../arm-none-eabi/lib/armv7-m\libg.a(lib_a-strcpy.o)
                0x00083558                strcpy
 .text.strlen   0x00083614       0x60 c:/users/payto/appdata/local/arduino15/packages/arduino/tools/arm-none-eabi-gcc/4.8.3-2014q1/bin/../lib/gcc/arm-none-eabi/4.8.3/../../../../arm-none-eabi/lib/armv7-m\libg.a(lib_a-strlen.o)
                0x00083614                strlen
 .text._strtol_r
                0x00083674      0x114 c:/users/payto/appdata/local/arduino15/packages/arduino/tools/arm-none-eabi-gcc/4.8.3-2014q1/bin/../lib/gcc/arm-none-eabi/4.8.3/../../../../arm-none-eabi/lib/armv7-m\libg.a(lib_a-strtol.o)
                0x00083674                _strtol_r
 .text.strtol   0x00083788       0x18 c:/users/payto/appdata/local/arduino15/packages/arduino/tools/arm-none-eabi-gcc/4.8.3-2014q1/bin/../lib/gcc/arm-none-eabi/4.8.3/../../../../arm-none-eabi/lib/armv7-m\libg.a(lib_a-strtol.o)
                0x00083788                strtol
 .text.kill     0x000837a0       0x10 c:/users/payto/appdata/local/arduino15/packages/arduino/tools/arm-none-eabi-gcc/4.8.3-2014q1/bin/../lib/gcc/arm-none-eabi/4.8.3/../../../../arm-none-eabi/lib/armv7-m\libg.a(lib_a-syskill.o)
                0x000837a0                kill
 .text.__sprint_r.part.0
                0x000837b0       0x78 c:/users/payto/appdata/local/arduino15/packages/arduino/tools/arm-none-eabi-gcc/4.8.3-2014q1/bin/../lib/gcc/arm-none-eabi/4.8.3/../../../../arm-none-eabi/lib/armv7-m\libg.a(lib_a-vfiprintf.o)
 .text._vfiprintf_r
                0x00083828      0xc54 c:/users/payto/appdata/local/arduino15/packages/arduino/tools/arm-none-eabi-gcc/4.8.3-2014q1/bin/../lib/gcc/arm-none-eabi/4.8.3/../../../../arm-none-eabi/lib/armv7-m\libg.a(lib_a-vfiprintf.o)
                0x00083828                _vfiprintf_r
 .text.__sbprintf
                0x0008447c       0x7c c:/users/payto/appdata/local/arduino15/packages/arduino/tools/arm-none-eabi-gcc/4.8.3-2014q1/bin/../lib/gcc/arm-none-eabi/4.8.3/../../../../arm-none-eabi/lib/armv7-m\libg.a(lib_a-vfiprintf.o)
 .text.__swsetup_r
                0x000844f8       0xc4 c:/users/payto/appdata/local/arduino15/packages/arduino/tools/arm-none-eabi-gcc/4.8.3-2014q1/bin/../lib/gcc/arm-none-eabi/4.8.3/../../../../arm-none-eabi/lib/armv7-m\libg.a(lib_a-wsetup.o)
                0x000844f8                __swsetup_r
 .text.__register_exitproc
                0x000845bc       0xa8 c:/users/payto/appdata/local/arduino15/packages/arduino/tools/arm-none-eabi-gcc/4.8.3-2014q1/bin/../lib/gcc/arm-none-eabi/4.8.3/../../../../arm-none-eabi/lib/armv7-m\libg.a(lib_a-__atexit.o)
                0x000845bc                __register_exitproc
 .text.startup.register_fini
                0x00084664       0x14 c:/users/payto/appdata/local/arduino15/packages/arduino/tools/arm-none-eabi-gcc/4.8.3-2014q1/bin/../lib/gcc/arm-none-eabi/4.8.3/../../../../arm-none-eabi/lib/armv7-m\libg.a(lib_a-__call_atexit.o)
 .text.abort    0x00084678       0x10 c:/users/payto/appdata/local/arduino15/packages/arduino/tools/arm-none-eabi-gcc/4.8.3-2014q1/bin/../lib/gcc/arm-none-eabi/4.8.3/../../../../arm-none-eabi/lib/armv7-m\libg.a(lib_a-abort.o)
                0x00084678                abort
 .text.atexit   0x00084688        0xc c:/users/payto/appdata/local/arduino15/packages/arduino/tools/arm-none-eabi-gcc/4.8.3-2014q1/bin/../lib/gcc/arm-none-eabi/4.8.3/../../../../arm-none-eabi/lib/armv7-m\libg.a(lib_a-atexit.o)
                0x00084688                atexit
 .text.__sflush_r
                0x00084694      0x148 c:/users/payto/appdata/local/arduino15/packages/arduino/tools/arm-none-eabi-gcc/4.8.3-2014q1/bin/../lib/gcc/arm-none-eabi/4.8.3/../../../../arm-none-eabi/lib/armv7-m\libg.a(lib_a-fflush.o)
                0x00084694                __sflush_r
 .text._fflush_r
                0x000847dc       0x2c c:/users/payto/appdata/local/arduino15/packages/arduino/tools/arm-none-eabi-gcc/4.8.3-2014q1/bin/../lib/gcc/arm-none-eabi/4.8.3/../../../../arm-none-eabi/lib/armv7-m\libg.a(lib_a-fflush.o)
                0x000847dc                _fflush_r
 .text._cleanup_r
                0x00084808        0xc c:/users/payto/appdata/local/arduino15/packages/arduino/tools/arm-none-eabi-gcc/4.8.3-2014q1/bin/../lib/gcc/arm-none-eabi/4.8.3/../../../../arm-none-eabi/lib/armv7-m\libg.a(lib_a-findfp.o)
                0x00084808                _cleanup_r
 .text.__sinit  0x00084814       0xf4 c:/users/payto/appdata/local/arduino15/packages/arduino/tools/arm-none-eabi-gcc/4.8.3-2014q1/bin/../lib/gcc/arm-none-eabi/4.8.3/../../../../arm-none-eabi/lib/armv7-m\libg.a(lib_a-findfp.o)
                0x00084814                __sinit
 .text.__sfp_lock_acquire
                0x00084908        0x4 c:/users/payto/appdata/local/arduino15/packages/arduino/tools/arm-none-eabi-gcc/4.8.3-2014q1/bin/../lib/gcc/arm-none-eabi/4.8.3/../../../../arm-none-eabi/lib/armv7-m\libg.a(lib_a-findfp.o)
                0x00084908                __sfp_lock_acquire
 .text.__sfp_lock_release
                0x0008490c        0x4 c:/users/payto/appdata/local/arduino15/packages/arduino/tools/arm-none-eabi-gcc/4.8.3-2014q1/bin/../lib/gcc/arm-none-eabi/4.8.3/../../../../arm-none-eabi/lib/armv7-m\libg.a(lib_a-findfp.o)
                0x0008490c                __sfp_lock_release
 .text.__libc_fini_array
                0x00084910       0x30 c:/users/payto/appdata/local/arduino15/packages/arduino/tools/arm-none-eabi-gcc/4.8.3-2014q1/bin/../lib/gcc/arm-none-eabi/4.8.3/../../../../arm-none-eabi/lib/armv7-m\libg.a(lib_a-fini.o)
                0x00084910                __libc_fini_array
 .text._fputwc_r
                0x00084940       0xc0 c:/users/payto/appdata/local/arduino15/packages/arduino/tools/arm-none-eabi-gcc/4.8.3-2014q1/bin/../lib/gcc/arm-none-eabi/4.8.3/../../../../arm-none-eabi/lib/armv7-m\libg.a(lib_a-fputwc.o)
                0x00084940                _fputwc_r
 .text._malloc_trim_r
                0x00084a00       0x9c c:/users/payto/appdata/local/arduino15/packages/arduino/tools/arm-none-eabi-gcc/4.8.3-2014q1/bin/../lib/gcc/arm-none-eabi/4.8.3/../../../../arm-none-eabi/lib/armv7-m\libg.a(lib_a-freer.o)
                0x00084a00                _malloc_trim_r
 .text._free_r  0x00084a9c      0x198 c:/users/payto/appdata/local/arduino15/packages/arduino/tools/arm-none-eabi-gcc/4.8.3-2014q1/bin/../lib/gcc/arm-none-eabi/4.8.3/../../../../arm-none-eabi/lib/armv7-m\libg.a(lib_a-freer.o)
                0x00084a9c                _free_r
 .text.__sfvwrite_r
                0x00084c34      0x314 c:/users/payto/appdata/local/arduino15/packages/arduino/tools/arm-none-eabi-gcc/4.8.3-2014q1/bin/../lib/gcc/arm-none-eabi/4.8.3/../../../../arm-none-eabi/lib/armv7-m\libg.a(lib_a-fvwrite.o)
                0x00084c34                __sfvwrite_r
 .text._fwalk   0x00084f48       0x48 c:/users/payto/appdata/local/arduino15/packages/arduino/tools/arm-none-eabi-gcc/4.8.3-2014q1/bin/../lib/gcc/arm-none-eabi/4.8.3/../../../../arm-none-eabi/lib/armv7-m\libg.a(lib_a-fwalk.o)
                0x00084f48                _fwalk
 .text.__locale_charset
                0x00084f90        0x8 c:/users/payto/appdata/local/arduino15/packages/arduino/tools/arm-none-eabi-gcc/4.8.3-2014q1/bin/../lib/gcc/arm-none-eabi/4.8.3/../../../../arm-none-eabi/lib/armv7-m\libg.a(lib_a-locale.o)
                0x00084f90                __locale_charset
 .text.__locale_mb_cur_max
                0x00084f98        0xc c:/users/payto/appdata/local/arduino15/packages/arduino/tools/arm-none-eabi-gcc/4.8.3-2014q1/bin/../lib/gcc/arm-none-eabi/4.8.3/../../../../arm-none-eabi/lib/armv7-m\libg.a(lib_a-locale.o)
                0x00084f98                __locale_mb_cur_max
 .text.__smakebuf_r
                0x00084fa4       0xe0 c:/users/payto/appdata/local/arduino15/packages/arduino/tools/arm-none-eabi-gcc/4.8.3-2014q1/bin/../lib/gcc/arm-none-eabi/4.8.3/../../../../arm-none-eabi/lib/armv7-m\libg.a(lib_a-makebuf.o)
                0x00084fa4                __smakebuf_r
 .text.memchr   0x00085084       0x94 c:/users/payto/appdata/local/arduino15/packages/arduino/tools/arm-none-eabi-gcc/4.8.3-2014q1/bin/../lib/gcc/arm-none-eabi/4.8.3/../../../../arm-none-eabi/lib/armv7-m\libg.a(lib_a-memchr-stub.o)
                0x00085084                memchr
 .text._raise_r
                0x00085118       0x58 c:/users/payto/appdata/local/arduino15/packages/arduino/tools/arm-none-eabi-gcc/4.8.3-2014q1/bin/../lib/gcc/arm-none-eabi/4.8.3/../../../../arm-none-eabi/lib/armv7-m\libg.a(lib_a-signal.o)
                0x00085118                _raise_r
 .text.raise    0x00085170       0x10 c:/users/payto/appdata/local/arduino15/packages/arduino/tools/arm-none-eabi-gcc/4.8.3-2014q1/bin/../lib/gcc/arm-none-eabi/4.8.3/../../../../arm-none-eabi/lib/armv7-m\libg.a(lib_a-signal.o)
                0x00085170                raise
 .text._kill_r  0x00085180       0x28 c:/users/payto/appdata/local/arduino15/packages/arduino/tools/arm-none-eabi-gcc/4.8.3-2014q1/bin/../lib/gcc/arm-none-eabi/4.8.3/../../../../arm-none-eabi/lib/armv7-m\libg.a(lib_a-signalr.o)
                0x00085180                _kill_r
 .text._getpid_r
                0x000851a8        0x4 c:/users/payto/appdata/local/arduino15/packages/arduino/tools/arm-none-eabi-gcc/4.8.3-2014q1/bin/../lib/gcc/arm-none-eabi/4.8.3/../../../../arm-none-eabi/lib/armv7-m\libg.a(lib_a-signalr.o)
                0x000851a8                _getpid_r
 .text.__sread  0x000851ac       0x24 c:/users/payto/appdata/local/arduino15/packages/arduino/tools/arm-none-eabi-gcc/4.8.3-2014q1/bin/../lib/gcc/arm-none-eabi/4.8.3/../../../../arm-none-eabi/lib/armv7-m\libg.a(lib_a-stdio.o)
                0x000851ac                __sread
 .text.__swrite
                0x000851d0       0x38 c:/users/payto/appdata/local/arduino15/packages/arduino/tools/arm-none-eabi-gcc/4.8.3-2014q1/bin/../lib/gcc/arm-none-eabi/4.8.3/../../../../arm-none-eabi/lib/armv7-m\libg.a(lib_a-stdio.o)
                0x000851d0                __swrite
 .text.__sseek  0x00085208       0x20 c:/users/payto/appdata/local/arduino15/packages/arduino/tools/arm-none-eabi-gcc/4.8.3-2014q1/bin/../lib/gcc/arm-none-eabi/4.8.3/../../../../arm-none-eabi/lib/armv7-m\libg.a(lib_a-stdio.o)
                0x00085208                __sseek
 .text.__sclose
                0x00085228        0x8 c:/users/payto/appdata/local/arduino15/packages/arduino/tools/arm-none-eabi-gcc/4.8.3-2014q1/bin/../lib/gcc/arm-none-eabi/4.8.3/../../../../arm-none-eabi/lib/armv7-m\libg.a(lib_a-stdio.o)
                0x00085228                __sclose
 .text.__swbuf_r
                0x00085230       0xa8 c:/users/payto/appdata/local/arduino15/packages/arduino/tools/arm-none-eabi-gcc/4.8.3-2014q1/bin/../lib/gcc/arm-none-eabi/4.8.3/../../../../arm-none-eabi/lib/armv7-m\libg.a(lib_a-wbuf.o)
                0x00085230                __swbuf_r
 .text._wcrtomb_r
                0x000852d8       0x50 c:/users/payto/appdata/local/arduino15/packages/arduino/tools/arm-none-eabi-gcc/4.8.3-2014q1/bin/../lib/gcc/arm-none-eabi/4.8.3/../../../../arm-none-eabi/lib/armv7-m\libg.a(lib_a-wcrtomb.o)
                0x000852d8                _wcrtomb_r
 .text.__ascii_wctomb
                0x00085328       0x1c c:/users/payto/appdata/local/arduino15/packages/arduino/tools/arm-none-eabi-gcc/4.8.3-2014q1/bin/../lib/gcc/arm-none-eabi/4.8.3/../../../../arm-none-eabi/lib/armv7-m\libg.a(lib_a-wctomb_r.o)
                0x00085328                __ascii_wctomb
 .text._write_r
                0x00085344       0x28 c:/users/payto/appdata/local/arduino15/packages/arduino/tools/arm-none-eabi-gcc/4.8.3-2014q1/bin/../lib/gcc/arm-none-eabi/4.8.3/../../../../arm-none-eabi/lib/armv7-m\libg.a(lib_a-writer.o)
                0x00085344                _write_r
 .text._close_r
                0x0008536c       0x24 c:/users/payto/appdata/local/arduino15/packages/arduino/tools/arm-none-eabi-gcc/4.8.3-2014q1/bin/../lib/gcc/arm-none-eabi/4.8.3/../../../../arm-none-eabi/lib/armv7-m\libg.a(lib_a-closer.o)
                0x0008536c                _close_r
 .text._fclose_r
                0x00085390       0x80 c:/users/payto/appdata/local/arduino15/packages/arduino/tools/arm-none-eabi-gcc/4.8.3-2014q1/bin/../lib/gcc/arm-none-eabi/4.8.3/../../../../arm-none-eabi/lib/armv7-m\libg.a(lib_a-fclose.o)
                0x00085390                _fclose_r
 .text.fclose   0x00085410       0x10 c:/users/payto/appdata/local/arduino15/packages/arduino/tools/arm-none-eabi-gcc/4.8.3-2014q1/bin/../lib/gcc/arm-none-eabi/4.8.3/../../../../arm-none-eabi/lib/armv7-m\libg.a(lib_a-fclose.o)
                0x00085410                fclose
 .text._fstat_r
                0x00085420       0x28 c:/users/payto/appdata/local/arduino15/packages/arduino/tools/arm-none-eabi-gcc/4.8.3-2014q1/bin/../lib/gcc/arm-none-eabi/4.8.3/../../../../arm-none-eabi/lib/armv7-m\libg.a(lib_a-fstatr.o)
                0x00085420                _fstat_r
 .text._isatty_r
                0x00085448       0x24 c:/users/payto/appdata/local/arduino15/packages/arduino/tools/arm-none-eabi-gcc/4.8.3-2014q1/bin/../lib/gcc/arm-none-eabi/4.8.3/../../../../arm-none-eabi/lib/armv7-m\libg.a(lib_a-isattyr.o)
                0x00085448                _isatty_r
 .text._lseek_r
                0x0008546c       0x28 c:/users/payto/appdata/local/arduino15/packages/arduino/tools/arm-none-eabi-gcc/4.8.3-2014q1/bin/../lib/gcc/arm-none-eabi/4.8.3/../../../../arm-none-eabi/lib/armv7-m\libg.a(lib_a-lseekr.o)
                0x0008546c                _lseek_r
 .text._read_r  0x00085494       0x28 c:/users/payto/appdata/local/arduino15/packages/arduino/tools/arm-none-eabi-gcc/4.8.3-2014q1/bin/../lib/gcc/arm-none-eabi/4.8.3/../../../../arm-none-eabi/lib/armv7-m\libg.a(lib_a-readr.o)
                0x00085494                _read_r
 .text          0x000854bc       0x2c c:/users/payto/appdata/local/arduino15/packages/arduino/tools/arm-none-eabi-gcc/4.8.3-2014q1/bin/../lib/gcc/arm-none-eabi/4.8.3/armv7-m\libgcc.a(_aeabi_uldivmod.o)
                0x000854bc                __aeabi_uldivmod
 .text          0x000854e8       0x60 c:/users/payto/appdata/local/arduino15/packages/arduino/tools/arm-none-eabi-gcc/4.8.3-2014q1/bin/../lib/gcc/arm-none-eabi/4.8.3/armv7-m\libgcc.a(bpabi.o)
                0x000854e8                __gnu_ldivmod_helper
                0x00085518                __gnu_uldivmod_helper
 .text          0x00085548        0x4 c:/users/payto/appdata/local/arduino15/packages/arduino/tools/arm-none-eabi-gcc/4.8.3-2014q1/bin/../lib/gcc/arm-none-eabi/4.8.3/armv7-m\libgcc.a(_dvmd_tls.o)
                0x00085548                __aeabi_idiv0
                0x00085548                __aeabi_ldiv0
 .text          0x0008554c      0x2a0 c:/users/payto/appdata/local/arduino15/packages/arduino/tools/arm-none-eabi-gcc/4.8.3-2014q1/bin/../lib/gcc/arm-none-eabi/4.8.3/armv7-m\libgcc.a(_divdi3.o)
                0x0008554c                __divdi3
 .text          0x000857ec      0x290 c:/users/payto/appdata/local/arduino15/packages/arduino/tools/arm-none-eabi-gcc/4.8.3-2014q1/bin/../lib/gcc/arm-none-eabi/4.8.3/armv7-m\libgcc.a(_udivdi3.o)
                0x000857ec                __udivdi3
 *(.glue_7t)
 .glue_7t       0x00000000        0x0 linker stubs
 *(.glue_7)
 .glue_7        0x00000000        0x0 linker stubs
 *(.rodata .rodata* .gnu.linkonce.r.*)
 .rodata.str1.1
                0x00085a7c       0x99 talus-apiv0.1.cpp.o
                                 0x9a (size before relaxing)
 *fill*         0x00085b15        0x3 
 .rodata.g_APinDescription
                0x00085b18      0xa2c C:\Users\payto\AppData\Local\Temp\VMBCore\arduino16x\5b87f04d4f6e7f8866df224fb123a9fa\variant\variant.cpp.o
                0x00085b18                g_APinDescription
 .rodata.__func__.6792
                0x00086544        0xd C:\Users\payto\AppData\Local\arduino15\packages\arduino\hardware\sam\1.6.11\variants\arduino_due_x/libsam_sam3x8e_gcc_rel.a(tc.o)
 .rodata.str1.1
                0x00086551       0x54 C:\Users\payto\AppData\Local\arduino15\packages\arduino\hardware\sam\1.6.11\variants\arduino_due_x/libsam_sam3x8e_gcc_rel.a(tc.o)
 .rodata.__func__.6798
                0x000865a5        0x9 C:\Users\payto\AppData\Local\arduino15\packages\arduino\hardware\sam\1.6.11\variants\arduino_due_x/libsam_sam3x8e_gcc_rel.a(tc.o)
 *fill*         0x000865ae        0x2 
 .rodata        0x000865b0       0x40 C:\Users\payto\AppData\Local\arduino15\packages\arduino\hardware\sam\1.6.11\variants\arduino_due_x/libsam_sam3x8e_gcc_rel.a(adc.o)
 .rodata.str1.1
                0x000865f0       0x19 C:\Users\payto\AppData\Local\Temp\VMBuilds\talus-apiv0.1\arduino_due_x_dbg\Debug/core.a(syscalls_sam3.c.o)
 .rodata.str1.1
                0x00086609        0xf C:\Users\payto\AppData\Local\Temp\VMBuilds\talus-apiv0.1\arduino_due_x_dbg\Debug/core.a(Print.cpp.o)
 .rodata.str1.1
                0x00000000        0x1 C:\Users\payto\AppData\Local\Temp\VMBuilds\talus-apiv0.1\arduino_due_x_dbg\Debug/core.a(Stream.cpp.o)
 .rodata._ZTV9UARTClass
                0x00086618       0x30 C:\Users\payto\AppData\Local\Temp\VMBuilds\talus-apiv0.1\arduino_due_x_dbg\Debug/core.a(UARTClass.cpp.o)
                0x00086618                vtable for UARTClass
 .rodata._ZTV10USARTClass
                0x00086648       0x30 C:\Users\payto\AppData\Local\Temp\VMBuilds\talus-apiv0.1\arduino_due_x_dbg\Debug/core.a(USARTClass.cpp.o)
                0x00086648                vtable for USARTClass
 .rodata.str1.1
                0x00000000        0x1 C:\Users\payto\AppData\Local\Temp\VMBuilds\talus-apiv0.1\arduino_due_x_dbg\Debug/core.a(WString.cpp.o)
 .rodata.STRING_PRODUCT
                0x00086678        0xc C:\Users\payto\AppData\Local\Temp\VMBuilds\talus-apiv0.1\arduino_due_x_dbg\Debug/core.a(USBCore.cpp.o)
                0x00086678                STRING_PRODUCT
 .rodata.USB_DeviceDescriptor
                0x00086684       0x12 C:\Users\payto\AppData\Local\Temp\VMBuilds\talus-apiv0.1\arduino_due_x_dbg\Debug/core.a(USBCore.cpp.o)
                0x00086684                USB_DeviceDescriptor
 .rodata.STRING_LANGUAGE
                0x00086696        0x4 C:\Users\payto\AppData\Local\Temp\VMBuilds\talus-apiv0.1\arduino_due_x_dbg\Debug/core.a(USBCore.cpp.o)
                0x00086696                STRING_LANGUAGE
 .rodata._ZL18test_packet_buffer
                0x0008669a       0x35 C:\Users\payto\AppData\Local\Temp\VMBuilds\talus-apiv0.1\arduino_due_x_dbg\Debug/core.a(USBCore.cpp.o)
 .rodata.STRING_MANUFACTURER
                0x000866cf        0xc C:\Users\payto\AppData\Local\Temp\VMBuilds\talus-apiv0.1\arduino_due_x_dbg\Debug/core.a(USBCore.cpp.o)
                0x000866cf                STRING_MANUFACTURER
 .rodata.USB_DeviceDescriptorA
                0x000866db       0x12 C:\Users\payto\AppData\Local\Temp\VMBuilds\talus-apiv0.1\arduino_due_x_dbg\Debug/core.a(USBCore.cpp.o)
                0x000866db                USB_DeviceDescriptorA
 .rodata._ZL19USB_DeviceQualifier
                0x000866ed        0x9 C:\Users\payto\AppData\Local\Temp\VMBuilds\talus-apiv0.1\arduino_due_x_dbg\Debug/core.a(USBCore.cpp.o)
 *fill*         0x000866f6        0x2 
 .rodata._ZTV7Serial_
                0x000866f8       0x28 C:\Users\payto\AppData\Local\Temp\VMBuilds\talus-apiv0.1\arduino_due_x_dbg\Debug/core.a(CDC.cpp.o)
                0x000866f8                vtable for Serial_
 .rodata._ZL18_cdcOtherInterface
                0x00086720       0x42 C:\Users\payto\AppData\Local\Temp\VMBuilds\talus-apiv0.1\arduino_due_x_dbg\Debug/core.a(CDC.cpp.o)
 .rodata._ZL13_cdcInterface
                0x00086762       0x42 C:\Users\payto\AppData\Local\Temp\VMBuilds\talus-apiv0.1\arduino_due_x_dbg\Debug/core.a(CDC.cpp.o)
 .rodata.str1.4
                0x000867a4       0x3f c:/users/payto/appdata/local/arduino15/packages/arduino/tools/arm-none-eabi-gcc/4.8.3-2014q1/bin/../lib/gcc/arm-none-eabi/4.8.3/../../../../arm-none-eabi/lib/armv7-m\libg.a(lib_a-assert.o)
                                 0x44 (size before relaxing)
 *fill*         0x000867e3        0x1 
 .rodata.str1.4
                0x000867e4        0x2 c:/users/payto/appdata/local/arduino15/packages/arduino/tools/arm-none-eabi-gcc/4.8.3-2014q1/bin/../lib/gcc/arm-none-eabi/4.8.3/../../../../arm-none-eabi/lib/armv7-m\libg.a(lib_a-impure.o)
                                  0x4 (size before relaxing)
 *fill*         0x000867e6        0x2 
 .rodata._global_impure_ptr
                0x000867e8        0x4 c:/users/payto/appdata/local/arduino15/packages/arduino/tools/arm-none-eabi-gcc/4.8.3-2014q1/bin/../lib/gcc/arm-none-eabi/4.8.3/../../../../arm-none-eabi/lib/armv7-m\libg.a(lib_a-impure.o)
                0x000867e8                _global_impure_ptr
 .rodata.blanks.6717
                0x000867ec       0x10 c:/users/payto/appdata/local/arduino15/packages/arduino/tools/arm-none-eabi-gcc/4.8.3-2014q1/bin/../lib/gcc/arm-none-eabi/4.8.3/../../../../arm-none-eabi/lib/armv7-m\libg.a(lib_a-vfiprintf.o)
 .rodata.str1.4
                0x000867fc       0x30 c:/users/payto/appdata/local/arduino15/packages/arduino/tools/arm-none-eabi-gcc/4.8.3-2014q1/bin/../lib/gcc/arm-none-eabi/4.8.3/../../../../arm-none-eabi/lib/armv7-m\libg.a(lib_a-vfiprintf.o)
 .rodata.zeroes.6718
                0x0008682c       0x10 c:/users/payto/appdata/local/arduino15/packages/arduino/tools/arm-none-eabi-gcc/4.8.3-2014q1/bin/../lib/gcc/arm-none-eabi/4.8.3/../../../../arm-none-eabi/lib/armv7-m\libg.a(lib_a-vfiprintf.o)
 .rodata._ctype_
                0x0008683c      0x104 c:/users/payto/appdata/local/arduino15/packages/arduino/tools/arm-none-eabi-gcc/4.8.3-2014q1/bin/../lib/gcc/arm-none-eabi/4.8.3/../../../../arm-none-eabi/lib/armv7-m\libg.a(lib_a-ctype_.o)
                0x0008683c                _ctype_
 *(.ARM.extab* .gnu.linkonce.armextab.*)
                0x00086940                . = ALIGN (0x4)
 *(.init)
 .init          0x00086940        0x4 c:/users/payto/appdata/local/arduino15/packages/arduino/tools/arm-none-eabi-gcc/4.8.3-2014q1/bin/../lib/gcc/arm-none-eabi/4.8.3/armv7-m/crti.o
                0x00086940                _init
 .init          0x00086944        0x8 c:/users/payto/appdata/local/arduino15/packages/arduino/tools/arm-none-eabi-gcc/4.8.3-2014q1/bin/../lib/gcc/arm-none-eabi/4.8.3/armv7-m/crtn.o
                0x0008694c                . = ALIGN (0x4)
                0x0008694c                __preinit_array_start = .
 *(.preinit_array)
                0x0008694c                __preinit_array_end = .
                0x0008694c                . = ALIGN (0x4)
                0x0008694c                __init_array_start = .
 *(SORT(.init_array.*))
 .init_array.00000
                0x0008694c        0x4 c:/users/payto/appdata/local/arduino15/packages/arduino/tools/arm-none-eabi-gcc/4.8.3-2014q1/bin/../lib/gcc/arm-none-eabi/4.8.3/../../../../arm-none-eabi/lib/armv7-m\libg.a(lib_a-__call_atexit.o)
 *(.init_array)
 .init_array    0x00086950        0x4 c:/users/payto/appdata/local/arduino15/packages/arduino/tools/arm-none-eabi-gcc/4.8.3-2014q1/bin/../lib/gcc/arm-none-eabi/4.8.3/armv7-m/crtbegin.o
 .init_array    0x00086954        0x4 talus-apiv0.1.cpp.o
 .init_array    0x00086958        0x4 C:\Users\payto\AppData\Local\Temp\VMBCore\arduino16x\5b87f04d4f6e7f8866df224fb123a9fa\variant\variant.cpp.o
 .init_array    0x0008695c        0x4 C:\Users\payto\AppData\Local\Temp\VMBuilds\talus-apiv0.1\arduino_due_x_dbg\Debug/core.a(USBCore.cpp.o)
 .init_array    0x00086960        0x4 C:\Users\payto\AppData\Local\Temp\VMBuilds\talus-apiv0.1\arduino_due_x_dbg\Debug/core.a(CDC.cpp.o)
                0x00086964                __init_array_end = .
                0x00086964                . = ALIGN (0x4)
 *crtbegin.o(.ctors)
 *(EXCLUDE_FILE(*crtend.o) .ctors)
 *(SORT(.ctors.*))
 *crtend.o(.ctors)
                0x00086964                . = ALIGN (0x4)
 *(.fini)
 .fini          0x00086964        0x4 c:/users/payto/appdata/local/arduino15/packages/arduino/tools/arm-none-eabi-gcc/4.8.3-2014q1/bin/../lib/gcc/arm-none-eabi/4.8.3/armv7-m/crti.o
                0x00086964                _fini
 .fini          0x00086968        0x8 c:/users/payto/appdata/local/arduino15/packages/arduino/tools/arm-none-eabi-gcc/4.8.3-2014q1/bin/../lib/gcc/arm-none-eabi/4.8.3/armv7-m/crtn.o
                0x00086970                . = ALIGN (0x4)
                0x00086970                __fini_array_start = .
 *(.fini_array)
 .fini_array    0x00086970        0x4 c:/users/payto/appdata/local/arduino15/packages/arduino/tools/arm-none-eabi-gcc/4.8.3-2014q1/bin/../lib/gcc/arm-none-eabi/4.8.3/armv7-m/crtbegin.o
 *(SORT(.fini_array.*))
                0x00086974                __fini_array_end = .
 *crtbegin.o(.dtors)
 *(EXCLUDE_FILE(*crtend.o) .dtors)
 *(SORT(.dtors.*))
 *crtend.o(.dtors)
                0x00086974                . = ALIGN (0x4)
                0x00086974                _efixed = .
                0x00086974                PROVIDE (__exidx_start, .)

.vfp11_veneer   0x00086974        0x0
 .vfp11_veneer  0x00000000        0x0 linker stubs

.v4_bx          0x00086974        0x0
 .v4_bx         0x00000000        0x0 linker stubs

.iplt           0x00086974        0x0
 .iplt          0x00000000        0x0 c:/users/payto/appdata/local/arduino15/packages/arduino/tools/arm-none-eabi-gcc/4.8.3-2014q1/bin/../lib/gcc/arm-none-eabi/4.8.3/armv7-m/crtbegin.o

.ARM.exidx      0x00086974        0x8
 *(.ARM.exidx* .gnu.linkonce.armexidx.*)
 .ARM.exidx     0x00086974        0x8 c:/users/payto/appdata/local/arduino15/packages/arduino/tools/arm-none-eabi-gcc/4.8.3-2014q1/bin/../lib/gcc/arm-none-eabi/4.8.3/armv7-m\libgcc.a(_divdi3.o)
 .ARM.exidx     0x0008697c        0x0 c:/users/payto/appdata/local/arduino15/packages/arduino/tools/arm-none-eabi-gcc/4.8.3-2014q1/bin/../lib/gcc/arm-none-eabi/4.8.3/armv7-m\libgcc.a(_udivdi3.o)
                                  0x8 (size before relaxing)
                0x0008697c                PROVIDE (__exidx_end, .)

.eh_frame       0x0008697c        0x0
 .eh_frame      0x0008697c        0x0 c:/users/payto/appdata/local/arduino15/packages/arduino/tools/arm-none-eabi-gcc/4.8.3-2014q1/bin/../lib/gcc/arm-none-eabi/4.8.3/armv7-m/crtbegin.o

.rel.dyn        0x0008697c        0x0
 .rel.iplt      0x00000000        0x0 c:/users/payto/appdata/local/arduino15/packages/arduino/tools/arm-none-eabi-gcc/4.8.3-2014q1/bin/../lib/gcc/arm-none-eabi/4.8.3/armv7-m/crtbegin.o

.jcr            0x0008697c        0x0
 .jcr           0x0008697c        0x0 c:/users/payto/appdata/local/arduino15/packages/arduino/tools/arm-none-eabi-gcc/4.8.3-2014q1/bin/../lib/gcc/arm-none-eabi/4.8.3/armv7-m/crtbegin.o

.igot.plt       0x0008697c        0x0
 .igot.plt      0x00000000        0x0 c:/users/payto/appdata/local/arduino15/packages/arduino/tools/arm-none-eabi-gcc/4.8.3-2014q1/bin/../lib/gcc/arm-none-eabi/4.8.3/armv7-m/crtbegin.o
                0x0008697c                . = ALIGN (0x4)
                0x0008697c                _etext = .

.relocate       0x20070000      0x8d8 load address 0x0008697c
                0x20070000                . = ALIGN (0x4)
                0x20070000                _srelocate = .
 *(.ramfunc .ramfunc.*)
 .ramfunc       0x20070000       0x2c C:\Users\payto\AppData\Local\Temp\VMBuilds\talus-apiv0.1\arduino_due_x_dbg\Debug/core.a(Reset.cpp.o)
                0x20070000                banzai
 *(.data .data.*)
 .data          0x2007002c        0x4 c:/users/payto/appdata/local/arduino15/packages/arduino/tools/arm-none-eabi-gcc/4.8.3-2014q1/bin/../lib/gcc/arm-none-eabi/4.8.3/armv7-m/crtbegin.o
                0x2007002c                __dso_handle
 .data.SystemCoreClock
                0x20070030        0x4 C:\Users\payto\AppData\Local\arduino15\packages\arduino\hardware\sam\1.6.11\variants\arduino_due_x/libsam_sam3x8e_gcc_rel.a(system_sam3xa.o)
                0x20070030                SystemCoreClock
 .data._ZL5ticks
                0x20070034        0x4 C:\Users\payto\AppData\Local\Temp\VMBuilds\talus-apiv0.1\arduino_due_x_dbg\Debug/core.a(Reset.cpp.o)
 .data.EndPoints
                0x20070038       0x28 C:\Users\payto\AppData\Local\Temp\VMBuilds\talus-apiv0.1\arduino_due_x_dbg\Debug/core.a(USBCore.cpp.o)
                0x20070038                EndPoints
 .data._ZL10breakValue
                0x20070060        0x4 C:\Users\payto\AppData\Local\Temp\VMBuilds\talus-apiv0.1\arduino_due_x_dbg\Debug/core.a(CDC.cpp.o)
 .data._ZL12_usbLineInfo
                0x20070064        0x8 C:\Users\payto\AppData\Local\Temp\VMBuilds\talus-apiv0.1\arduino_due_x_dbg\Debug/core.a(CDC.cpp.o)
 .data.g_interrupt_enabled
                0x2007006c        0x4 C:\Users\payto\AppData\Local\arduino15\packages\arduino\hardware\sam\1.6.11\variants\arduino_due_x/libsam_sam3x8e_gcc_rel.a(interrupt_sam_nvic.o)
                0x2007006c                g_interrupt_enabled
 .data.impure_data
                0x20070070      0x428 c:/users/payto/appdata/local/arduino15/packages/arduino/tools/arm-none-eabi-gcc/4.8.3-2014q1/bin/../lib/gcc/arm-none-eabi/4.8.3/../../../../arm-none-eabi/lib/armv7-m\libg.a(lib_a-impure.o)
 .data._impure_ptr
                0x20070498        0x4 c:/users/payto/appdata/local/arduino15/packages/arduino/tools/arm-none-eabi-gcc/4.8.3-2014q1/bin/../lib/gcc/arm-none-eabi/4.8.3/../../../../arm-none-eabi/lib/armv7-m\libg.a(lib_a-impure.o)
                0x20070498                _impure_ptr
 .data.__malloc_av_
                0x2007049c      0x408 c:/users/payto/appdata/local/arduino15/packages/arduino/tools/arm-none-eabi-gcc/4.8.3-2014q1/bin/../lib/gcc/arm-none-eabi/4.8.3/../../../../arm-none-eabi/lib/armv7-m\libg.a(lib_a-mallocr.o)
                0x2007049c                __malloc_av_
 .data.__malloc_trim_threshold
                0x200708a4        0x4 c:/users/payto/appdata/local/arduino15/packages/arduino/tools/arm-none-eabi-gcc/4.8.3-2014q1/bin/../lib/gcc/arm-none-eabi/4.8.3/../../../../arm-none-eabi/lib/armv7-m\libg.a(lib_a-mallocr.o)
                0x200708a4                __malloc_trim_threshold
 .data.__malloc_sbrk_base
                0x200708a8        0x4 c:/users/payto/appdata/local/arduino15/packages/arduino/tools/arm-none-eabi-gcc/4.8.3-2014q1/bin/../lib/gcc/arm-none-eabi/4.8.3/../../../../arm-none-eabi/lib/armv7-m\libg.a(lib_a-mallocr.o)
                0x200708a8                __malloc_sbrk_base
 .data.__ctype_ptr__
                0x200708ac        0x4 c:/users/payto/appdata/local/arduino15/packages/arduino/tools/arm-none-eabi-gcc/4.8.3-2014q1/bin/../lib/gcc/arm-none-eabi/4.8.3/../../../../arm-none-eabi/lib/armv7-m\libg.a(lib_a-ctype_.o)
                0x200708ac                __ctype_ptr__
 .data.lc_ctype_charset
                0x200708b0       0x20 c:/users/payto/appdata/local/arduino15/packages/arduino/tools/arm-none-eabi-gcc/4.8.3-2014q1/bin/../lib/gcc/arm-none-eabi/4.8.3/../../../../arm-none-eabi/lib/armv7-m\libg.a(lib_a-locale.o)
 .data.__mb_cur_max
                0x200708d0        0x4 c:/users/payto/appdata/local/arduino15/packages/arduino/tools/arm-none-eabi-gcc/4.8.3-2014q1/bin/../lib/gcc/arm-none-eabi/4.8.3/../../../../arm-none-eabi/lib/armv7-m\libg.a(lib_a-locale.o)
                0x200708d0                __mb_cur_max
 .data.__wctomb
                0x200708d4        0x4 c:/users/payto/appdata/local/arduino15/packages/arduino/tools/arm-none-eabi-gcc/4.8.3-2014q1/bin/../lib/gcc/arm-none-eabi/4.8.3/../../../../arm-none-eabi/lib/armv7-m\libg.a(lib_a-wctomb_r.o)
                0x200708d4                __wctomb
                0x200708d8                . = ALIGN (0x4)
                0x200708d8                _erelocate = .

.bss            0x200708d8      0xaf0 load address 0x00087254
                0x200708d8                . = ALIGN (0x4)
                0x200708d8                _sbss = .
                0x200708d8                _szero = .
 *(.bss .bss.*)
 .bss           0x200708d8       0x1c c:/users/payto/appdata/local/arduino15/packages/arduino/tools/arm-none-eabi-gcc/4.8.3-2014q1/bin/../lib/gcc/arm-none-eabi/4.8.3/armv7-m/crtbegin.o
 .bss.tempString
                0x200708f4        0xc talus-apiv0.1.cpp.o
                0x200708f4                tempString
 .bss.functionList
                0x20070900       0x78 talus-apiv0.1.cpp.o
                0x20070900                functionList
 .bss.servonum  0x20070978        0x4 talus-apiv0.1.cpp.o
                0x20070978                servonum
 .bss.argArray  0x2007097c       0x3c talus-apiv0.1.cpp.o
                0x2007097c                argArray
 .bss.servos    0x200709b8       0x18 talus-apiv0.1.cpp.o
                0x200709b8                servos
 .bss.ServoCount
                0x200709d0        0x1 Servo\sam\Servo.cpp.o
                0x200709d0                ServoCount
 .bss._ZL7Channel
                0x200709d1        0x5 Servo\sam\Servo.cpp.o
 *fill*         0x200709d6        0x2 
 .bss._ZL6servos
                0x200709d8      0x1e0 Servo\sam\Servo.cpp.o
 .bss.tx_buffer2
                0x20070bb8       0x88 C:\Users\payto\AppData\Local\Temp\VMBCore\arduino16x\5b87f04d4f6e7f8866df224fb123a9fa\variant\variant.cpp.o
                0x20070bb8                tx_buffer2
 .bss.tx_buffer1
                0x20070c40       0x88 C:\Users\payto\AppData\Local\Temp\VMBCore\arduino16x\5b87f04d4f6e7f8866df224fb123a9fa\variant\variant.cpp.o
                0x20070c40                tx_buffer1
 .bss.Serial    0x20070cc8       0x24 C:\Users\payto\AppData\Local\Temp\VMBCore\arduino16x\5b87f04d4f6e7f8866df224fb123a9fa\variant\variant.cpp.o
                0x20070cc8                Serial
 .bss.rx_buffer1
                0x20070cec       0x88 C:\Users\payto\AppData\Local\Temp\VMBCore\arduino16x\5b87f04d4f6e7f8866df224fb123a9fa\variant\variant.cpp.o
                0x20070cec                rx_buffer1
 .bss.Serial1   0x20070d74       0x28 C:\Users\payto\AppData\Local\Temp\VMBCore\arduino16x\5b87f04d4f6e7f8866df224fb123a9fa\variant\variant.cpp.o
                0x20070d74                Serial1
 .bss.Serial2   0x20070d9c       0x28 C:\Users\payto\AppData\Local\Temp\VMBCore\arduino16x\5b87f04d4f6e7f8866df224fb123a9fa\variant\variant.cpp.o
                0x20070d9c                Serial2
 .bss.Serial3   0x20070dc4       0x28 C:\Users\payto\AppData\Local\Temp\VMBCore\arduino16x\5b87f04d4f6e7f8866df224fb123a9fa\variant\variant.cpp.o
                0x20070dc4                Serial3
 .bss.tx_buffer3
                0x20070dec       0x88 C:\Users\payto\AppData\Local\Temp\VMBCore\arduino16x\5b87f04d4f6e7f8866df224fb123a9fa\variant\variant.cpp.o
                0x20070dec                tx_buffer3
 .bss.tx_buffer4
                0x20070e74       0x88 C:\Users\payto\AppData\Local\Temp\VMBCore\arduino16x\5b87f04d4f6e7f8866df224fb123a9fa\variant\variant.cpp.o
                0x20070e74                tx_buffer4
 .bss.g_pinStatus
                0x20070efc       0x4f C:\Users\payto\AppData\Local\Temp\VMBCore\arduino16x\5b87f04d4f6e7f8866df224fb123a9fa\variant\variant.cpp.o
                0x20070efc                g_pinStatus
 *fill*         0x20070f4b        0x1 
 .bss.rx_buffer2
                0x20070f4c       0x88 C:\Users\payto\AppData\Local\Temp\VMBCore\arduino16x\5b87f04d4f6e7f8866df224fb123a9fa\variant\variant.cpp.o
                0x20070f4c                rx_buffer2
 .bss.rx_buffer3
                0x20070fd4       0x88 C:\Users\payto\AppData\Local\Temp\VMBCore\arduino16x\5b87f04d4f6e7f8866df224fb123a9fa\variant\variant.cpp.o
                0x20070fd4                rx_buffer3
 .bss.rx_buffer4
                0x2007105c       0x88 C:\Users\payto\AppData\Local\Temp\VMBCore\arduino16x\5b87f04d4f6e7f8866df224fb123a9fa\variant\variant.cpp.o
                0x2007105c                rx_buffer4
 .bss.gpf_isr   0x200710e4        0x4 C:\Users\payto\AppData\Local\arduino15\packages\arduino\hardware\sam\1.6.11\variants\arduino_due_x/libsam_sam3x8e_gcc_rel.a(uotghs.o)
                0x200710e4                gpf_isr
 .bss.heap.6420
                0x200710e8        0x4 C:\Users\payto\AppData\Local\Temp\VMBuilds\talus-apiv0.1\arduino_due_x_dbg\Debug/core.a(syscalls_sam3.c.o)
 .bss._ZZN6StringixEjE19dummy_writable_char
                0x200710ec        0x1 C:\Users\payto\AppData\Local\Temp\VMBuilds\talus-apiv0.1\arduino_due_x_dbg\Debug/core.a(WString.cpp.o)
 *fill*         0x200710ed        0x1 
 .bss._cmark    0x200710ee        0x2 C:\Users\payto\AppData\Local\Temp\VMBuilds\talus-apiv0.1\arduino_due_x_dbg\Debug/core.a(USBCore.cpp.o)
                0x200710ee                _cmark
 .bss._ZL14isEndpointHalt
                0x200710f0        0x1 C:\Users\payto\AppData\Local\Temp\VMBuilds\talus-apiv0.1\arduino_due_x_dbg\Debug/core.a(USBCore.cpp.o)
 *fill*         0x200710f1        0x3 
 .bss._cdcComposite
                0x200710f4        0x4 C:\Users\payto\AppData\Local\Temp\VMBuilds\talus-apiv0.1\arduino_due_x_dbg\Debug/core.a(USBCore.cpp.o)
                0x200710f4                _cdcComposite
 .bss._ZL21isRemoteWakeUpEnabled
                0x200710f8        0x1 C:\Users\payto\AppData\Local\Temp\VMBuilds\talus-apiv0.1\arduino_due_x_dbg\Debug/core.a(USBCore.cpp.o)
 *fill*         0x200710f9        0x3 
 .bss._usbInitialized
                0x200710fc        0x4 C:\Users\payto\AppData\Local\Temp\VMBuilds\talus-apiv0.1\arduino_due_x_dbg\Debug/core.a(USBCore.cpp.o)
                0x200710fc                _usbInitialized
 .bss.USBDevice
                0x20071100        0x1 C:\Users\payto\AppData\Local\Temp\VMBuilds\talus-apiv0.1\arduino_due_x_dbg\Debug/core.a(USBCore.cpp.o)
                0x20071100                USBDevice
 *fill*         0x20071101        0x3 
 .bss._usbSetInterface
                0x20071104        0x4 C:\Users\payto\AppData\Local\Temp\VMBuilds\talus-apiv0.1\arduino_due_x_dbg\Debug/core.a(USBCore.cpp.o)
                0x20071104                _usbSetInterface
 .bss._cend     0x20071108        0x2 C:\Users\payto\AppData\Local\Temp\VMBuilds\talus-apiv0.1\arduino_due_x_dbg\Debug/core.a(USBCore.cpp.o)
                0x20071108                _cend
 *fill*         0x2007110a        0x2 
 .bss._usbConfiguration
                0x2007110c        0x4 C:\Users\payto\AppData\Local\Temp\VMBuilds\talus-apiv0.1\arduino_due_x_dbg\Debug/core.a(USBCore.cpp.o)
                0x2007110c                _usbConfiguration
 .bss.cdc_rx_buffer
                0x20071110      0x208 C:\Users\payto\AppData\Local\Temp\VMBuilds\talus-apiv0.1\arduino_due_x_dbg\Debug/core.a(CDC.cpp.o)
                0x20071110                cdc_rx_buffer
 .bss._ZZN7Serial_6acceptEvE5guard
                0x20071318        0x4 C:\Users\payto\AppData\Local\Temp\VMBuilds\talus-apiv0.1\arduino_due_x_dbg\Debug/core.a(CDC.cpp.o)
 .bss.SerialUSB
                0x2007131c       0x14 C:\Users\payto\AppData\Local\Temp\VMBuilds\talus-apiv0.1\arduino_due_x_dbg\Debug/core.a(CDC.cpp.o)
                0x2007131c                SerialUSB
 .bss._ZZ12PluggableUSBvE3obj
                0x20071330        0x8 C:\Users\payto\AppData\Local\Temp\VMBuilds\talus-apiv0.1\arduino_due_x_dbg\Debug/core.a(PluggableUSB.cpp.o)
 .bss._ZGVZ12PluggableUSBvE3obj
                0x20071338        0x4 C:\Users\payto\AppData\Local\Temp\VMBuilds\talus-apiv0.1\arduino_due_x_dbg\Debug/core.a(PluggableUSB.cpp.o)
 .bss._dwTickCount
                0x2007133c        0x4 C:\Users\payto\AppData\Local\arduino15\packages\arduino\hardware\sam\1.6.11\variants\arduino_due_x/libsam_sam3x8e_gcc_rel.a(timetick.o)
 .bss.ul_recv_fifo_ptr
                0x20071340       0x28 C:\Users\payto\AppData\Local\arduino15\packages\arduino\hardware\sam\1.6.11\variants\arduino_due_x/libsam_sam3x8e_gcc_rel.a(uotghs_device.o)
 .bss.ul_send_fifo_ptr
                0x20071368       0x28 C:\Users\payto\AppData\Local\arduino15\packages\arduino\hardware\sam\1.6.11\variants\arduino_due_x/libsam_sam3x8e_gcc_rel.a(uotghs_device.o)
 .bss.__malloc_max_total_mem
                0x20071390        0x4 c:/users/payto/appdata/local/arduino15/packages/arduino/tools/arm-none-eabi-gcc/4.8.3-2014q1/bin/../lib/gcc/arm-none-eabi/4.8.3/../../../../arm-none-eabi/lib/armv7-m\libg.a(lib_a-mallocr.o)
                0x20071390                __malloc_max_total_mem
 .bss.__malloc_max_sbrked_mem
                0x20071394        0x4 c:/users/payto/appdata/local/arduino15/packages/arduino/tools/arm-none-eabi-gcc/4.8.3-2014q1/bin/../lib/gcc/arm-none-eabi/4.8.3/../../../../arm-none-eabi/lib/armv7-m\libg.a(lib_a-mallocr.o)
                0x20071394                __malloc_max_sbrked_mem
 .bss.__malloc_top_pad
                0x20071398        0x4 c:/users/payto/appdata/local/arduino15/packages/arduino/tools/arm-none-eabi-gcc/4.8.3-2014q1/bin/../lib/gcc/arm-none-eabi/4.8.3/../../../../arm-none-eabi/lib/armv7-m\libg.a(lib_a-mallocr.o)
                0x20071398                __malloc_top_pad
 .bss.__malloc_current_mallinfo
                0x2007139c       0x28 c:/users/payto/appdata/local/arduino15/packages/arduino/tools/arm-none-eabi-gcc/4.8.3-2014q1/bin/../lib/gcc/arm-none-eabi/4.8.3/../../../../arm-none-eabi/lib/armv7-m\libg.a(lib_a-mallocr.o)
                0x2007139c                __malloc_current_mallinfo
 *(COMMON)
 COMMON         0x200713c4        0x4 c:/users/payto/appdata/local/arduino15/packages/arduino/tools/arm-none-eabi-gcc/4.8.3-2014q1/bin/../lib/gcc/arm-none-eabi/4.8.3/../../../../arm-none-eabi/lib/armv7-m\libg.a(lib_a-reent.o)
                0x200713c4                errno
                0x200713c8                . = ALIGN (0x4)
                0x200713c8                _ebss = .
                0x200713c8                _ezero = .